Component: ARM Compiler 5.05 update 1 (build 106) Tool: armlink [4d0efa]

==============================================================================

Section Cross References

    startup_stm32f40_41xxx.o(STACK) refers (Special) to heapauxi.o(.text) for __use_two_region_memory
    startup_stm32f40_41xxx.o(HEAP) refers (Special) to heapauxi.o(.text) for __use_two_region_memory
    startup_stm32f40_41xxx.o(RESET) refers (Special) to heapauxi.o(.text) for __use_two_region_memory
    startup_stm32f40_41xxx.o(RESET) refers to startup_stm32f40_41xxx.o(STACK) for __initial_sp
    startup_stm32f40_41xxx.o(RESET) refers to startup_stm32f40_41xxx.o(.text) for Reset_Handler
    startup_stm32f40_41xxx.o(RESET) refers to stm32f4xx_it.o(.text) for NMI_Handler
    startup_stm32f40_41xxx.o(RESET) refers to tm_stm32f4_exti.o(.text) for EXTI0_IRQHandler
    startup_stm32f40_41xxx.o(RESET) refers to tm_stm32f4_usart_1.o(.text) for USART1_IRQHandler
    startup_stm32f40_41xxx.o(RESET) refers to fatfs_sd_sdio.o(.text) for SDIO_IRQHandler
    startup_stm32f40_41xxx.o(.text) refers (Special) to heapauxi.o(.text) for __use_two_region_memory
    startup_stm32f40_41xxx.o(.text) refers to system_stm32f4xx.o(.text) for SystemInit
    startup_stm32f40_41xxx.o(.text) refers to __main.o(!!!main) for __main
    startup_stm32f40_41xxx.o(.text) refers to startup_stm32f40_41xxx.o(HEAP) for Heap_Mem
    startup_stm32f40_41xxx.o(.text) refers to startup_stm32f40_41xxx.o(STACK) for Stack_Mem
    stm32f4xx_rcc.o(.text) refers to stm32f4xx_rcc.o(.data) for .data
    stm32f4xx_gpio.o(.text) refers to stm32f4xx_rcc.o(.text) for RCC_AHB1PeriphResetCmd
    stm32f4xx_sdio.o(.text) refers to stm32f4xx_rcc.o(.text) for RCC_APB2PeriphResetCmd
    stm32f4xx_usart.o(.text) refers to stm32f4xx_rcc.o(.text) for RCC_APB2PeriphResetCmd
    stm32f4xx_adc.o(.text) refers to stm32f4xx_rcc.o(.text) for RCC_APB2PeriphResetCmd
    tm_stm32f4_disco.o(.text) refers to tm_stm32f4_gpio.o(.text) for TM_GPIO_Init
    tm_stm32f4_disco.o(.text) refers to tm_stm32f4_disco.o(.data) for .data
    tm_stm32f4_fatfs_1.o(.text) refers to ff.o(.text) for f_getfree
    tm_stm32f4_fatfs_1.o(.text) refers to dflt_clz.o(x$fpl$dfltu) for __aeabi_ui2d
    tm_stm32f4_fatfs_1.o(.text) refers to dmul.o(x$fpl$dmul) for __aeabi_dmul
    tm_stm32f4_fatfs_1.o(.text) refers to dfixu.o(x$fpl$dfixu) for __aeabi_d2uiz
    tm_stm32f4_gpio.o(.text) refers to tm_stm32f4_gpio.o(.bss) for .bss
    tm_stm32f4_usart_1.o(.text) refers to tm_stm32f4_gpio.o(.text) for TM_GPIO_InitAlternate
    tm_stm32f4_usart_1.o(.text) refers to stm32f4xx_usart.o(.text) for USART_DeInit
    tm_stm32f4_usart_1.o(.text) refers to misc.o(.text) for NVIC_Init
    tm_stm32f4_usart_1.o(.text) refers to tm_stm32f4_usart_1.o(.data) for .data
    tm_stm32f4_usart_1.o(.text) refers (Weak) to main.o(.text) for TM_USART3_ReceiveHandler
    tm_stm32f4_usart_1.o(.text) refers (Weak) to main.o(.text) for TM_USART6_ReceiveHandler
    tm_stm32f4_usart_1.o(.data) refers to tm_stm32f4_usart_1.o(.bss) for TM_USART1_Buffer
    tm_stm32f4_usart_1.o(.data) refers to tm_stm32f4_usart_1.o(.bss) for TM_USART2_Buffer
    tm_stm32f4_usart_1.o(.data) refers to tm_stm32f4_usart_1.o(.bss) for TM_USART3_Buffer
    tm_stm32f4_usart_1.o(.data) refers to tm_stm32f4_usart_1.o(.bss) for TM_UART4_Buffer
    tm_stm32f4_usart_1.o(.data) refers to tm_stm32f4_usart_1.o(.bss) for TM_UART5_Buffer
    tm_stm32f4_usart_1.o(.data) refers to tm_stm32f4_usart_1.o(.bss) for TM_USART6_Buffer
    tm_stm32f4_adc.o(.text) refers to stm32f4xx_adc.o(.text) for ADC_CommonInit
    tm_stm32f4_adc.o(.text) refers to tm_stm32f4_gpio.o(.text) for TM_GPIO_Init
    tm_stm32f4_delay.o(.text) refers to h1_alloc.o(.text) for malloc
    tm_stm32f4_delay.o(.text) refers to h1_free.o(.text) for free
    tm_stm32f4_delay.o(.text) refers to tm_stm32f4_delay.o(.data) for .data
    tm_stm32f4_delay.o(.text) refers to tm_stm32f4_delay.o(.bss) for .bss
    tm_stm32f4_delay.o(.text) refers to system_stm32f4xx.o(.data) for SystemCoreClock
    tm_stm32f4_exti.o(.text) refers to tm_stm32f4_gpio.o(.text) for TM_GPIO_Init
    tm_stm32f4_exti.o(.text) refers to misc.o(.text) for NVIC_Init
    tm_stm32f4_exti.o(.text) refers (Weak) to main.o(.text) for TM_EXTI_Handler
    tm_stm32f4_exti.o(.text) refers (Weak) to main.o(.text) for TM_EXTI_Handler
    tm_stm32f4_exti.o(.text) refers (Weak) to main.o(.text) for TM_EXTI_Handler
    tm_stm32f4_exti.o(.text) refers (Weak) to main.o(.text) for TM_EXTI_Handler
    tm_stm32f4_exti.o(.text) refers (Weak) to main.o(.text) for TM_EXTI_Handler
    tm_stm32f4_exti.o(.text) refers (Weak) to main.o(.text) for TM_EXTI_Handler
    tm_stm32f4_exti.o(.text) refers (Weak) to main.o(.text) for TM_EXTI_Handler
    tm_stm32f4_exti.o(.text) refers (Weak) to main.o(.text) for TM_EXTI_Handler
    tm_stm32f4_exti.o(.text) refers (Weak) to main.o(.text) for TM_EXTI_Handler
    tm_stm32f4_exti.o(.text) refers (Weak) to main.o(.text) for TM_EXTI_Handler
[...]
    str                                      0x080081b0   Data          36  ff.o(.constdata)
    vst                                      0x080081d4   Data          22  ff.o(.constdata)
    cst                                      0x080081ea   Data          22  ff.o(.constdata)
    .constdata                               0x08008200   Section     1216  unicode.o(.constdata)
    Tbl                                      0x08008200   Data         256  unicode.o(.constdata)
    tbl_lower                                0x08008300   Data         480  unicode.o(.constdata)
    tbl_upper                                0x080084e0   Data         480  unicode.o(.constdata)
    .constdata                               0x080086c0   Section       40  _printf_hex_int.o(.constdata)
    uc_hextab                                0x080086c0   Data          20  _printf_hex_int.o(.constdata)
    lc_hextab                                0x080086d4   Data          20  _printf_hex_int.o(.constdata)
    .constdata                               0x080086e8   Section       17  __printf_flags_wp.o(.constdata)
    maptable                                 0x080086e8   Data          17  __printf_flags_wp.o(.constdata)
    .conststring                             0x080086fc   Section       66  ff.o(.conststring)
    .data                                    0x20000000   Section       16  stm32f4xx_rcc.o(.data)
    APBAHBPrescTable                         0x20000000   Data          16  stm32f4xx_rcc.o(.data)
    .data                                    0x20000010   Section       96  tm_stm32f4_usart_1.o(.data)
    .data                                    0x20000070   Section       16  tm_stm32f4_delay.o(.data)
    .data                                    0x20000080   Section        7  tm_stm32f4_hd44780.o(.data)
    HD44780_Opts                             0x20000080   Data           7  tm_stm32f4_hd44780.o(.data)
    .data                                    0x20000088   Section       83  main.o(.data)
    cnt                                      0x20000095   Data           1  main.o(.data)
    cnt                                      0x20000096   Data           1  main.o(.data)
    .data                                    0x200000dc   Section       20  system_stm32f4xx.o(.data)
    .data                                    0x200000f0   Section      180  diskio.o(.data)
    .data                                    0x200001a4   Section        4  ff.o(.data)
    CurrVol                                  0x200001a4   Data           1  ff.o(.data)
    Fsid                                     0x200001a6   Data           2  ff.o(.data)
    .data                                    0x200001a8   Section       24  fatfs_sd_sdio.o(.data)
    TM_FATFS_SD_SDIO_Stat                    0x200001a9   Data           1  fatfs_sd_sdio.o(.data)
    CardType                                 0x200001ac   Data           4  fatfs_sd_sdio.o(.data)
    RCA                                      0x200001b0   Data           4  fatfs_sd_sdio.o(.data)
    .bss                                     0x200001c0   Section       22  tm_stm32f4_gpio.o(.bss)
    GPIO_UsedPins                            0x200001c0   Data          22  tm_stm32f4_gpio.o(.bss)
    .bss                                     0x200001d6   Section       32  tm_stm32f4_usart_1.o(.bss)
    .bss                                     0x200001f6   Section       32  tm_stm32f4_usart_1.o(.bss)
    .bss                                     0x20000216   Section       32  tm_stm32f4_usart_1.o(.bss)
    .bss                                     0x20000236   Section       32  tm_stm32f4_usart_1.o(.bss)
    .bss                                     0x20000256   Section       32  tm_stm32f4_usart_1.o(.bss)
    .bss                                     0x20000276   Section       32  tm_stm32f4_usart_1.o(.bss)
    .bss                                     0x20000298   Section       24  tm_stm32f4_delay.o(.bss)
    CustomTimers                             0x20000298   Data          24  tm_stm32f4_delay.o(.bss)
    .bss                                     0x200002b0   Section      120  main.o(.bss)
    .bss                                     0x20000328   Section       36  ff.o(.bss)
    FatFs                                    0x20000328   Data          36  ff.o(.bss)
    .bss                                     0x20000350   Section      204  fatfs_sd_sdio.o(.bss)
    CSD_Tab                                  0x20000350   Data          16  fatfs_sd_sdio.o(.bss)
    CID_Tab                                  0x20000360   Data          16  fatfs_sd_sdio.o(.bss)
    SDSTATUS_Tab                             0x20000370   Data          16  fatfs_sd_sdio.o(.bss)
    .bss                                     0x2000041c   Section       96  libspace.o(.bss)
    HEAP                                     0x20000480   Section     1024  startup_stm32f40_41xxx.o(HEAP)
    Heap_Mem                                 0x20000480   Data        1024  startup_stm32f40_41xxx.o(HEAP)
    STACK                                    0x20000880   Section     1024  startup_stm32f40_41xxx.o(STACK)
    Stack_Mem                                0x20000880   Data        1024  startup_stm32f40_41xxx.o(STACK)
    __initial_sp                             0x20000c80   Data           0  startup_stm32f40_41xxx.o(STACK)

    Global Symbols

    Symbol Name                              Value     Ov Type        Size  Object(Section)

    BuildAttributes$$THM_ISAv4$E$P$D$K$B$S$7EM$VFPi3$EXTD16$VFPS$VFMA$PE$A:L22UL41UL21$X:L11$S22US41US21$IEEE1$IW$USESV6$~STKCKD$USESV7$~SHL$OTIME$ROPI$EBA8$UX$STANDARDLIB$REQ8$PRES8$EABIv2 0x00000000   Number         0  anon$$obj.o ABSOLUTE
    __ARM_use_no_argv                        0x00000000   Number         0  main.o ABSOLUTE
    _printf_flags                            0x00000000   Number         0  printf_stubs.o ABSOLUTE
    _printf_return_value                     0x00000000   Number         0  printf_stubs.o ABSOLUTE
    _printf_sizespec                         0x00000000   Number         0  printf_stubs.o ABSOLUTE
    _printf_widthprec                        0x00000000   Number         0  printf_stubs.o ABSOLUTE
    TM_DELAY_1msHandler                       - Undefined Weak Reference
    __ARM_exceptions_init                     - Undefined Weak Reference
    __alloca_initialize                       - Undefined Weak Reference
    __arm_preinit_                            - Undefined Weak Reference
    __cpp_initialize__aeabi_                  - Undefined Weak Reference
    __cxa_finalize                            - Undefined Weak Reference
    __rt_locale                               - Undefined Weak Reference
    __sigvec_lookup                           - Undefined Weak Reference
    __user_heap_extent                        - Undefined Weak Reference
    _atexit_init                              - Undefined Weak Reference
    _call_atexit_fns                          - Undefined Weak Reference
    _clock_init                               - Undefined Weak Reference
    _fp_trap_init                             - Undefined Weak Reference
    _fp_trap_shutdown                         - Undefined Weak Reference
    _get_lc_collate                           - Undefined Weak Reference
    _get_lc_ctype                             - Undefined Weak Reference
    _get_lc_monetary                          - Undefined Weak Reference
    _get_lc_numeric                           - Undefined Weak Reference
    _get_lc_time                              - Undefined Weak Reference
    _getenv_init                              - Undefined Weak Reference
    _handle_redirection                       - Undefined Weak Reference
    _initio                                   - Undefined Weak Reference
    _mutex_acquire                            - Undefined Weak Reference
    _mutex_free                               - Undefined Weak Reference
    _mutex_release                            - Undefined Weak Reference
    _printf_truncate_signed                   - Undefined Weak Reference
    _printf_truncate_unsigned                 - Undefined Weak Reference
    _rand_init                                - Undefined Weak Reference
    _signal_finish                            - Undefined Weak Reference
    _signal_init                              - Undefined Weak Reference
    _terminateio                              - Undefined Weak Reference
    __Vectors_Size                           0x00000188   Number         0  startup_stm32f40_41xxx.o ABSOLUTE
    __Vectors                                0x08000000   Data           4  startup_stm32f40_41xxx.o(RESET)
    __Vectors_End                            0x08000188   Data           0  startup_stm32f40_41xxx.o(RESET)
    __main                                   0x08000189   Thumb Code     8  __main.o(!!!main)
    __scatterload                            0x08000191   Thumb Code     0  __scatter.o(!!!scatter)
    __scatterload_rt2                        0x08000191   Thumb Code    44  __scatter.o(!!!scatter)
    __scatterload_rt2_thumb_only             0x08000191   Thumb Code     0  __scatter.o(!!!scatter)
    __scatterload_null                       0x0800019f   Thumb Code     0  __scatter.o(!!!scatter)
    __decompress                             0x080001c5   Thumb Code    90  __dczerorl2.o(!!dczerorl2)
    __decompress1                            0x080001c5   Thumb Code     0  __dczerorl2.o(!!dczerorl2)
    __scatterload_zeroinit                   0x08000221   Thumb Code    28  __scatter_zi.o(!!handler_zi)
    _printf_d                                0x0800023d   Thumb Code     0  _printf_d.o(.ARM.Collect$$_printf_percent$$00000009)
    _printf_percent                          0x0800023d   Thumb Code     0  _printf_percent.o(.ARM.Collect$$_printf_percent$$00000000)
    _printf_x                                0x08000243   Thumb Code     0  _printf_x.o(.ARM.Collect$$_printf_percent$$0000000C)
    _printf_percent_end                      0x08000249   Thumb Code     0  _printf_percent_end.o(.ARM.Collect$$_printf_percent$$00000017)
    __rt_lib_init                            0x0800024d   Thumb Code     0  libinit.o(.ARM.Collect$$libinit$$00000000)
    __rt_lib_init_fp_1                       0x0800024f   Thumb Code     0  libinit2.o(.ARM.Collect$$libinit$$00000001)
    __rt_lib_init_heap_2                     0x08000253   Thumb Code     0  libinit2.o(.ARM.Collect$$libinit$$00000005)
    __rt_lib_init_preinit_1                  0x08000253   Thumb Code     0  libinit2.o(.ARM.Collect$$libinit$$00000004)
    __rt_lib_init_alloca_1                   0x0800025b   Thumb Code     0  libinit2.o(.ARM.Collect$$libinit$$0000002E)
    __rt_lib_init_argv_1                     0x0800025b   Thumb Code     0  libinit2.o(.ARM.Collect$$libinit$$0000002C)
    __rt_lib_init_atexit_1                   0x0800025b   Thumb Code     0  libinit2.o(.ARM.Collect$$libinit$$0000001B)
    __rt_lib_init_clock_1                    0x0800025b   Thumb Code     0  libinit2.o(.ARM.Collect$$libinit$$00000021)
    __rt_lib_init_cpp_1                      0x0800025b   Thumb Code     0  libinit2.o(.ARM.Collect$$libinit$$00000032)
    __rt_lib_init_exceptions_1               0x0800025b   Thumb Code     0  libinit2.o(.ARM.Collect$$libinit$$00000030)
    __rt_lib_init_fp_trap_1                  0x0800025b   Thumb Code     0  libinit2.o(.ARM.Collect$$libinit$$0000001F)
    __rt_lib_init_getenv_1                   0x0800025b   Thumb Code     0  libinit2.o(.ARM.Collect$$libinit$$00000023)
    __rt_lib_init_heap_1                     0x0800025b   Thumb Code     0  libinit2.o(.ARM.Collect$$libinit$$0000000A)
    __rt_lib_init_lc_collate_1               0x0800025b   Thumb Code     0  libinit2.o(.ARM.Collect$$libinit$$00000011)
    __rt_lib_init_lc_ctype_1                 0x0800025b   Thumb Code     0  libinit2.o(.ARM.Collect$$libinit$$00000013)
    __rt_lib_init_lc_monetary_1              0x0800025b   Thumb Code     0  libinit2.o(.ARM.Collect$$libinit$$00000015)
    __rt_lib_init_lc_numeric_1               0x0800025b   Thumb Code     0  libinit2.o(.ARM.Collect$$libinit$$00000017)
    __rt_lib_init_lc_time_1                  0x0800025b   Thumb Code     0  libinit2.o(.ARM.Collect$$libinit$$00000019)
    __rt_lib_init_rand_1                     0x0800025b   Thumb Code     0  libinit2.o(.ARM.Collect$$libinit$$0000000E)
    __rt_lib_init_return                     0x0800025b   Thumb Code     0  libinit2.o(.ARM.Collect$$libinit$$00000033)
    __rt_lib_init_signal_1                   0x0800025b   Thumb Code     0  libinit2.o(.ARM.Collect$$libinit$$0000001D)
    __rt_lib_init_stdio_1                    0x0800025b   Thumb Code     0  libinit2.o(.ARM.Collect$$libinit$$00000025)
    __rt_lib_init_user_alloc_1               0x0800025b   Thumb Code     0  libinit2.o(.ARM.Collect$$libinit$$0000000C)
    __rt_lib_shutdown                        0x0800025d   Thumb Code     0  libshutdown.o(.ARM.Collect$$libshutdown$$00000000)
    __rt_lib_shutdown_fp_trap_1              0x0800025f   Thumb Code     0  libshutdown2.o(.ARM.Collect$$libshutdown$$00000006)
    __rt_lib_shutdown_heap_1                 0x0800025f   Thumb Code     0  libshutdown2.o(.ARM.Collect$$libshutdown$$0000000E)
    __rt_lib_shutdown_return                 0x0800025f   Thumb Code     0  libshutdown2.o(.ARM.Collect$$libshutdown$$0000000F)
    __rt_lib_shutdown_signal_1               0x0800025f   Thumb Code     0  libshutdown2.o(.ARM.Collect$$libshutdown$$00000009)
    __rt_lib_shutdown_stdio_1                0x0800025f   Thumb Code     0  libshutdown2.o(.ARM.Collect$$libshutdown$$00000003)
    __rt_lib_shutdown_user_alloc_1           0x0800025f   Thumb Code     0  libshutdown2.o(.ARM.Collect$$libshutdown$$0000000B)
    __rt_entry                               0x08000261   Thumb Code     0  __rtentry.o(.ARM.Collect$$rtentry$$00000000)
    __rt_entry_presh_1                       0x08000261   Thumb Code     0  __rtentry2.o(.ARM.Collect$$rtentry$$00000002)
    __rt_entry_sh                            0x08000261   Thumb Code     0  __rtentry4.o(.ARM.Collect$$rtentry$$00000004)
    __rt_entry_li                            0x08000267   Thumb Code     0  __rtentry2.o(.ARM.Collect$$rtentry$$0000000A)
    __rt_entry_postsh_1                      0x08000267   Thumb Code     0  __rtentry2.o(.ARM.Collect$$rtentry$$00000009)
    __rt_entry_main                          0x0800026b   Thumb Code     0  __rtentry2.o(.ARM.Collect$$rtentry$$0000000D)
    __rt_entry_postli_1                      0x0800026b   Thumb Code     0  __rtentry2.o(.ARM.Collect$$rtentry$$0000000C)
    __rt_exit                                0x08000273   Thumb Code     0  rtexit.o(.ARM.Collect$$rtexit$$00000000)
    __rt_exit_ls                             0x08000275   Thumb Code     0  rtexit2.o(.ARM.Collect$$rtexit$$00000003)
    __rt_exit_prels_1                        0x08000275   Thumb Code     0  rtexit2.o(.ARM.Collect$$rtexit$$00000002)
    __rt_exit_exit                           0x08000279   Thumb Code     0  rtexit2.o(.ARM.Collect$$rtexit$$00000004)
    Reset_Handler                            0x08000281   Thumb Code     8  startup_stm32f40_41xxx.o(.text)
    _maybe_terminate_alloc                   0x08000281   Thumb Code     0  maybetermalloc1.o(.emb_text)
    ADC_IRQHandler                           0x0800029b   Thumb Code     0  startup_stm32f40_41xxx.o(.text)
    CAN1_RX0_IRQHandler                      0x0800029b   Thumb Code     0  startup_stm32f40_41xxx.o(.text)
    CAN1_RX1_IRQHandler                      0x0800029b   Thumb Code     0  startup_stm32f40_41xxx.o(.text)
    CAN1_SCE_IRQHandler                      0x0800029b   Thumb Code     0  startup_stm32f40_41xxx.o(.text)
    CAN1_TX_IRQHandler                       0x0800029b   Thumb Code     0  startup_stm32f40_41xxx.o(.text)
    CAN2_RX0_IRQHandler                      0x0800029b   Thumb Code     0  startup_stm32f40_41xxx.o(.text)
    CAN2_RX1_IRQHandler                      0x0800029b   Thumb Code     0  startup_stm32f40_41xxx.o(.text)
    CAN2_SCE_IRQHandler                      0x0800029b   Thumb Code     0  startup_stm32f40_41xxx.o(.text)
    CAN2_TX_IRQHandler                       0x0800029b   Thumb Code     0  startup_stm32f40_41xxx.o(.text)
    CRYP_IRQHandler                          0x0800029b   Thumb Code     0  startup_stm32f40_41xxx.o(.text)
    DCMI_IRQHandler                          0x0800029b   Thumb Code     0  startup_stm32f40_41xxx.o(.text)
    DMA1_Stream0_IRQHandler                  0x0800029b   Thumb Code     0  startup_stm32f40_41xxx.o(.text)
    DMA1_Stream1_IRQHandler                  0x0800029b   Thumb Code     0  startup_stm32f40_41xxx.o(.text)
    DMA1_Stream2_IRQHandler                  0x0800029b   Thumb Code     0  startup_stm32f40_41xxx.o(.text)
    DMA1_Stream3_IRQHandler                  0x0800029b   Thumb Code     0  startup_stm32f40_41xxx.o(.text)
    DMA1_Stream4_IRQHandler                  0x0800029b   Thumb Code     0  startup_stm32f40_41xxx.o(.text)
    DMA1_Stream5_IRQHandler                  0x0800029b   Thumb Code     0  startup_stm32f40_41xxx.o(.text)
    DMA1_Stream6_IRQHandler                  0x0800029b   Thumb Code     0  startup_stm32f40_41xxx.o(.text)
    DMA1_Stream7_IRQHandler                  0x0800029b   Thumb Code     0  startup_stm32f40_41xxx.o(.text)
    DMA2_Stream0_IRQHandler                  0x0800029b   Thumb Code     0  startup_stm32f40_41xxx.o(.text)
    DMA2_Stream1_IRQHandler                  0x0800029b   Thumb Code     0  startup_stm32f40_41xxx.o(.text)
    DMA2_Stream2_IRQHandler                  0x0800029b   Thumb Code     0  startup_stm32f40_41xxx.o(.text)
    DMA2_Stream4_IRQHandler                  0x0800029b   Thumb Code     0  startup_stm32f40_41xxx.o(.text)
    DMA2_Stream5_IRQHandler                  0x0800029b   Thumb Code     0  startup_stm32f40_41xxx.o(.text)
    DMA2_Stream6_IRQHandler                  0x0800029b   Thumb Code     0  startup_stm32f40_41xxx.o(.text)
    DMA2_Stream7_IRQHandler                  0x0800029b   Thumb Code     0  startup_stm32f40_41xxx.o(.text)
    ETH_IRQHandler                           0x0800029b   Thumb Code     0  startup_stm32f40_41xxx.o(.text)
    ETH_WKUP_IRQHandler                      0x0800029b   Thumb Code     0  startup_stm32f40_41xxx.o(.text)
    FLASH_IRQHandler                         0x0800029b   Thumb Code     0  startup_stm32f40_41xxx.o(.text)
    FPU_IRQHandler                           0x0800029b   Thumb Code     0  startup_stm32f40_41xxx.o(.text)
    FSMC_IRQHandler                          0x0800029b   Thumb Code     0  startup_stm32f40_41xxx.o(.text)
    HASH_RNG_IRQHandler                      0x0800029b   Thumb Code     0  startup_stm32f40_41xxx.o(.text)
    I2C1_ER_IRQHandler                       0x0800029b   Thumb Code     0  startup_stm32f40_41xxx.o(.text)
    I2C1_EV_IRQHandler                       0x0800029b   Thumb Code     0  startup_stm32f40_41xxx.o(.text)
    I2C2_ER_IRQHandler                       0x0800029b   Thumb Code     0  startup_stm32f40_41xxx.o(.text)
    I2C2_EV_IRQHandler                       0x0800029b   Thumb Code     0  startup_stm32f40_41xxx.o(.text)
    I2C3_ER_IRQHandler                       0x0800029b   Thumb Code     0  startup_stm32f40_41xxx.o(.text)
    I2C3_EV_IRQHandler                       0x0800029b   Thumb Code     0  startup_stm32f40_41xxx.o(.text)
    OTG_FS_IRQHandler                        0x0800029b   Thumb Code     0  startup_stm32f40_41xxx.o(.text)
    OTG_FS_WKUP_IRQHandler                   0x0800029b   Thumb Code     0  startup_stm32f40_41xxx.o(.text)
    OTG_HS_EP1_IN_IRQHandler                 0x0800029b   Thumb Code     0  startup_stm32f40_41xxx.o(.text)
    OTG_HS_EP1_OUT_IRQHandler                0x0800029b   Thumb Code     0  startup_stm32f40_41xxx.o(.text)
    OTG_HS_IRQHandler                        0x0800029b   Thumb Code     0  startup_stm32f40_41xxx.o(.text)
    OTG_HS_WKUP_IRQHandler                   0x0800029b   Thumb Code     0  startup_stm32f40_41xxx.o(.text)
    PVD_IRQHandler                           0x0800029b   Thumb Code     0  startup_stm32f40_41xxx.o(.text)
    RCC_IRQHandler                           0x0800029b   Thumb Code     0  startup_stm32f40_41xxx.o(.text)
    RTC_Alarm_IRQHandler                     0x0800029b   Thumb Code     0  startup_stm32f40_41xxx.o(.text)
    RTC_WKUP_IRQHandler                      0x0800029b   Thumb Code     0  startup_stm32f40_41xxx.o(.text)
    SPI1_IRQHandler                          0x0800029b   Thumb Code     0  startup_stm32f40_41xxx.o(.text)
    SPI2_IRQHandler                          0x0800029b   Thumb Code     0  startup_stm32f40_41xxx.o(.text)
    SPI3_IRQHandler                          0x0800029b   Thumb Code     0  startup_stm32f40_41xxx.o(.text)
    TAMP_STAMP_IRQHandler                    0x0800029b   Thumb Code     0  startup_stm32f40_41xxx.o(.text)
    TIM1_BRK_TIM9_IRQHandler                 0x0800029b   Thumb Code     0  startup_stm32f40_41xxx.o(.text)
    TIM1_CC_IRQHandler                       0x0800029b   Thumb Code     0  startup_stm32f40_41xxx.o(.text)
    TIM1_TRG_COM_TIM11_IRQHandler            0x0800029b   Thumb Code     0  startup_stm32f40_41xxx.o(.text)
    TIM1_UP_TIM10_IRQHandler                 0x0800029b   Thumb Code     0  startup_stm32f40_41xxx.o(.text)
    TIM2_IRQHandler                          0x0800029b   Thumb Code     0  startup_stm32f40_41xxx.o(.text)
    TIM3_IRQHandler                          0x0800029b   Thumb Code     0  startup_stm32f40_41xxx.o(.text)
    TIM4_IRQHandler                          0x0800029b   Thumb Code     0  startup_stm32f40_41xxx.o(.text)
    TIM5_IRQHandler                          0x0800029b   Thumb Code     0  startup_stm32f40_41xxx.o(.text)
    TIM6_DAC_IRQHandler                      0x0800029b   Thumb Code     0  startup_stm32f40_41xxx.o(.text)
    TIM7_IRQHandler                          0x0800029b   Thumb Code     0  startup_stm32f40_41xxx.o(.text)
    TIM8_BRK_TIM12_IRQHandler                0x0800029b   Thumb Code     0  startup_stm32f40_41xxx.o(.text)
    TIM8_CC_IRQHandler                       0x0800029b   Thumb Code     0  startup_stm32f40_41xxx.o(.text)
    TIM8_TRG_COM_TIM14_IRQHandler            0x0800029b   Thumb Code     0  startup_stm32f40_41xxx.o(.text)
    TIM8_UP_TIM13_IRQHandler                 0x0800029b   Thumb Code     0  startup_stm32f40_41xxx.o(.text)
    WWDG_IRQHandler                          0x0800029b   Thumb Code     0  startup_stm32f40_41xxx.o(.text)
    __user_initial_stackheap                 0x0800029d   Thumb Code     0  startup_stm32f40_41xxx.o(.text)
    NVIC_PriorityGroupConfig                 0x080002c1   Thumb Code    10  misc.o(.text)
    NVIC_Init                                0x080002cb   Thumb Code    96  misc.o(.text)
    NVIC_SetVectorTable                      0x0800032b   Thumb Code    14  misc.o(.text)
    NVIC_SystemLPConfig                      0x08000339   Thumb Code    20  misc.o(.text)
    SysTick_CLKSourceConfig                  0x0800034d   Thumb Code    24  misc.o(.text)
    RCC_DeInit                               0x08000371   Thumb Code    68  stm32f4xx_rcc.o(.text)
    RCC_HSEConfig                            0x080003b5   Thumb Code    12  stm32f4xx_rcc.o(.text)
    RCC_GetFlagStatus                        0x080003c1   Thumb Code    46  stm32f4xx_rcc.o(.text)
    RCC_WaitForHSEStartUp                    0x080003ef   Thumb Code    44  stm32f4xx_rcc.o(.text)
    RCC_AdjustHSICalibrationValue            0x0800041b   Thumb Code    16  stm32f4xx_rcc.o(.text)
    RCC_HSICmd                               0x0800042b   Thumb Code     6  stm32f4xx_rcc.o(.text)
    RCC_LSEConfig                            0x08000431   Thumb Code    24  stm32f4xx_rcc.o(.text)
    RCC_LSICmd                               0x08000449   Thumb Code     6  stm32f4xx_rcc.o(.text)
    RCC_PLLConfig                            0x0800044f   Thumb Code    32  stm32f4xx_rcc.o(.text)
    RCC_PLLCmd                               0x0800046f   Thumb Code     6  stm32f4xx_rcc.o(.text)
    RCC_PLLI2SConfig                         0x08000475   Thumb Code    14  stm32f4xx_rcc.o(.text)
    RCC_PLLI2SCmd                            0x08000483   Thumb Code     6  stm32f4xx_rcc.o(.text)
    RCC_PLLSAIConfig                         0x08000489   Thumb Code    18  stm32f4xx_rcc.o(.text)
    RCC_PLLSAICmd                            0x0800049b   Thumb Code     6  stm32f4xx_rcc.o(.text)
    RCC_ClockSecuritySystemCmd               0x080004a1   Thumb Code     6  stm32f4xx_rcc.o(.text)
    RCC_MCO1Config                           0x080004a7   Thumb Code    18  stm32f4xx_rcc.o(.text)
    RCC_MCO2Config                           0x080004b9   Thumb Code    18  stm32f4xx_rcc.o(.text)
    RCC_SYSCLKConfig                         0x080004cb   Thumb Code    16  stm32f4xx_rcc.o(.text)
    RCC_GetSYSCLKSource                      0x080004db   Thumb Code    12  stm32f4xx_rcc.o(.text)
    RCC_HCLKConfig                           0x080004e7   Thumb Code    16  stm32f4xx_rcc.o(.text)
    RCC_PCLK1Config                          0x080004f7   Thumb Code    16  stm32f4xx_rcc.o(.text)
    RCC_PCLK2Config                          0x08000507   Thumb Code    18  stm32f4xx_rcc.o(.text)
    RCC_GetClocksFreq                        0x08000519   Thumb Code   134  stm32f4xx_rcc.o(.text)
    RCC_RTCCLKConfig                         0x0800059f   Thumb Code    42  stm32f4xx_rcc.o(.text)
    RCC_RTCCLKCmd                            0x080005c9   Thumb Code     8  stm32f4xx_rcc.o(.text)
    RCC_BackupResetCmd                       0x080005d1   Thumb Code     8  stm32f4xx_rcc.o(.text)
    RCC_I2SCLKConfig                         0x080005d9   Thumb Code     8  stm32f4xx_rcc.o(.text)
    RCC_SAIBlockACLKConfig                   0x080005e1   Thumb Code    16  stm32f4xx_rcc.o(.text)
    RCC_SAIBlockBCLKConfig                   0x080005f1   Thumb Code    16  stm32f4xx_rcc.o(.text)
    RCC_SAIPLLI2SClkDivConfig                0x08000601   Thumb Code    18  stm32f4xx_rcc.o(.text)
    RCC_SAIPLLSAIClkDivConfig                0x08000613   Thumb Code    24  stm32f4xx_rcc.o(.text)
    RCC_LTDCCLKDivConfig                     0x0800062b   Thumb Code    16  stm32f4xx_rcc.o(.text)
    RCC_TIMCLKPresConfig                     0x0800063b   Thumb Code     8  stm32f4xx_rcc.o(.text)
    RCC_AHB1PeriphClockCmd                   0x08000643   Thumb Code    20  stm32f4xx_rcc.o(.text)
    RCC_AHB2PeriphClockCmd                   0x08000657   Thumb Code    20  stm32f4xx_rcc.o(.text)
    RCC_AHB3PeriphClockCmd                   0x0800066b   Thumb Code    20  stm32f4xx_rcc.o(.text)
    RCC_APB1PeriphClockCmd                   0x0800067f   Thumb Code    20  stm32f4xx_rcc.o(.text)
    RCC_APB2PeriphClockCmd                   0x08000693   Thumb Code    20  stm32f4xx_rcc.o(.text)
    RCC_AHB1PeriphResetCmd                   0x080006a7   Thumb Code    20  stm32f4xx_rcc.o(.text)
    RCC_AHB2PeriphResetCmd                   0x080006bb   Thumb Code    20  stm32f4xx_rcc.o(.text)
    RCC_AHB3PeriphResetCmd                   0x080006cf   Thumb Code    20  stm32f4xx_rcc.o(.text)
    RCC_APB1PeriphResetCmd                   0x080006e3   Thumb Code    20  stm32f4xx_rcc.o(.text)
    RCC_APB2PeriphResetCmd                   0x080006f7   Thumb Code    20  stm32f4xx_rcc.o(.text)
    RCC_AHB1PeriphClockLPModeCmd             0x0800070b   Thumb Code    20  stm32f4xx_rcc.o(.text)
    RCC_AHB2PeriphClockLPModeCmd             0x0800071f   Thumb Code    20  stm32f4xx_rcc.o(.text)
    RCC_AHB3PeriphClockLPModeCmd             0x08000733   Thumb Code    20  stm32f4xx_rcc.o(.text)
    RCC_APB1PeriphClockLPModeCmd             0x08000747   Thumb Code    64  stm32f4xx_rcc.o(.text)
    RCC_APB2PeriphClockLPModeCmd             0x08000787   Thumb Code    18  stm32f4xx_rcc.o(.text)
    RCC_LSEModeConfig                        0x08000799   Thumb Code    24  stm32f4xx_rcc.o(.text)
    RCC_ITConfig                             0x080007b1   Thumb Code    20  stm32f4xx_rcc.o(.text)
    RCC_ClearFlag                            0x080007c5   Thumb Code    14  stm32f4xx_rcc.o(.text)
    RCC_GetITStatus                          0x080007d3   Thumb Code    18  stm32f4xx_rcc.o(.text)
    RCC_ClearITPendingBit                    0x080007e5   Thumb Code     8  stm32f4xx_rcc.o(.text)
    GPIO_DeInit                              0x080007f1   Thumb Code   216  stm32f4xx_gpio.o(.text)
    GPIO_Init                                0x080008c9   Thumb Code   120  stm32f4xx_gpio.o(.text)
    GPIO_StructInit                          0x08000941   Thumb Code    18  stm32f4xx_gpio.o(.text)
    GPIO_PinLockConfig                       0x08000953   Thumb Code    24  stm32f4xx_gpio.o(.text)
    GPIO_ReadInputDataBit                    0x0800096b   Thumb Code    14  stm32f4xx_gpio.o(.text)
    GPIO_ReadInputData                       0x08000979   Thumb Code     6  stm32f4xx_gpio.o(.text)
    GPIO_ReadOutputDataBit                   0x0800097f   Thumb Code    14  stm32f4xx_gpio.o(.text)
    GPIO_ReadOutputData                      0x0800098d   Thumb Code     6  stm32f4xx_gpio.o(.text)
    GPIO_SetBits                             0x08000993   Thumb Code     4  stm32f4xx_gpio.o(.text)
    GPIO_ResetBits                           0x08000997   Thumb Code     4  stm32f4xx_gpio.o(.text)
    GPIO_WriteBit                            0x0800099b   Thumb Code    10  stm32f4xx_gpio.o(.text)
    GPIO_Write                               0x080009a5   Thumb Code     4  stm32f4xx_gpio.o(.text)
    GPIO_ToggleBits                          0x080009a9   Thumb Code     8  stm32f4xx_gpio.o(.text)
    GPIO_PinAFConfig                         0x080009b1   Thumb Code    32  stm32f4xx_gpio.o(.text)
    SDIO_DeInit                              0x080009fd   Thumb Code    24  stm32f4xx_sdio.o(.text)
    SDIO_Init                                0x08000a15   Thumb Code    40  stm32f4xx_sdio.o(.text)
    SDIO_StructInit                          0x08000a3d   Thumb Code    16  stm32f4xx_sdio.o(.text)
    SDIO_ClockCmd                            0x08000a4d   Thumb Code     8  stm32f4xx_sdio.o(.text)
    SDIO_SetPowerState                       0x08000a55   Thumb Code     8  stm32f4xx_sdio.o(.text)
    SDIO_GetPowerState                       0x08000a5d   Thumb Code    12  stm32f4xx_sdio.o(.text)
    SDIO_SendCommand                         0x08000a69   Thumb Code    38  stm32f4xx_sdio.o(.text)
    SDIO_CmdStructInit                       0x08000a8f   Thumb Code    14  stm32f4xx_sdio.o(.text)
    SDIO_GetCommandResponse                  0x08000a9d   Thumb Code    10  stm32f4xx_sdio.o(.text)
    SDIO_GetResponse                         0x08000aa7   Thumb Code    14  stm32f4xx_sdio.o(.text)
    SDIO_DataConfig                          0x08000ab5   Thumb Code    44  stm32f4xx_sdio.o(.text)
    SDIO_DataStructInit                      0x08000ae1   Thumb Code    20  stm32f4xx_sdio.o(.text)
    SDIO_GetDataCounter                      0x08000af5   Thumb Code     8  stm32f4xx_sdio.o(.text)
    SDIO_ReadData                            0x08000afd   Thumb Code     8  stm32f4xx_sdio.o(.text)
    SDIO_WriteData                           0x08000b05   Thumb Code     8  stm32f4xx_sdio.o(.text)
    SDIO_GetFIFOCount                        0x08000b0d   Thumb Code     8  stm32f4xx_sdio.o(.text)
    SDIO_StartSDIOReadWait                   0x08000b15   Thumb Code     6  stm32f4xx_sdio.o(.text)
    SDIO_StopSDIOReadWait                    0x08000b1b   Thumb Code     8  stm32f4xx_sdio.o(.text)
    SDIO_SetSDIOReadWaitMode                 0x08000b23   Thumb Code     8  stm32f4xx_sdio.o(.text)
    SDIO_SetSDIOOperation                    0x08000b2b   Thumb Code     8  stm32f4xx_sdio.o(.text)
    SDIO_SendSDIOSuspendCmd                  0x08000b33   Thumb Code     8  stm32f4xx_sdio.o(.text)
    SDIO_CommandCompletionCmd                0x08000b3b   Thumb Code     8  stm32f4xx_sdio.o(.text)
    SDIO_CEATAITCmd                          0x08000b43   Thumb Code    12  stm32f4xx_sdio.o(.text)
    SDIO_SendCEATACmd                        0x08000b4f   Thumb Code     8  stm32f4xx_sdio.o(.text)
    SDIO_DMACmd                              0x08000b57   Thumb Code     8  stm32f4xx_sdio.o(.text)
    SDIO_ITConfig                            0x08000b5f   Thumb Code    20  stm32f4xx_sdio.o(.text)
    SDIO_GetFlagStatus                       0x08000b73   Thumb Code    18  stm32f4xx_sdio.o(.text)
    SDIO_ClearFlag                           0x08000b85   Thumb Code     8  stm32f4xx_sdio.o(.text)
    SDIO_GetITStatus                         0x08000b8d   Thumb Code    18  stm32f4xx_sdio.o(.text)
    SDIO_ClearITPendingBit                   0x08000b9f   Thumb Code     8  stm32f4xx_sdio.o(.text)
    DMA_DeInit                               0x08000bb5   Thumb Code   272  stm32f4xx_dma.o(.text)
    DMA_Init                                 0x08000cc5   Thumb Code    80  stm32f4xx_dma.o(.text)
    DMA_StructInit                           0x08000d15   Thumb Code    34  stm32f4xx_dma.o(.text)
    DMA_Cmd                                  0x08000d37   Thumb Code    20  stm32f4xx_dma.o(.text)
    DMA_PeriphIncOffsetSizeConfig            0x08000d4b   Thumb Code    20  stm32f4xx_dma.o(.text)
    DMA_FlowControllerConfig                 0x08000d5f   Thumb Code    20  stm32f4xx_dma.o(.text)
    DMA_SetCurrDataCounter                   0x08000d73   Thumb Code     4  stm32f4xx_dma.o(.text)
    DMA_GetCurrDataCounter                   0x08000d77   Thumb Code     6  stm32f4xx_dma.o(.text)
    DMA_DoubleBufferModeConfig               0x08000d7d   Thumb Code    22  stm32f4xx_dma.o(.text)
    DMA_DoubleBufferModeCmd                  0x08000d93   Thumb Code    20  stm32f4xx_dma.o(.text)
    DMA_MemoryTargetConfig                   0x08000da7   Thumb Code    10  stm32f4xx_dma.o(.text)
    DMA_GetCurrentMemoryTarget               0x08000db1   Thumb Code    14  stm32f4xx_dma.o(.text)
    DMA_GetCmdStatus                         0x08000dbf   Thumb Code    14  stm32f4xx_dma.o(.text)
    DMA_GetFIFOStatus                        0x08000dcd   Thumb Code     8  stm32f4xx_dma.o(.text)
    DMA_GetFlagStatus                        0x08000dd5   Thumb Code    42  stm32f4xx_dma.o(.text)
    DMA_ClearFlag                            0x08000dff   Thumb Code    34  stm32f4xx_dma.o(.text)
    DMA_ITConfig                             0x08000e21   Thumb Code    44  stm32f4xx_dma.o(.text)
    DMA_GetITStatus                          0x08000e4d   Thumb Code    70  stm32f4xx_dma.o(.text)
    DMA_ClearITPendingBit                    0x08000e93   Thumb Code    34  stm32f4xx_dma.o(.text)
    USART_DeInit                             0x08000ed5   Thumb Code   138  stm32f4xx_usart.o(.text)
    USART_Init                               0x08000f5f   Thumb Code   164  stm32f4xx_usart.o(.text)
    USART_StructInit                         0x08001003   Thumb Code    22  stm32f4xx_usart.o(.text)
    USART_ClockInit                          0x08001019   Thumb Code    28  stm32f4xx_usart.o(.text)
    USART_ClockStructInit                    0x08001035   Thumb Code    12  stm32f4xx_usart.o(.text)
    USART_Cmd                                0x08001041   Thumb Code    20  stm32f4xx_usart.o(.text)
    USART_SetPrescaler                       0x08001055   Thumb Code    16  stm32f4xx_usart.o(.text)
    USART_OverSampling8Cmd                   0x08001065   Thumb Code    20  stm32f4xx_usart.o(.text)
    USART_OneBitMethodCmd                    0x08001079   Thumb Code    20  stm32f4xx_usart.o(.text)
    USART_SendData                           0x0800108d   Thumb Code     8  stm32f4xx_usart.o(.text)
    USART_ReceiveData                        0x08001095   Thumb Code     8  stm32f4xx_usart.o(.text)
    USART_SetAddress                         0x0800109d   Thumb Code    16  stm32f4xx_usart.o(.text)
    USART_ReceiverWakeUpCmd                  0x080010ad   Thumb Code    20  stm32f4xx_usart.o(.text)
    USART_WakeUpConfig                       0x080010c1   Thumb Code    16  stm32f4xx_usart.o(.text)
    USART_LINBreakDetectLengthConfig         0x080010d1   Thumb Code    16  stm32f4xx_usart.o(.text)
    USART_LINCmd                             0x080010e1   Thumb Code    20  stm32f4xx_usart.o(.text)
    USART_SendBreak                          0x080010f5   Thumb Code    10  stm32f4xx_usart.o(.text)
    USART_HalfDuplexCmd                      0x080010ff   Thumb Code    20  stm32f4xx_usart.o(.text)
    USART_SetGuardTime                       0x08001113   Thumb Code    16  stm32f4xx_usart.o(.text)
    USART_SmartCardCmd                       0x08001123   Thumb Code    20  stm32f4xx_usart.o(.text)
    USART_SmartCardNACKCmd                   0x08001137   Thumb Code    20  stm32f4xx_usart.o(.text)
    USART_IrDAConfig                         0x0800114b   Thumb Code    16  stm32f4xx_usart.o(.text)
    USART_IrDACmd                            0x0800115b   Thumb Code    20  stm32f4xx_usart.o(.text)
    USART_DMACmd                             0x0800116f   Thumb Code    16  stm32f4xx_usart.o(.text)
    USART_ITConfig                           0x0800117f   Thumb Code    48  stm32f4xx_usart.o(.text)
    USART_GetFlagStatus                      0x080011af   Thumb Code    14  stm32f4xx_usart.o(.text)
    USART_ClearFlag                          0x080011bd   Thumb Code     6  stm32f4xx_usart.o(.text)
    USART_GetITStatus                        0x080011c3   Thumb Code    62  stm32f4xx_usart.o(.text)
    USART_ClearITPendingBit                  0x08001201   Thumb Code    12  stm32f4xx_usart.o(.text)
    TM_FATFS_GetDriveSize                    0x0800122d   Thumb Code    88  tm_stm32f4_fatfs_1.o(.text)
    TM_FATFS_DriveSize                       0x08001285   Thumb Code    48  tm_stm32f4_fatfs_1.o(.text)
    TM_FATFS_USBDriveSize                    0x080012b5   Thumb Code    48  tm_stm32f4_fatfs_1.o(.text)
    TM_FATFS_TruncateBeginning               0x080012e5   Thumb Code   168  tm_stm32f4_fatfs_1.o(.text)
    TM_FATFS_CheckCardDetectPin              0x0800138d   Thumb Code     4  tm_stm32f4_fatfs_1.o(.text)
    TM_GPIO_GetPortSource                    0x080013a1   Thumb Code    10  tm_stm32f4_gpio.o(.text)
    TM_GPIO_INT_Init                         0x080013ab   Thumb Code   130  tm_stm32f4_gpio.o(.text)
    TM_GPIO_INT_EnableClock                  0x0800142d   Thumb Code    20  tm_stm32f4_gpio.o(.text)
    TM_GPIO_Init                             0x08001441   Thumb Code    34  tm_stm32f4_gpio.o(.text)
    TM_GPIO_InitAlternate                    0x08001463   Thumb Code    92  tm_stm32f4_gpio.o(.text)
    TM_GPIO_DeInit                           0x080014bf   Thumb Code    66  tm_stm32f4_gpio.o(.text)
    TM_GPIO_SetPinAsInput                    0x08001501   Thumb Code    38  tm_stm32f4_gpio.o(.text)
    TM_GPIO_SetPinAsOutput                   0x08001527   Thumb Code    46  tm_stm32f4_gpio.o(.text)
    TM_GPIO_SetPinAsAnalog                   0x08001555   Thumb Code    38  tm_stm32f4_gpio.o(.text)
    TM_GPIO_SetPinAsAlternate                0x0800157b   Thumb Code    48  tm_stm32f4_gpio.o(.text)
    TM_GPIO_SetPullResistor                  0x080015ab   Thumb Code    46  tm_stm32f4_gpio.o(.text)
    TM_GPIO_Lock                             0x080015d9   Thumb Code    16  tm_stm32f4_gpio.o(.text)
    TM_GPIO_GetPinSource                     0x080015e9   Thumb Code    18  tm_stm32f4_gpio.o(.text)
    TM_GPIO_INT_DisableClock                 0x080015fb   Thumb Code    20  tm_stm32f4_gpio.o(.text)
    TM_GPIO_GetUsedPins                      0x0800160f   Thumb Code    14  tm_stm32f4_gpio.o(.text)
    TM_GPIO_GetFreePins                      0x0800161d   Thumb Code    18  tm_stm32f4_gpio.o(.text)
    TM_USART_INT_GetSubPriority              0x0800163d   Thumb Code    52  tm_stm32f4_usart_1.o(.text)
    TM_USART_InitCustomPinsCallback          0x08001671   Thumb Code     2  tm_stm32f4_usart_1.o(.text)
    TM_USART6_InitPins                       0x08001673   Thumb Code    60  tm_stm32f4_usart_1.o(.text)
    TM_UART5_InitPins                        0x080016af   Thumb Code    56  tm_stm32f4_usart_1.o(.text)
    TM_UART4_InitPins                        0x080016e7   Thumb Code    60  tm_stm32f4_usart_1.o(.text)
    TM_USART3_InitPins                       0x08001723   Thumb Code    76  tm_stm32f4_usart_1.o(.text)
    TM_USART2_InitPins                       0x0800176f   Thumb Code    58  tm_stm32f4_usart_1.o(.text)
    TM_USART1_InitPins                       0x080017a9   Thumb Code    60  tm_stm32f4_usart_1.o(.text)
    TM_USART_INT_GetUsart                    0x080017e5   Thumb Code    62  tm_stm32f4_usart_1.o(.text)
    TM_USART_Init                            0x0800194d   Thumb Code   158  tm_stm32f4_usart_1.o(.text)
    TM_USART_InitWithFlowControl             0x080019eb   Thumb Code   212  tm_stm32f4_usart_1.o(.text)
    TM_USART_Getc                            0x08001abf   Thumb Code    52  tm_stm32f4_usart_1.o(.text)
    TM_USART_FindCharacter                   0x08001af3   Thumb Code    50  tm_stm32f4_usart_1.o(.text)
    TM_USART_Gets                            0x08001b25   Thumb Code    78  tm_stm32f4_usart_1.o(.text)
    TM_USART_BufferEmpty                     0x08001b73   Thumb Code    26  tm_stm32f4_usart_1.o(.text)
    TM_USART_BufferFull                      0x08001b8d   Thumb Code    22  tm_stm32f4_usart_1.o(.text)
    TM_USART_ClearBuffer                     0x08001ba3   Thumb Code    16  tm_stm32f4_usart_1.o(.text)
    TM_USART_SetCustomStringEndCharacter     0x08001bb3   Thumb Code    12  tm_stm32f4_usart_1.o(.text)
    TM_USART_Puts                            0x08001bbf   Thumb Code    42  tm_stm32f4_usart_1.o(.text)
    TM_USART_Send                            0x08001be9   Thumb Code    48  tm_stm32f4_usart_1.o(.text)
    TM_USART_INT_InsertToBuffer              0x08001c19   Thumb Code    38  tm_stm32f4_usart_1.o(.text)
    USART1_IRQHandler                        0x08001c3f   Thumb Code    18  tm_stm32f4_usart_1.o(.text)
    USART2_IRQHandler                        0x08001c51   Thumb Code    24  tm_stm32f4_usart_1.o(.text)
    USART3_IRQHandler                        0x08001c69   Thumb Code    24  tm_stm32f4_usart_1.o(.text)
    UART4_IRQHandler                         0x08001c81   Thumb Code    24  tm_stm32f4_usart_1.o(.text)
    UART5_IRQHandler                         0x08001c99   Thumb Code    20  tm_stm32f4_usart_1.o(.text)
    USART6_IRQHandler                        0x08001cad   Thumb Code    24  tm_stm32f4_usart_1.o(.text)
    TimingDelay_Decrement                    0x08001ce1   Thumb Code    88  tm_stm32f4_delay.o(.text)
    TM_DELAY_Init                            0x08001d39   Thumb Code    60  tm_stm32f4_delay.o(.text)
    TM_DELAY_EnableDelayTimer                0x08001d75   Thumb Code    22  tm_stm32f4_delay.o(.text)
    TM_DELAY_DisableDelayTimer               0x08001d8b   Thumb Code    14  tm_stm32f4_delay.o(.text)
    TM_DELAY_TimerCreate                     0x08001d99   Thumb Code    68  tm_stm32f4_delay.o(.text)
    TM_DELAY_TimerDelete                     0x08001ddd   Thumb Code    84  tm_stm32f4_delay.o(.text)
    TM_DELAY_TimerStop                       0x08001e31   Thumb Code     6  tm_stm32f4_delay.o(.text)
    TM_DELAY_TimerStart                      0x08001e37   Thumb Code     6  tm_stm32f4_delay.o(.text)
    TM_DELAY_TimerReset                      0x08001e3d   Thumb Code     6  tm_stm32f4_delay.o(.text)
    TM_DELAY_TimerAutoReload                 0x08001e43   Thumb Code     4  tm_stm32f4_delay.o(.text)
    TM_DELAY_TimerAutoReloadValue            0x08001e47   Thumb Code     4  tm_stm32f4_delay.o(.text)
    TM_EXTI_Attach                           0x08001e61   Thumb Code   416  tm_stm32f4_exti.o(.text)
    TM_EXTI_Detach                           0x08002001   Thumb Code    38  tm_stm32f4_exti.o(.text)
    TM_EXTI_DeInit                           0x08002027   Thumb Code    56  tm_stm32f4_exti.o(.text)
    EXTI0_IRQHandler                         0x0800205f   Thumb Code    24  tm_stm32f4_exti.o(.text)
    EXTI1_IRQHandler                         0x08002077   Thumb Code    24  tm_stm32f4_exti.o(.text)
    EXTI2_IRQHandler                         0x0800208f   Thumb Code    24  tm_stm32f4_exti.o(.text)
    EXTI3_IRQHandler                         0x080020a7   Thumb Code    24  tm_stm32f4_exti.o(.text)
    EXTI4_IRQHandler                         0x080020bf   Thumb Code    24  tm_stm32f4_exti.o(.text)
    EXTI9_5_IRQHandler                       0x080020d7   Thumb Code    82  tm_stm32f4_exti.o(.text)
    EXTI15_10_IRQHandler                     0x08002129   Thumb Code   102  tm_stm32f4_exti.o(.text)
    TM_HD44780_Clear                         0x080021f1   Thumb Code    20  tm_stm32f4_hd44780.o(.text)
    TM_HD44780_DisplayOn                     0x08002205   Thumb Code    18  tm_stm32f4_hd44780.o(.text)
    TM_HD44780_Init                          0x08002217   Thumb Code   138  tm_stm32f4_hd44780.o(.text)
    TM_HD44780_Puts                          0x080022c9   Thumb Code    88  tm_stm32f4_hd44780.o(.text)
    TM_HD44780_DisplayOff                    0x08002321   Thumb Code    18  tm_stm32f4_hd44780.o(.text)
    TM_HD44780_BlinkOn                       0x08002333   Thumb Code    18  tm_stm32f4_hd44780.o(.text)
    TM_HD44780_BlinkOff                      0x08002345   Thumb Code    18  tm_stm32f4_hd44780.o(.text)
    TM_HD44780_CursorOn                      0x08002357   Thumb Code    18  tm_stm32f4_hd44780.o(.text)
    TM_HD44780_CursorOff                     0x08002369   Thumb Code    18  tm_stm32f4_hd44780.o(.text)
    TM_HD44780_ScrollLeft                    0x0800237b   Thumb Code     6  tm_stm32f4_hd44780.o(.text)
    TM_HD44780_ScrollRight                   0x08002381   Thumb Code     6  tm_stm32f4_hd44780.o(.text)
    TM_HD44780_CreateChar                    0x08002387   Thumb Code    36  tm_stm32f4_hd44780.o(.text)
    TM_HD44780_PutCustom                     0x080023ab   Thumb Code    18  tm_stm32f4_hd44780.o(.text)
    TM_WATCHDOG_Init                         0x08002495   Thumb Code   174  tm_stm32f4_watchdog.o(.text)
    turn_off_dk4                             0x0800254d   Thumb Code    10  main.o(.text)
    turn_off_dk3                             0x08002557   Thumb Code    10  main.o(.text)
    turn_off_dk2                             0x08002561   Thumb Code    14  main.o(.text)
    turn_off_dk1                             0x0800256f   Thumb Code    14  main.o(.text)
    turn_on_dk4                              0x0800257d   Thumb Code    12  main.o(.text)
    turn_on_dk3                              0x08002589   Thumb Code    12  main.o(.text)
    turn_on_dk1                              0x08002595   Thumb Code    14  main.o(.text)
    turn_on_dk2                              0x080025a3   Thumb Code    16  main.o(.text)
    ProcessAction                            0x080025b3   Thumb Code   202  main.o(.text)
    WaitPC                                   0x0800267d   Thumb Code    30  main.o(.text)
    read_sw_add                              0x0800269b   Thumb Code    80  main.o(.text)
    CustomTIMER2_Task                        0x080026eb   Thumb Code    24  main.o(.text)
    CustomTIMER1_Task                        0x08002703   Thumb Code    62  main.o(.text)
    main                                     0x08002741   Thumb Code  1188  main.o(.text)
    TM_EXTI_Handler                          0x08002be5   Thumb Code   294  main.o(.text)
    TM_USART6_ReceiveHandler                 0x08002d0b   Thumb Code    42  main.o(.text)
    TM_USART3_ReceiveHandler                 0x08002d35   Thumb Code    50  main.o(.text)
    send_485                                 0x08002d67   Thumb Code    10  main.o(.text)
    recv_485                                 0x08002d71   Thumb Code    10  main.o(.text)
    NMI_Handler                              0x08002e95   Thumb Code     2  stm32f4xx_it.o(.text)
    HardFault_Handler                        0x08002e97   Thumb Code     2  stm32f4xx_it.o(.text)
    MemManage_Handler                        0x08002e99   Thumb Code     2  stm32f4xx_it.o(.text)
    BusFault_Handler                         0x08002e9b   Thumb Code     2  stm32f4xx_it.o(.text)
    UsageFault_Handler                       0x08002e9d   Thumb Code     2  stm32f4xx_it.o(.text)
    SVC_Handler                              0x08002e9f   Thumb Code     2  stm32f4xx_it.o(.text)
    DebugMon_Handler                         0x08002ea1   Thumb Code     2  stm32f4xx_it.o(.text)
    PendSV_Handler                           0x08002ea3   Thumb Code     2  stm32f4xx_it.o(.text)
    SysTick_Handler                          0x08002ea7   Thumb Code     8  stm32f4xx_it.o(.text)
    SystemInit                               0x08002f53   Thumb Code    74  system_stm32f4xx.o(.text)
    SystemCoreClockUpdate                    0x08002f9d   Thumb Code   108  system_stm32f4xx.o(.text)
    TM_FATFS_AddDriver                       0x0800302d   Thumb Code    42  diskio.o(.text)
    disk_initialize                          0x08003057   Thumb Code    18  diskio.o(.text)
    disk_status                              0x08003069   Thumb Code    20  diskio.o(.text)
    disk_read                                0x0800307d   Thumb Code    40  diskio.o(.text)
    disk_write                               0x080030a5   Thumb Code    38  diskio.o(.text)
    disk_ioctl                               0x080030cb   Thumb Code    32  diskio.o(.text)
    get_fattime                              0x080030eb   Thumb Code     4  diskio.o(.text)
    TM_FATFS_SD_disk_initialize              0x080030f3   Thumb Code     4  diskio.o(.text)
    TM_FATFS_USB_disk_initialize             0x080030f7   Thumb Code     4  diskio.o(.text)
    TM_FATFS_SDRAM_disk_initialize           0x080030fb   Thumb Code     4  diskio.o(.text)
    TM_FATFS_SPI_FLASH_disk_initialize       0x080030ff   Thumb Code     4  diskio.o(.text)
    TM_FATFS_SD_disk_status                  0x08003107   Thumb Code     4  diskio.o(.text)
    TM_FATFS_USB_disk_status                 0x0800310b   Thumb Code     4  diskio.o(.text)
    TM_FATFS_SDRAM_disk_status               0x0800310f   Thumb Code     4  diskio.o(.text)
    TM_FATFS_SPI_FLASH_disk_status           0x08003113   Thumb Code     4  diskio.o(.text)
    TM_FATFS_SD_disk_ioctl                   0x0800311b   Thumb Code     4  diskio.o(.text)
    TM_FATFS_USB_disk_ioctl                  0x0800311f   Thumb Code     4  diskio.o(.text)
    TM_FATFS_SDRAM_disk_ioctl                0x08003123   Thumb Code     4  diskio.o(.text)
    TM_FATFS_SPI_FLASH_disk_ioctl            0x08003127   Thumb Code     4  diskio.o(.text)
    TM_FATFS_SD_disk_read                    0x0800312f   Thumb Code     4  diskio.o(.text)
    TM_FATFS_USB_disk_read                   0x08003133   Thumb Code     4  diskio.o(.text)
    TM_FATFS_SDRAM_disk_read                 0x08003137   Thumb Code     4  diskio.o(.text)
    TM_FATFS_SPI_FLASH_disk_read             0x0800313b   Thumb Code     4  diskio.o(.text)
    TM_FATFS_SD_disk_write                   0x08003143   Thumb Code     4  diskio.o(.text)
    TM_FATFS_USB_disk_write                  0x08003147   Thumb Code     4  diskio.o(.text)
    TM_FATFS_SDRAM_disk_write                0x0800314b   Thumb Code     4  diskio.o(.text)
    TM_FATFS_SPI_FLASH_disk_write            0x0800314f   Thumb Code     4  diskio.o(.text)
    clust2sect                               0x08003291   Thumb Code    24  ff.o(.text)
    get_fat                                  0x080032a9   Thumb Code   188  ff.o(.text)
    put_fat                                  0x08003365   Thumb Code   244  ff.o(.text)
    f_mount                                  0x08004205   Thumb Code    72  ff.o(.text)
    f_open                                   0x0800424d   Thumb Code   342  ff.o(.text)
    f_read                                   0x080043a3   Thumb Code   314  ff.o(.text)
    f_write                                  0x080044dd   Thumb Code   388  ff.o(.text)
    f_sync                                   0x08004661   Thumb Code   152  ff.o(.text)
    f_close                                  0x080046f9   Thumb Code    28  ff.o(.text)
    f_chdrive                                0x08004715   Thumb Code    24  ff.o(.text)
    f_chdir                                  0x0800472d   Thumb Code   100  ff.o(.text)
    f_getcwd                                 0x08004791   Thumb Code   300  ff.o(.text)
    f_lseek                                  0x080048bd   Thumb Code   300  ff.o(.text)
    f_opendir                                0x080049e9   Thumb Code   128  ff.o(.text)
    f_closedir                               0x08004a69   Thumb Code    18  ff.o(.text)
    f_readdir                                0x08004a7b   Thumb Code   116  ff.o(.text)
    f_findnext                               0x08004aef   Thumb Code    74  ff.o(.text)
    f_findfirst                              0x08004b39   Thumb Code    30  ff.o(.text)
    f_stat                                   0x08004b57   Thumb Code    86  ff.o(.text)
    f_getfree                                0x08004bad   Thumb Code   192  ff.o(.text)
    f_truncate                               0x08004c6d   Thumb Code   176  ff.o(.text)
    f_unlink                                 0x08004d1d   Thumb Code   192  ff.o(.text)
    f_mkdir                                  0x08004ddd   Thumb Code   396  ff.o(.text)
    f_chmod                                  0x08004f69   Thumb Code   114  ff.o(.text)
    f_rename                                 0x08004fdb   Thumb Code   284  ff.o(.text)
    f_utime                                  0x080050f7   Thumb Code   116  ff.o(.text)
    f_getlabel                               0x0800516b   Thumb Code   142  ff.o(.text)
    f_setlabel                               0x080051f9   Thumb Code   320  ff.o(.text)
    f_mkfs                                   0x08005339   Thumb Code  1320  ff.o(.text)
    f_gets                                   0x08005861   Thumb Code    72  ff.o(.text)
    f_putc                                   0x080058ef   Thumb Code    60  ff.o(.text)
    f_puts                                   0x0800592b   Thumb Code    70  ff.o(.text)
    f_printf                                 0x08005971   Thumb Code   510  ff.o(.text)
    ff_memalloc                              0x08005c7d   Thumb Code     4  syscall.o(.text)
    ff_memfree                               0x08005c81   Thumb Code     4  syscall.o(.text)
    ff_convert                               0x08005c85   Thumb Code    52  unicode.o(.text)
    ff_wtoupper                              0x08005cb9   Thumb Code    28  unicode.o(.text)
    TM_FATFS_SDIO_WriteEnabled               0x08005ce1   Thumb Code     4  fatfs_sd_sdio.o(.text)
    SD_EnableWideBusOperation                0x08005f99   Thumb Code   110  fatfs_sd_sdio.o(.text)
    SD_SelectDeselect                        0x08006007   Thumb Code    38  fatfs_sd_sdio.o(.text)
    SD_GetCardInfo                           0x0800602d   Thumb Code   628  fatfs_sd_sdio.o(.text)
    SD_InitializeCards                       0x080062cb   Thumb Code   244  fatfs_sd_sdio.o(.text)
    SD_PowerON                               0x080063bf   Thumb Code   512  fatfs_sd_sdio.o(.text)
    SD_Init                                  0x080065bf   Thumb Code   146  fatfs_sd_sdio.o(.text)
    SD_LowLevel_Init                         0x08006651   Thumb Code    64  fatfs_sd_sdio.o(.text)
    SD_LowLevel_DeInit                       0x08006691   Thumb Code    76  fatfs_sd_sdio.o(.text)
    TM_FATFS_SD_SDIO_disk_initialize         0x080066dd   Thumb Code    98  fatfs_sd_sdio.o(.text)
    SD_Detect                                0x0800673f   Thumb Code    26  fatfs_sd_sdio.o(.text)
    TM_FATFS_SD_SDIO_disk_status             0x08006759   Thumb Code    28  fatfs_sd_sdio.o(.text)
    SD_SendStatus                            0x08006775   Thumb Code    64  fatfs_sd_sdio.o(.text)
    SD_GetState                              0x080067b5   Thumb Code    34  fatfs_sd_sdio.o(.text)
    SD_GetStatus                             0x080067d7   Thumb Code    26  fatfs_sd_sdio.o(.text)
    SD_StopTransfer                          0x080067f1   Thumb Code    38  fatfs_sd_sdio.o(.text)
    SD_WaitReadOperation                     0x08006817   Thumb Code   100  fatfs_sd_sdio.o(.text)
    SD_LowLevel_DMA_RxConfig                 0x0800687b   Thumb Code   130  fatfs_sd_sdio.o(.text)
    SD_ReadMultiBlocks                       0x080068fd   Thumb Code   192  fatfs_sd_sdio.o(.text)
    TM_FATFS_SD_SDIO_disk_read               0x080069bd   Thumb Code   158  fatfs_sd_sdio.o(.text)
    SD_WaitWriteOperation                    0x08006a5b   Thumb Code    88  fatfs_sd_sdio.o(.text)
    SD_LowLevel_DMA_TxConfig                 0x08006ab3   Thumb Code   124  fatfs_sd_sdio.o(.text)
    SD_WriteMultiBlocks                      0x08006b2f   Thumb Code   260  fatfs_sd_sdio.o(.text)
    TM_FATFS_SD_SDIO_disk_write              0x08006c33   Thumb Code   120  fatfs_sd_sdio.o(.text)
    TM_FATFS_SD_SDIO_disk_ioctl              0x08006cab   Thumb Code    28  fatfs_sd_sdio.o(.text)
    SD_ProcessIRQSrc                         0x08006cc7   Thumb Code   144  fatfs_sd_sdio.o(.text)
    SDIO_IRQHandler                          0x08006d57   Thumb Code     2  fatfs_sd_sdio.o(.text)
    SD_ProcessDMAIRQ                         0x08006d59   Thumb Code    30  fatfs_sd_sdio.o(.text)
    DMA2_Stream3_IRQHandler                  0x08006d77   Thumb Code     2  fatfs_sd_sdio.o(.text)
    SD_DeInit                                0x08006d79   Thumb Code     2  fatfs_sd_sdio.o(.text)
    SD_PowerOFF                              0x08006d7b   Thumb Code    14  fatfs_sd_sdio.o(.text)
    SD_SendSDStatus                          0x08006d89   Thumb Code   334  fatfs_sd_sdio.o(.text)
    SD_GetCardStatus                         0x08006ed7   Thumb Code   124  fatfs_sd_sdio.o(.text)
    SD_ReadBlock                             0x08006f53   Thumb Code   176  fatfs_sd_sdio.o(.text)
    SD_ReadMultiBlocksFIXED                  0x08007003   Thumb Code   186  fatfs_sd_sdio.o(.text)
    SD_WriteBlock                            0x080070bd   Thumb Code   170  fatfs_sd_sdio.o(.text)
    SD_WriteMultiBlocksFIXED                 0x08007167   Thumb Code   270  fatfs_sd_sdio.o(.text)
    SD_GetTransferState                      0x08007275   Thumb Code    14  fatfs_sd_sdio.o(.text)
    SD_Erase                                 0x080073bf   Thumb Code   262  fatfs_sd_sdio.o(.text)
    convert_from_bytes_to_power_of_two       0x080074c5   Thumb Code    18  fatfs_sd_sdio.o(.text)
    SD_HighSpeed                             0x080074d7   Thumb Code   330  fatfs_sd_sdio.o(.text)
    malloc                                   0x080076a7   Thumb Code    94  h1_alloc.o(.text)
    free                                     0x08007705   Thumb Code    78  h1_free.o(.text)
    __2sprintf                               0x08007755   Thumb Code    34  noretval__2sprintf.o(.text)
    _printf_pre_padding                      0x0800777d   Thumb Code    44  _printf_pad.o(.text)
    _printf_post_padding                     0x080077a9   Thumb Code    34  _printf_pad.o(.text)
    _printf_int_dec                          0x080077cd   Thumb Code   104  _printf_dec.o(.text)
    _printf_int_hex                          0x08007845   Thumb Code    84  _printf_hex_int.o(.text)
    _printf_longlong_hex                     0x08007845   Thumb Code     0  _printf_hex_int.o(.text)
    __printf                                 0x0800789d   Thumb Code   308  __printf_flags_wp.o(.text)
    strncmp                                  0x080079d5   Thumb Code   150  strncmp.o(.text)
    __aeabi_memcpy                           0x08007a6b   Thumb Code     0  rt_memcpy_v6.o(.text)
    __rt_memcpy                              0x08007a6b   Thumb Code   138  rt_memcpy_v6.o(.text)
    _memcpy_lastbytes                        0x08007ad1   Thumb Code     0  rt_memcpy_v6.o(.text)
    __aeabi_memclr4                          0x08007af5   Thumb Code     0  rt_memclr_w.o(.text)
    __aeabi_memclr8                          0x08007af5   Thumb Code     0  rt_memclr_w.o(.text)
    __rt_memclr_w                            0x08007af5   Thumb Code    78  rt_memclr_w.o(.text)
    _memset_w                                0x08007af9   Thumb Code     0  rt_memclr_w.o(.text)
    __use_two_region_memory                  0x08007b43   Thumb Code     2  heapauxi.o(.text)
    __rt_heap_escrow                         0x08007b45   Thumb Code     2  heapauxi.o(.text)
    __rt_heap_expand                         0x08007b47   Thumb Code     2  heapauxi.o(.text)
    __rt_heap_descriptor                     0x08007b49   Thumb Code     8  rt_heap_descriptor_intlibspace.o(.text)
    __use_no_heap                            0x08007b51   Thumb Code     2  hguard.o(.text)
    __heap$guard                             0x08007b53   Thumb Code     2  hguard.o(.text)
    _terminate_user_alloc                    0x08007b55   Thumb Code     2  init_alloc.o(.text)
    _init_user_alloc                         0x08007b57   Thumb Code     2  init_alloc.o(.text)
    __Heap_Full                              0x08007b59   Thumb Code    34  init_alloc.o(.text)
    __Heap_Broken                            0x08007b7b   Thumb Code     6  init_alloc.o(.text)
    _init_alloc                              0x08007b81   Thumb Code    94  init_alloc.o(.text)
    __Heap_Initialize                        0x08007bdf   Thumb Code    10  h1_init.o(.text)
    __Heap_DescSize                          0x08007be9   Thumb Code     4  h1_init.o(.text)
    _printf_int_common                       0x08007bed   Thumb Code   178  _printf_intcommon.o(.text)
    _printf_char_common                      0x08007cab   Thumb Code    32  _printf_char_common.o(.text)
    _sputc                                   0x08007cd1   Thumb Code    10  _sputc.o(.text)
    __aeabi_memcpy4                          0x08007cdb   Thumb Code     0  rt_memcpy_w.o(.text)
    __aeabi_memcpy8                          0x08007cdb   Thumb Code     0  rt_memcpy_w.o(.text)
    __rt_memcpy_w                            0x08007cdb   Thumb Code   100  rt_memcpy_w.o(.text)
    _memcpy_lastbytes_aligned                0x08007d23   Thumb Code     0  rt_memcpy_w.o(.text)
    __user_libspace                          0x08007d41   Thumb Code     8  libspace.o(.text)
    __user_perproc_libspace                  0x08007d41   Thumb Code     0  libspace.o(.text)
    __user_perthread_libspace                0x08007d41   Thumb Code     0  libspace.o(.text)
    __Heap_ProvideMemory                     0x08007d49   Thumb Code    52  h1_extend.o(.text)
    __rt_SIGRTMEM                            0x08007d7d   Thumb Code    14  defsig_rtmem_outer.o(.text)
    __I$use$semihosting                      0x08007d8b   Thumb Code     0  use_no_semi.o(.text)
    __use_no_semihosting_swi                 0x08007d8b   Thumb Code     2  use_no_semi.o(.text)
    __semihosting_library_function           0x08007d8d   Thumb Code     0  indicate_semi.o(.text)
    __user_setup_stackheap                   0x08007d8d   Thumb Code    74  sys_stackheap_outer.o(.text)
    exit                                     0x08007dd7   Thumb Code    12  exit.o(.text)
    __sig_exit                               0x08007de3   Thumb Code    10  defsig_exit.o(.text)
    __rt_SIGRTMEM_inner                      0x08007ded   Thumb Code    22  defsig_rtmem_inner.o(.text)
    _sys_exit                                0x08007e3d   Thumb Code     8  sys_exit.o(.text)
    __default_signal_display                 0x08007e49   Thumb Code    50  defsig_general.o(.text)
    _ttywrch                                 0x08007e7b   Thumb Code    14  sys_wrch.o(.text)
    _is_digit                                0x08007e89   Thumb Code    14  __printf_wp.o(i._is_digit)
    __aeabi_d2uiz                            0x08007e99   Thumb Code     0  dfixu.o(x$fpl$dfixu)
    _dfixu                                   0x08007e99   Thumb Code    90  dfixu.o(x$fpl$dfixu)
    __aeabi_ui2d                             0x08007ef3   Thumb Code     0  dflt_clz.o(x$fpl$dfltu)
    _dfltu                                   0x08007ef3   Thumb Code    38  dflt_clz.o(x$fpl$dfltu)
    __aeabi_dmul                             0x08007f19   Thumb Code     0  dmul.o(x$fpl$dmul)
    _dmul                                    0x08007f19   Thumb Code   332  dmul.o(x$fpl$dmul)
    __fpl_dnaninf                            0x0800806d   Thumb Code   156  dnaninf.o(x$fpl$dnaninf)
    __fpl_dretinf                            0x08008109   Thumb Code    12  dretinf.o(x$fpl$dretinf)
    _fp_init                                 0x08008115   Thumb Code    10  fpinit.o(x$fpl$fpinit)
    __fplib_config_fpu_vfp                   0x0800811d   Thumb Code     0  fpinit.o(x$fpl$fpinit)
    __fplib_config_pureend_doubles           0x0800811d   Thumb Code     0  fpinit.o(x$fpl$fpinit)
    __I$use$fp                               0x0800811e   Number         0  usenofp.o(x$fpl$usenofp)
    Region$$Table$$Base                      0x08008740   Number         0  anon$$obj.o(Region$$Table)
    Region$$Table$$Limit                     0x08008760   Number         0  anon$$obj.o(Region$$Table)
    TM_USART1                                0x20000010   Data          16  tm_stm32f4_usart_1.o(.data)
    TM_USART2                                0x20000020   Data          16  tm_stm32f4_usart_1.o(.data)
    TM_USART3                                0x20000030   Data          16  tm_stm32f4_usart_1.o(.data)
    TM_UART4                                 0x20000040   Data          16  tm_stm32f4_usart_1.o(.data)
    TM_UART5                                 0x20000050   Data          16  tm_stm32f4_usart_1.o(.data)
    TM_USART6                                0x20000060   Data          16  tm_stm32f4_usart_1.o(.data)
    TM_DELAY_Initialized                     0x20000070   Data           1  tm_stm32f4_delay.o(.data)
    TM_Time                                  0x20000074   Data           4  tm_stm32f4_delay.o(.data)
    TM_Time2                                 0x20000078   Data           4  tm_stm32f4_delay.o(.data)
    mult                                     0x2000007c   Data           4  tm_stm32f4_delay.o(.data)
    Process                                  0x20000088   Data           1  main.o(.data)
    flag_RFID1                               0x20000089   Data           1  main.o(.data)
    flag_PC                                  0x2000008a   Data           1  main.o(.data)
    counter                                  0x2000008b   Data           1  main.o(.data)
    flag_485                                 0x2000008c   Data           1  main.o(.data)
    flag_W1D1                                0x2000008d   Data           1  main.o(.data)
    flag_W1D0                                0x2000008e   Data           1  main.o(.data)
    flag_R11                                 0x2000008f   Data           1  main.o(.data)
    flag_R21                                 0x20000090   Data           1  main.o(.data)
    flag_R12                                 0x20000091   Data           1  main.o(.data)
    flag_R22                                 0x20000092   Data           1  main.o(.data)
    flag_R31                                 0x20000093   Data           1  main.o(.data)
    value_dip                                0x20000094   Data           1  main.o(.data)
    express                                  0x20000097   Data           1  main.o(.data)
    SelectCard                               0x20000098   Data           4  main.o(.data)
    LEDStatus                                0x2000009c   Data           4  main.o(.data)
    timeout                                  0x200000a0   Data           4  main.o(.data)
    timerdk1                                 0x200000a4   Data           4  main.o(.data)
    timerdk2                                 0x200000a8   Data           4  main.o(.data)
    timerdk3                                 0x200000ac   Data           4  main.o(.data)
    timerdk4                                 0x200000b0   Data           4  main.o(.data)
    timer_dk1                                0x200000b4   Data           4  main.o(.data)
    timer_dk2                                0x200000b8   Data           4  main.o(.data)
    timer_dk3                                0x200000bc   Data           4  main.o(.data)
    timer_dk4                                0x200000c0   Data           4  main.o(.data)
    CustomTimer1                             0x200000c4   Data           4  main.o(.data)
    CustomTimer2                             0x200000c8   Data           4  main.o(.data)
    IDCAR1                                   0x200000cc   Data           7  main.o(.data)
    customChar                               0x200000d3   Data           8  main.o(.data)
    SystemCoreClock                          0x200000dc   Data           4  system_stm32f4xx.o(.data)
    AHBPrescTable                            0x200000e0   Data          16  system_stm32f4xx.o(.data)
    FATFS_LowLevelDrivers                    0x200000f0   Data         180  diskio.o(.data)
    TransferError                            0x200001a8   Data           1  fatfs_sd_sdio.o(.data)
    StopCondition                            0x200001b4   Data           4  fatfs_sd_sdio.o(.data)
    TransferEnd                              0x200001b8   Data           4  fatfs_sd_sdio.o(.data)
    DMAEndOfTransfer                         0x200001bc   Data           4  fatfs_sd_sdio.o(.data)
    TM_USART1_Buffer                         0x200001d6   Data          32  tm_stm32f4_usart_1.o(.bss)
    TM_USART2_Buffer                         0x200001f6   Data          32  tm_stm32f4_usart_1.o(.bss)
    TM_USART3_Buffer                         0x20000216   Data          32  tm_stm32f4_usart_1.o(.bss)
    TM_UART4_Buffer                          0x20000236   Data          32  tm_stm32f4_usart_1.o(.bss)
    TM_UART5_Buffer                          0x20000256   Data          32  tm_stm32f4_usart_1.o(.bss)
    TM_USART6_Buffer                         0x20000276   Data          32  tm_stm32f4_usart_1.o(.bss)
    BufferCom1                               0x200002b0   Data          50  main.o(.bss)
    BufferCom2                               0x200002e2   Data          50  main.o(.bss)
    UID1                                     0x20000314   Data          20  main.o(.bss)
    SDCardInfo                               0x20000380   Data          88  fatfs_sd_sdio.o(.bss)
    SDIO_InitStructure                       0x200003d8   Data          24  fatfs_sd_sdio.o(.bss)
    SDIO_CmdInitStructure                    0x200003f0   Data          20  fatfs_sd_sdio.o(.bss)
    SDIO_DataInitStructure                   0x20000404   Data          24  fatfs_sd_sdio.o(.bss)
    __libspace_start                         0x2000041c   Data          96  libspace.o(.bss)
    __temporary_stack_top$libspace           0x2000047c   Data           0  libspace.o(.bss)



==============================================================================

Memory Map of the image

  Image Entry point : 0x08000189

  Load Region LR_IROM1 (Base: 0x08000000, Size: 0x00008920, Max: 0x00080000, ABSOLUTE, COMPRESSED[0x000087e0])

    Execution Region ER_IROM1 (Base: 0x08000000, Size: 0x00008760, Max: 0x00080000, ABSOLUTE)

    Base Addr    Size         Type   Attr      Idx    E Section Name        Object

    0x08000000   0x00000188   Data   RO            3    RESET               startup_stm32f40_41xxx.o
    0x08000188   0x00000008   Code   RO          200  * !!!main             c_w.l(__main.o)
    0x08000190   0x00000034   Code   RO          364    !!!scatter          c_w.l(__scatter.o)
    0x080001c4   0x0000005a   Code   RO          363    !!dczerorl2         c_w.l(__dczerorl2.o)
    0x0800021e   0x00000002   PAD
    0x08000220   0x0000001c   Code   RO          365    !!handler_zi        c_w.l(__scatter_zi.o)
    0x0800023c   0x00000000   Code   RO          195    .ARM.Collect$$_printf_percent$$00000000  c_w.l(_printf_percent.o)
    0x0800023c   0x00000006   Code   RO          194    .ARM.Collect$$_printf_percent$$00000009  c_w.l(_printf_d.o)
    0x08000242   0x00000006   Code   RO          193    .ARM.Collect$$_printf_percent$$0000000C  c_w.l(_printf_x.o)
    0x08000248   0x00000004   Code   RO          225    .ARM.Collect$$_printf_percent$$00000017  c_w.l(_printf_percent_end.o)
    0x0800024c   0x00000002   Code   RO          319    .ARM.Collect$$libinit$$00000000  c_w.l(libinit.o)
    0x0800024e   0x00000004   Code   RO          228    .ARM.Collect$$libinit$$00000001  c_w.l(libinit2.o)
    0x08000252   0x00000000   Code   RO          231    .ARM.Collect$$libinit$$00000004  c_w.l(libinit2.o)
    0x08000252   0x00000008   Code   RO          232    .ARM.Collect$$libinit$$00000005  c_w.l(libinit2.o)
    0x0800025a   0x00000000   Code   RO          234    .ARM.Collect$$libinit$$0000000A  c_w.l(libinit2.o)
    0x0800025a   0x00000000   Code   RO          236    .ARM.Collect$$libinit$$0000000C  c_w.l(libinit2.o)
    0x0800025a   0x00000000   Code   RO          238    .ARM.Collect$$libinit$$0000000E  c_w.l(libinit2.o)
    0x0800025a   0x00000000   Code   RO          241    .ARM.Collect$$libinit$$00000011  c_w.l(libinit2.o)
    0x0800025a   0x00000000   Code   RO          243    .ARM.Collect$$libinit$$00000013  c_w.l(libinit2.o)
    0x0800025a   0x00000000   Code   RO          245    .ARM.Collect$$libinit$$00000015  c_w.l(libinit2.o)
    0x0800025a   0x00000000   Code   RO          247    .ARM.Collect$$libinit$$00000017  c_w.l(libinit2.o)
    0x0800025a   0x00000000   Code   RO          249    .ARM.Collect$$libinit$$00000019  c_w.l(libinit2.o)
    0x0800025a   0x00000000   Code   RO          251    .ARM.Collect$$libinit$$0000001B  c_w.l(libinit2.o)
    0x0800025a   0x00000000   Code   RO          253    .ARM.Collect$$libinit$$0000001D  c_w.l(libinit2.o)
    0x0800025a   0x00000000   Code   RO          255    .ARM.Collect$$libinit$$0000001F  c_w.l(libinit2.o)
    0x0800025a   0x00000000   Code   RO          257    .ARM.Collect$$libinit$$00000021  c_w.l(libinit2.o)
    0x0800025a   0x00000000   Code   RO          259    .ARM.Collect$$libinit$$00000023  c_w.l(libinit2.o)
    0x0800025a   0x00000000   Code   RO          261    .ARM.Collect$$libinit$$00000025  c_w.l(libinit2.o)
    0x0800025a   0x00000000   Code   RO          265    .ARM.Collect$$libinit$$0000002C  c_w.l(libinit2.o)
    0x0800025a   0x00000000   Code   RO          267    .ARM.Collect$$libinit$$0000002E  c_w.l(libinit2.o)
    0x0800025a   0x00000000   Code   RO          269    .ARM.Collect$$libinit$$00000030  c_w.l(libinit2.o)
    0x0800025a   0x00000000   Code   RO          271    .ARM.Collect$$libinit$$00000032  c_w.l(libinit2.o)
    0x0800025a   0x00000002   Code   RO          272    .ARM.Collect$$libinit$$00000033  c_w.l(libinit2.o)
    0x0800025c   0x00000002   Code   RO          360    .ARM.Collect$$libshutdown$$00000000  c_w.l(libshutdown.o)
    0x0800025e   0x00000000   Code   RO          329    .ARM.Collect$$libshutdown$$00000003  c_w.l(libshutdown2.o)
    0x0800025e   0x00000000   Code   RO          332    .ARM.Collect$$libshutdown$$00000006  c_w.l(libshutdown2.o)
    0x0800025e   0x00000000   Code   RO          335    .ARM.Collect$$libshutdown$$00000009  c_w.l(libshutdown2.o)
    0x0800025e   0x00000000   Code   RO          337    .ARM.Collect$$libshutdown$$0000000B  c_w.l(libshutdown2.o)
    0x0800025e   0x00000000   Code   RO          340    .ARM.Collect$$libshutdown$$0000000E  c_w.l(libshutdown2.o)
    0x0800025e   0x00000002   Code   RO          341    .ARM.Collect$$libshutdown$$0000000F  c_w.l(libshutdown2.o)
    0x08000260   0x00000000   Code   RO          208    .ARM.Collect$$rtentry$$00000000  c_w.l(__rtentry.o)
    0x08000260   0x00000000   Code   RO          280    .ARM.Collect$$rtentry$$00000002  c_w.l(__rtentry2.o)
    0x08000260   0x00000006   Code   RO          292    .ARM.Collect$$rtentry$$00000004  c_w.l(__rtentry4.o)
    0x08000266   0x00000000   Code   RO          282    .ARM.Collect$$rtentry$$00000009  c_w.l(__rtentry2.o)
    0x08000266   0x00000004   Code   RO          283    .ARM.Collect$$rtentry$$0000000A  c_w.l(__rtentry2.o)
    0x0800026a   0x00000000   Code   RO          285    .ARM.Collect$$rtentry$$0000000C  c_w.l(__rtentry2.o)
    0x0800026a   0x00000008   Code   RO          286    .ARM.Collect$$rtentry$$0000000D  c_w.l(__rtentry2.o)
    0x08000272   0x00000002   Code   RO          321    .ARM.Collect$$rtexit$$00000000  c_w.l(rtexit.o)
    0x08000274   0x00000000   Code   RO          344    .ARM.Collect$$rtexit$$00000002  c_w.l(rtexit2.o)
    0x08000274   0x00000004   Code   RO          345    .ARM.Collect$$rtexit$$00000003  c_w.l(rtexit2.o)
    0x08000278   0x00000006   Code   RO          346    .ARM.Collect$$rtexit$$00000004  c_w.l(rtexit2.o)
    0x0800027e   0x00000002   PAD
    0x08000280   0x00000000   Code   RO          295    .emb_text           c_w.l(maybetermalloc1.o)
    0x08000280   0x00000040   Code   RO            4    .text               startup_stm32f40_41xxx.o
    0x080002c0   0x000000b0   Code   RO            8    .text               misc.o
    0x08000370   0x00000480   Code   RO           12    .text               stm32f4xx_rcc.o
    0x080007f0   0x0000020c   Code   RO           17    .text               stm32f4xx_gpio.o
    0x080009fc   0x000001b8   Code   RO           21    .text               stm32f4xx_sdio.o
    0x08000bb4   0x00000320   Code   RO           25    .text               stm32f4xx_dma.o
    0x08000ed4   0x00000358   Code   RO           29    .text               stm32f4xx_usart.o
    0x0800122c   0x00000174   Code   RO           42    .text               tm_stm32f4_fatfs_1.o
    0x080013a0   0x0000029c   Code   RO           46    .text               tm_stm32f4_gpio.o
    0x0800163c   0x000006a4   Code   RO           51    .text               tm_stm32f4_usart_1.o
    0x08001ce0   0x00000180   Code   RO           66    .text               tm_stm32f4_delay.o
    0x08001e60   0x0000033c   Code   RO           73    .text               tm_stm32f4_exti.o
    0x0800219c   0x000002f8   Code   RO           77    .text               tm_stm32f4_hd44780.o
    0x08002494   0x000000b8   Code   RO           82    .text               tm_stm32f4_watchdog.o
    0x0800254c   0x00000948   Code   RO           86    .text               main.o
    0x08002e94   0x0000001a   Code   RO          102    .text               stm32f4xx_it.o
    0x08002eae   0x00000002   PAD
    0x08002eb0   0x0000017c   Code   RO          106    .text               system_stm32f4xx.o
    0x0800302c   0x00000130   Code   RO          111    .text               diskio.o
    0x0800315c   0x00002b20   Code   RO          113    .text               ff.o
    0x08005c7c   0x00000008   Code   RO          118    .text               syscall.o
    0x08005c84   0x0000005c   Code   RO          119    .text               unicode.o
    0x08005ce0   0x000019c6   Code   RO          124    .text               fatfs_sd_sdio.o
    0x080076a6   0x0000005e   Code   RO          131    .text               c_w.l(h1_alloc.o)
    0x08007704   0x0000004e   Code   RO          132    .text               c_w.l(h1_free.o)
    0x08007752   0x00000002   PAD
    0x08007754   0x00000028   Code   RO          162    .text               c_w.l(noretval__2sprintf.o)
    0x0800777c   0x0000004e   Code   RO          164    .text               c_w.l(_printf_pad.o)
    0x080077ca   0x00000002   PAD
    0x080077cc   0x00000078   Code   RO          165    .text               c_w.l(_printf_dec.o)
    0x08007844   0x00000058   Code   RO          168    .text               c_w.l(_printf_hex_int.o)
    0x0800789c   0x00000138   Code   RO          188    .text               c_w.l(__printf_flags_wp.o)
    0x080079d4   0x00000096   Code   RO          196    .text               c_w.l(strncmp.o)
    0x08007a6a   0x0000008a   Code   RO          197    .text               c_w.l(rt_memcpy_v6.o)
    0x08007af4   0x0000004e   Code   RO          198    .text               c_w.l(rt_memclr_w.o)
    0x08007b42   0x00000006   Code   RO          199    .text               c_w.l(heapauxi.o)
    0x08007b48   0x00000008   Code   RO          211    .text               c_w.l(rt_heap_descriptor_intlibspace.o)
    0x08007b50   0x00000004   Code   RO          212    .text               c_w.l(hguard.o)
    0x08007b54   0x0000008a   Code   RO          213    .text               c_w.l(init_alloc.o)
    0x08007bde   0x0000000e   Code   RO          215    .text               c_w.l(h1_init.o)
    0x08007bec   0x000000b2   Code   RO          222    .text               c_w.l(_printf_intcommon.o)
    0x08007c9e   0x00000002   PAD
    0x08007ca0   0x00000030   Code   RO          223    .text               c_w.l(_printf_char_common.o)
    0x08007cd0   0x0000000a   Code   RO          224    .text               c_w.l(_sputc.o)
    0x08007cda   0x00000064   Code   RO          226    .text               c_w.l(rt_memcpy_w.o)
    0x08007d3e   0x00000002   PAD
    0x08007d40   0x00000008   Code   RO          277    .text               c_w.l(libspace.o)
    0x08007d48   0x00000034   Code   RO          297    .text               c_w.l(h1_extend.o)
    0x08007d7c   0x0000000e   Code   RO          300    .text               c_w.l(defsig_rtmem_outer.o)
    0x08007d8a   0x00000002   Code   RO          306    .text               c_w.l(use_no_semi.o)
    0x08007d8c   0x00000000   Code   RO          307    .text               c_w.l(indicate_semi.o)
    0x08007d8c   0x0000004a   Code   RO          308    .text               c_w.l(sys_stackheap_outer.o)
    0x08007dd6   0x0000000c   Code   RO          311    .text               c_w.l(exit.o)
    0x08007de2   0x0000000a   Code   RO          312    .text               c_w.l(defsig_exit.o)
    0x08007dec   0x00000050   Code   RO          313    .text               c_w.l(defsig_rtmem_inner.o)
    0x08007e3c   0x0000000c   Code   RO          320    .text               c_w.l(sys_exit.o)
    0x08007e48   0x00000032   Code   RO          326    .text               c_w.l(defsig_general.o)
    0x08007e7a   0x0000000e   Code   RO          342    .text               c_w.l(sys_wrch.o)
    0x08007e88   0x0000000e   Code   RO          187    i._is_digit         c_w.l(__printf_wp.o)
    0x08007e96   0x00000002   PAD
    0x08007e98   0x0000005a   Code   RO          201    x$fpl$dfixu         fz_wm.l(dfixu.o)
    0x08007ef2   0x00000026   Code   RO          203    x$fpl$dfltu         fz_wm.l(dflt_clz.o)
    0x08007f18   0x00000154   Code   RO          206    x$fpl$dmul          fz_wm.l(dmul.o)
    0x0800806c   0x0000009c   Code   RO          273    x$fpl$dnaninf       fz_wm.l(dnaninf.o)
    0x08008108   0x0000000c   Code   RO          274    x$fpl$dretinf       fz_wm.l(dretinf.o)
    0x08008114   0x0000000a   Code   RO          305    x$fpl$fpinit        fz_wm.l(fpinit.o)
    0x0800811e   0x00000000   Code   RO          275    x$fpl$usenofp       fz_wm.l(usenofp.o)
    0x0800811e   0x00000002   PAD
    0x08008120   0x000000e0   Data   RO          115    .constdata          ff.o
    0x08008200   0x000004c0   Data   RO          120    .constdata          unicode.o
    0x080086c0   0x00000028   Data   RO          169    .constdata          c_w.l(_printf_hex_int.o)
    0x080086e8   0x00000011   Data   RO          189    .constdata          c_w.l(__printf_flags_wp.o)
    0x080086f9   0x00000003   PAD
    0x080086fc   0x00000042   Data   RO          116    .conststring        ff.o
    0x0800873e   0x00000002   PAD
    0x08008740   0x00000020   Data   RO          361    Region$$Table       anon$$obj.o


    Execution Region RW_IRAM1 (Base: 0x20000000, Size: 0x00000c80, Max: 0x00020000, ABSOLUTE, COMPRESSED[0x00000080])

    Base Addr    Size         Type   Attr      Idx    E Section Name        Object

    0x20000000   0x00000010   Data   RW           13    .data               stm32f4xx_rcc.o
    0x20000010   0x00000060   Data   RW           58    .data               tm_stm32f4_usart_1.o
    0x20000070   0x00000010   Data   RW           69    .data               tm_stm32f4_delay.o
    0x20000080   0x00000007   Data   RW           78    .data               tm_stm32f4_hd44780.o
    0x20000087   0x00000001   PAD
    0x20000088   0x00000053   Data   RW           90    .data               main.o
    0x200000db   0x00000001   PAD
    0x200000dc   0x00000014   Data   RW          107    .data               system_stm32f4xx.o
    0x200000f0   0x000000b4   Data   RW          112    .data               diskio.o
    0x200001a4   0x00000004   Data   RW          117    .data               ff.o
    0x200001a8   0x00000018   Data   RW          126    .data               fatfs_sd_sdio.o
    0x200001c0   0x00000016   Zero   RW           47    .bss                tm_stm32f4_gpio.o
    0x200001d6   0x00000020   Zero   RW           52    .bss                tm_stm32f4_usart_1.o
    0x200001f6   0x00000020   Zero   RW           53    .bss                tm_stm32f4_usart_1.o
    0x20000216   0x00000020   Zero   RW           54    .bss                tm_stm32f4_usart_1.o
    0x20000236   0x00000020   Zero   RW           55    .bss                tm_stm32f4_usart_1.o
    0x20000256   0x00000020   Zero   RW           56    .bss                tm_stm32f4_usart_1.o
    0x20000276   0x00000020   Zero   RW           57    .bss                tm_stm32f4_usart_1.o
    0x20000296   0x00000002   PAD
    0x20000298   0x00000018   Zero   RW           67    .bss                tm_stm32f4_delay.o
    0x200002b0   0x00000078   Zero   RW           87    .bss                main.o
    0x20000328   0x00000024   Zero   RW          114    .bss                ff.o
    0x2000034c   0x00000004   PAD
    0x20000350   0x000000cc   Zero   RW          125    .bss                fatfs_sd_sdio.o
    0x2000041c   0x00000060   Zero   RW          278    .bss                c_w.l(libspace.o)
    0x2000047c   0x00000004   PAD
    0x20000480   0x00000400   Zero   RW            2    HEAP                startup_stm32f40_41xxx.o
    0x20000880   0x00000400   Zero   RW            1    STACK               startup_stm32f40_41xxx.o


==============================================================================

Image component sizes


      Code (inc. data)   RO Data    RW Data    ZI Data      Debug   Object Name

       304         10          0        180          0          0   diskio.o
      6598        128          0         24        204          0   fatfs_sd_sdio.o
     11040        156        290          4         36          0   ff.o
      2376        442          0         83        120          0   main.o
       176         12          0          0          0          0   misc.o
        64         26        392          0       2048          0   startup_stm32f40_41xxx.o
       800         32          0          0          0          0   stm32f4xx_dma.o
       524         44          0          0          0          0   stm32f4xx_gpio.o
        26          0          0          0          0          0   stm32f4xx_it.o
      1152         48          0         16          0          0   stm32f4xx_rcc.o
       440         14          0          0          0          0   stm32f4xx_sdio.o
       856         32          0          0          0          0   stm32f4xx_usart.o
         8          0          0          0          0          0   syscall.o
       380         36          0         20          0          0   system_stm32f4xx.o
       384         22          0         16         24          0   tm_stm32f4_delay.o
       828         14          0          0          0          0   tm_stm32f4_exti.o
       372         16          0          0          0          0   tm_stm32f4_fatfs_1.o
       668         14          0          0         22          0   tm_stm32f4_gpio.o
       760         16          0          7          0          0   tm_stm32f4_hd44780.o
      1700         80          0         96        192          0   tm_stm32f4_usart_1.o
       184         10          0          0          0          0   tm_stm32f4_watchdog.o
        92         12       1216          0          0          0   unicode.o

    ----------------------------------------------------------------------
     29734       1164       1932        448       2652          0   Object Totals
         0          0         32          0          0          0   (incl. Generated)
         2          0          2          2          6          0   (incl. Padding)

    ----------------------------------------------------------------------

      Code (inc. data)   RO Data    RW Data    ZI Data      Debug   Library Member Name

        90          0          0          0          0          0   __dczerorl2.o
         8          0          0          0          0          0   __main.o
       312          4         17          0          0          0   __printf_flags_wp.o
        14          0          0          0          0          0   __printf_wp.o
         0          0          0          0          0          0   __rtentry.o
        12          0          0          0          0          0   __rtentry2.o
         6          0          0          0          0          0   __rtentry4.o
        52          8          0          0          0          0   __scatter.o
        28          0          0          0          0          0   __scatter_zi.o
        48          6          0          0          0          0   _printf_char_common.o
         6          0          0          0          0          0   _printf_d.o
       120         16          0          0          0          0   _printf_dec.o
        88          4         40          0          0          0   _printf_hex_int.o
       178          0          0          0          0          0   _printf_intcommon.o
        78          0          0          0          0          0   _printf_pad.o
         0          0          0          0          0          0   _printf_percent.o
         4          0          0          0          0          0   _printf_percent_end.o
         6          0          0          0          0          0   _printf_x.o
        10          0          0          0          0          0   _sputc.o
        10          0          0          0          0          0   defsig_exit.o
        50          0          0          0          0          0   defsig_general.o
        80         58          0          0          0          0   defsig_rtmem_inner.o
        14          0          0          0          0          0   defsig_rtmem_outer.o
        12          0          0          0          0          0   exit.o
        94          0          0          0          0          0   h1_alloc.o
        52          0          0          0          0          0   h1_extend.o
        78          0          0          0          0          0   h1_free.o
        14          0          0          0          0          0   h1_init.o
         6          0          0          0          0          0   heapauxi.o
         4          0          0          0          0          0   hguard.o
         0          0          0          0          0          0   indicate_semi.o
       138          0          0          0          0          0   init_alloc.o
         2          0          0          0          0          0   libinit.o
        14          0          0          0          0          0   libinit2.o
         2          0          0          0          0          0   libshutdown.o
         2          0          0          0          0          0   libshutdown2.o
         8          4          0          0         96          0   libspace.o
         0          0          0          0          0          0   maybetermalloc1.o
        40          6          0          0          0          0   noretval__2sprintf.o
         8          4          0          0          0          0   rt_heap_descriptor_intlibspace.o
        78          0          0          0          0          0   rt_memclr_w.o
       138          0          0          0          0          0   rt_memcpy_v6.o
       100          0          0          0          0          0   rt_memcpy_w.o
         2          0          0          0          0          0   rtexit.o
        10          0          0          0          0          0   rtexit2.o
       150          0          0          0          0          0   strncmp.o
        12          4          0          0          0          0   sys_exit.o
        74          0          0          0          0          0   sys_stackheap_outer.o
        14          0          0          0          0          0   sys_wrch.o
         2          0          0          0          0          0   use_no_semi.o
        90          4          0          0          0          0   dfixu.o
        38          0          0          0          0          0   dflt_clz.o
       340         12          0          0          0          0   dmul.o
       156          4          0          0          0          0   dnaninf.o
        12          0          0          0          0          0   dretinf.o
        10          0          0          0          0          0   fpinit.o
         0          0          0          0          0          0   usenofp.o

    ----------------------------------------------------------------------
      2930        134         60          0        100          0   Library Totals
        16          0          3          0          4          0   (incl. Padding)

    ----------------------------------------------------------------------

      Code (inc. data)   RO Data    RW Data    ZI Data      Debug   Library Name

      2268        114         57          0         96          0   c_w.l
       646         20          0          0          0          0   fz_wm.l

    ----------------------------------------------------------------------
      2930        134         60          0        100          0   Library Totals

    ----------------------------------------------------------------------

==============================================================================


      Code (inc. data)   RO Data    RW Data    ZI Data      Debug   

     32664       1298       1992        448       2752          0   Grand Totals
     32664       1298       1992        128       2752          0   ELF Image Totals (compressed)
     32664       1298       1992        128          0          0   ROM Totals

==============================================================================

    Total RO  Size (Code + RO Data)                34656 (  33.84kB)
    Total RW  Size (RW Data + ZI Data)              3200 (   3.13kB)
    Total ROM Size (Code + RO Data + RW Data)      34784 (  33.97kB)

==============================================================================

