<html>
<body>
<pre>
<h1>µVision Build Log</h1>
<h2>Tool Versions:</h2>
IDE-Version: µVision V5.14.0.0
Copyright (C) 2015 ARM Ltd and ARM Germany GmbH. All rights reserved.
License Information: Duc Tran, Duc Tran, LIC=9WS74-FYDXX-XU841-CJ644-S44UD-QMSK9
 
Tool Versions:
Toolchain:       MDK-ARM Standard  Version: 5.14.0.0
Toolchain Path:  E:\Keil_v5\ARM\ARMCC\Bin
C Compiler:      Armcc.exe V5.05 update 1 (build 106)
Assembler:       Armasm.exe V5.05 update 1 (build 106)
Linker/Locator:  ArmLink.exe V5.05 update 1 (build 106)
Library Manager: ArmAr.exe V5.05 update 1 (build 106)
Hex Converter:   FromElf.exe V5.05 update 1 (build 106)
CPU DLL:         SARMCM3.DLL V5.14.0.0
Dialog DLL:      DCM.DLL V1.13.1.0
Target DLL:      UL2CM3.DLL V1.155.0.0
Dialog DLL:      TCM.DLL V1.14.4.0
 
<h2>Project:</h2>
E:\Duc-TisRD\STM32F4xx_Project1_control_actor\project.uvprojx
Project File Date:  10/01/2015

<h2>Output:</h2>
Rebuild target 'STM32F4-Discovery'
assembling startup_stm32f40_41xxx.s...
compiling misc.c...
compiling stm32f4xx_rcc.c...
compiling stm32f4xx_gpio.c...
compiling stm32f4xx_sdio.c...
compiling stm32f4xx_dma.c...
compiling stm32f4xx_usart.c...
compiling stm32f4xx_adc.c...
compiling tm_stm32f4_disco.c...
compiling tm_stm32f4_fatfs.c...
compiling tm_stm32f4_gpio.c...
compiling tm_stm32f4_usart.c...
compiling tm_stm32f4_adc.c...
compiling tm_stm32f4_delay.c...
compiling tm_stm32f4_exti.c...
compiling tm_stm32f4_hd44780.c...
compiling tm_stm32f4_watchdog.c...
compiling main.c...
..\STM32F4xx_Project1_control_actor\myfunsion.h(45): warning:  #1-D: last line of file ends without a newline
  FRESULT TM_FATFS_TruncateBeginning(FIL* fil, uint32_t index);
.\Sim5215\sim5215.h(8): warning:  #1295-D: Deprecated declaration init_sim5215 - give arg types
  void init_sim5215();
.\Sim5215\sim5215.h(9): warning:  #1295-D: Deprecated declaration Disconnect_server - give arg types
  void Disconnect_server();
.\Sim5215\sim5215.h(10): warning:  #1295-D: Deprecated declaration Connect_server - give arg types
  void Connect_server();
User\main.c(75): warning:  #1295-D: Deprecated declaration init_485 - give arg types
  void init_485();
User\main.c(76): warning:  #1295-D: Deprecated declaration send_485 - give arg types
  int send_485();
User\main.c(77): warning:  #1295-D: Deprecated declaration recv_485 - give arg types
  int recv_485();
User\main.c(89): warning:  #1295-D: Deprecated declaration turn_on_dk1 - give arg types
  int turn_on_dk1();
User\main.c(90): warning:  #1295-D: Deprecated declaration turn_off_dk1 - give arg types
  int turn_off_dk1();
User\main.c(91): warning:  #1295-D: Deprecated declaration turn_on_dk2 - give arg types
  int   turn_on_dk2();
User\main.c(92): warning:  #1295-D: Deprecated declaration turn_off_dk2 - give arg types
  int turn_off_dk2();
User\main.c(110): warning:  #177-D: variable "adc_str" was declared but never referenced
                char adc_str[15];
User\main.c(111): warning:  #177-D: variable "i" was declared but never referenced
                int i = 0;
User\main.c(112): warning:  #177-D: variable "count_s" was declared but never referenced
                int count_s = 0;
User\main.c(113): warning:  #177-D: variable "is_write" was declared but never referenced
                int is_write = 1;  // 1: che do ghi the nho, 0: che do day len sv
User\main.c(118): warning:  #177-D: variable "total" was declared but never referenced
        uint32_t total, free;
User\main.c(118): warning:  #177-D: variable "free" was declared but never referenced
        uint32_t total, free;
User\main.c(526): warning:  #177-D: variable "k" was declared but never referenced
        int k =0;
User\main.c(527): warning:  #177-D: variable "i" was declared but never referenced
        int i=0;
User\main.c(553): warning:  #940-D: missing return statement at end of non-void function "turn_on_dk1"
  }
User\main.c(556): warning:  #940-D: missing return statement at end of non-void function "turn_off_dk1"
  }
User\main.c(559): warning:  #940-D: missing return statement at end of non-void function "turn_on_dk2"
  }
User\main.c(562): warning:  #940-D: missing return statement at end of non-void function "turn_off_dk2"
  }
User\main.c(565): warning:  #940-D: missing return statement at end of non-void function "send_485"
  }
User\main.c(568): warning:  #1-D: last line of file ends without a newline
  }
User\main.c(568): warning:  #940-D: missing return statement at end of non-void function "recv_485"
  }
User\main.c: 26 warnings, 0 errors
compiling stm32f4xx_it.c...
compiling system_stm32f4xx.c...
compiling diskio.c...
compiling ff.c...
compiling syscall.c...
compiling unicode.c...
compiling fatfs_sd_sdio.c...
compiling sim5215.c...
Sim5215\sim5215.h(8): warning:  #1295-D: Deprecated declaration init_sim5215 - give arg types
  void init_sim5215();
Sim5215\sim5215.h(9): warning:  #1295-D: Deprecated declaration Disconnect_server - give arg types
  void Disconnect_server();
Sim5215\sim5215.h(10): warning:  #1295-D: Deprecated declaration Connect_server - give arg types
  void Connect_server();
Sim5215\sim5215.c(115): warning:  #1-D: last line of file ends without a newline
  }
Sim5215\sim5215.c: 4 warnings, 0 errors
linking...
Program Size: Code=32152 RO-data=1932 RW-data=400 ZI-data=2648  
FromELF: creating hex file...
".\Targets\STM32F4_Discovery\project.axf" - 0 Error(s), 30 Warning(s).

<h2>Collection of Component include folders:</h2>
  E:\Duc-TisRD\STM32F4xx_Project1_control_actor\RTE
  E:\Keil_v5\ARM\PACK\Keil\STM32F4xx_DFP\2.5.0

<h2>Collection of Component Files used:</h2>
</pre>
</body>
</html>
