Component: ARM Compiler 5.05 update 1 (build 106) Tool: armlink [4d0efa]

==============================================================================

Section Cross References

    startup_stm32f40_41xxx.o(STACK) refers (Special) to heapauxi.o(.text) for __use_two_region_memory
    startup_stm32f40_41xxx.o(HEAP) refers (Special) to heapauxi.o(.text) for __use_two_region_memory
    startup_stm32f40_41xxx.o(RESET) refers (Special) to heapauxi.o(.text) for __use_two_region_memory
    startup_stm32f40_41xxx.o(RESET) refers to startup_stm32f40_41xxx.o(STACK) for __initial_sp
    startup_stm32f40_41xxx.o(RESET) refers to startup_stm32f40_41xxx.o(.text) for Reset_Handler
    startup_stm32f40_41xxx.o(RESET) refers to stm32f4xx_it.o(i.NMI_Handler) for NMI_Handler
    startup_stm32f40_41xxx.o(RESET) refers to stm32f4xx_it.o(i.HardFault_Handler) for HardFault_Handler
    startup_stm32f40_41xxx.o(RESET) refers to stm32f4xx_it.o(i.MemManage_Handler) for MemManage_Handler
    startup_stm32f40_41xxx.o(RESET) refers to stm32f4xx_it.o(i.BusFault_Handler) for BusFault_Handler
    startup_stm32f40_41xxx.o(RESET) refers to stm32f4xx_it.o(i.UsageFault_Handler) for UsageFault_Handler
    startup_stm32f40_41xxx.o(RESET) refers to stm32f4xx_it.o(i.SVC_Handler) for SVC_Handler
    startup_stm32f40_41xxx.o(RESET) refers to stm32f4xx_it.o(i.DebugMon_Handler) for DebugMon_Handler
    startup_stm32f40_41xxx.o(RESET) refers to stm32f4xx_it.o(i.PendSV_Handler) for PendSV_Handler
    startup_stm32f40_41xxx.o(RESET) refers to stm32f4xx_it.o(i.SysTick_Handler) for SysTick_Handler
    startup_stm32f40_41xxx.o(RESET) refers to tm_stm32f4_exti.o(i.EXTI0_IRQHandler) for EXTI0_IRQHandler
    startup_stm32f40_41xxx.o(RESET) refers to tm_stm32f4_exti.o(i.EXTI1_IRQHandler) for EXTI1_IRQHandler
    startup_stm32f40_41xxx.o(RESET) refers to tm_stm32f4_exti.o(i.EXTI2_IRQHandler) for EXTI2_IRQHandler
    startup_stm32f40_41xxx.o(RESET) refers to tm_stm32f4_exti.o(i.EXTI3_IRQHandler) for EXTI3_IRQHandler
    startup_stm32f40_41xxx.o(RESET) refers to tm_stm32f4_exti.o(i.EXTI4_IRQHandler) for EXTI4_IRQHandler
    startup_stm32f40_41xxx.o(RESET) refers to tm_stm32f4_exti.o(i.EXTI9_5_IRQHandler) for EXTI9_5_IRQHandler
    startup_stm32f40_41xxx.o(RESET) refers to tm_stm32f4_usart_1.o(i.USART1_IRQHandler) for USART1_IRQHandler
    startup_stm32f40_41xxx.o(RESET) refers to tm_stm32f4_usart_1.o(i.USART2_IRQHandler) for USART2_IRQHandler
    startup_stm32f40_41xxx.o(RESET) refers to tm_stm32f4_usart_1.o(i.USART3_IRQHandler) for USART3_IRQHandler
    startup_stm32f40_41xxx.o(RESET) refers to tm_stm32f4_exti.o(i.EXTI15_10_IRQHandler) for EXTI15_10_IRQHandler
    startup_stm32f40_41xxx.o(RESET) refers to fatfs_sd_sdio.o(i.SDIO_IRQHandler) for SDIO_IRQHandler
    startup_stm32f40_41xxx.o(RESET) refers to tm_stm32f4_usart_1.o(i.UART4_IRQHandler) for UART4_IRQHandler
    startup_stm32f40_41xxx.o(RESET) refers to tm_stm32f4_usart_1.o(i.UART5_IRQHandler) for UART5_IRQHandler
    startup_stm32f40_41xxx.o(RESET) refers to fatfs_sd_sdio.o(i.DMA2_Stream3_IRQHandler) for DMA2_Stream3_IRQHandler
    startup_stm32f40_41xxx.o(RESET) refers to tm_stm32f4_usart_1.o(i.USART6_IRQHandler) for USART6_IRQHandler
    startup_stm32f40_41xxx.o(.text) refers (Special) to heapauxi.o(.text) for __use_two_region_memory
    startup_stm32f40_41xxx.o(.text) refers to system_stm32f4xx.o(i.SystemInit) for SystemInit
    startup_stm32f40_41xxx.o(.text) refers to __main.o(!!!main) for __main
    startup_stm32f40_41xxx.o(.text) refers to startup_stm32f40_41xxx.o(HEAP) for Heap_Mem
    startup_stm32f40_41xxx.o(.text) refers to startup_stm32f40_41xxx.o(STACK) for Stack_Mem
    stm32f4xx_rcc.o(i.RCC_GetClocksFreq) refers to stm32f4xx_rcc.o(.data) for .data
    stm32f4xx_rcc.o(i.RCC_WaitForHSEStartUp) refers to stm32f4xx_rcc.o(i.RCC_GetFlagStatus) for RCC_GetFlagStatus
    stm32f4xx_gpio.o(i.GPIO_DeInit) refers to stm32f4xx_rcc.o(i.RCC_AHB1PeriphResetCmd) for RCC_AHB1PeriphResetCmd
    stm32f4xx_sdio.o(i.SDIO_DeInit) refers to stm32f4xx_rcc.o(i.RCC_APB2PeriphResetCmd) for RCC_APB2PeriphResetCmd
    stm32f4xx_usart.o(i.USART_DeInit) refers to stm32f4xx_rcc.o(i.RCC_APB2PeriphResetCmd) for RCC_APB2PeriphResetCmd
    stm32f4xx_usart.o(i.USART_DeInit) refers to stm32f4xx_rcc.o(i.RCC_APB1PeriphResetCmd) for RCC_APB1PeriphResetCmd
    stm32f4xx_usart.o(i.USART_Init) refers to stm32f4xx_rcc.o(i.RCC_GetClocksFreq) for RCC_GetClocksFreq
    stm32f4xx_adc.o(i.ADC_DeInit) refers to stm32f4xx_rcc.o(i.RCC_APB2PeriphResetCmd) for RCC_APB2PeriphResetCmd
    tm_stm32f4_disco.o(i.TM_DISCO_ButtonInit) refers to tm_stm32f4_gpio.o(i.TM_GPIO_Init) for TM_GPIO_Init
    tm_stm32f4_disco.o(i.TM_DISCO_ButtonOnPressed) refers to tm_stm32f4_disco.o(.data) for .data
    tm_stm32f4_disco.o(i.TM_DISCO_ButtonOnReleased) refers to tm_stm32f4_disco.o(.data) for .data
    tm_stm32f4_disco.o(i.TM_DISCO_LedInit) refers to tm_stm32f4_gpio.o(i.TM_GPIO_Init) for TM_GPIO_Init
[...]
    ../clib/signal.c                         0x00000000   Number         0  defsig_stak_inner.o ABSOLUTE
    ../clib/signal.c                         0x00000000   Number         0  __raise.o ABSOLUTE
    ../clib/signal.c                         0x00000000   Number         0  defsig_general.o ABSOLUTE
    ../clib/signal.c                         0x00000000   Number         0  defsig_abrt_inner.o ABSOLUTE
    ../clib/signal.c                         0x00000000   Number         0  defsig_fpe_inner.o ABSOLUTE
    ../clib/signal.c                         0x00000000   Number         0  defsig_rtred_inner.o ABSOLUTE
    ../clib/signal.c                         0x00000000   Number         0  defsig_rtmem_inner.o ABSOLUTE
    ../clib/signal.c                         0x00000000   Number         0  defsig_pvfn_inner.o ABSOLUTE
    ../clib/signal.c                         0x00000000   Number         0  defsig_cppl_inner.o ABSOLUTE
    ../clib/signal.s                         0x00000000   Number         0  defsig.o ABSOLUTE
    ../clib/stdlib.c                         0x00000000   Number         0  exit.o ABSOLUTE
    ../clib/string.c                         0x00000000   Number         0  memcmp.o ABSOLUTE
    ../clib/string.c                         0x00000000   Number         0  strncmp.o ABSOLUTE
    ../fplib/dfixu.s                         0x00000000   Number         0  dfixu.o ABSOLUTE
    ../fplib/dflt.s                          0x00000000   Number         0  dflt_clz.o ABSOLUTE
    ../fplib/dmul.s                          0x00000000   Number         0  dmul.o ABSOLUTE
    ../fplib/dnaninf.s                       0x00000000   Number         0  dnaninf.o ABSOLUTE
    ../fplib/dretinf.s                       0x00000000   Number         0  dretinf.o ABSOLUTE
    ../fplib/fpinit.s                        0x00000000   Number         0  fpinit.o ABSOLUTE
    ../fplib/usenofp.s                       0x00000000   Number         0  usenofp.o ABSOLUTE
    ..\00-STM32F429_LIBRARIES\fatfs\diskio.c 0x00000000   Number         0  diskio.o ABSOLUTE
    ..\00-STM32F429_LIBRARIES\fatfs\drivers\fatfs_sd_sdio.c 0x00000000   Number         0  fatfs_sd_sdio.o ABSOLUTE
    ..\00-STM32F429_LIBRARIES\fatfs\ff.c     0x00000000   Number         0  ff.o ABSOLUTE
    ..\00-STM32F429_LIBRARIES\fatfs\option\syscall.c 0x00000000   Number         0  syscall.o ABSOLUTE
    ..\00-STM32F429_LIBRARIES\fatfs\option\unicode.c 0x00000000   Number         0  unicode.o ABSOLUTE
    ..\00-STM32F429_LIBRARIES\tm_stm32f4_adc.c 0x00000000   Number         0  tm_stm32f4_adc.o ABSOLUTE
    ..\00-STM32F429_LIBRARIES\tm_stm32f4_delay.c 0x00000000   Number         0  tm_stm32f4_delay.o ABSOLUTE
    ..\00-STM32F429_LIBRARIES\tm_stm32f4_disco.c 0x00000000   Number         0  tm_stm32f4_disco.o ABSOLUTE
    ..\00-STM32F429_LIBRARIES\tm_stm32f4_exti.c 0x00000000   Number         0  tm_stm32f4_exti.o ABSOLUTE
    ..\00-STM32F429_LIBRARIES\tm_stm32f4_fatfs.c 0x00000000   Number         0  tm_stm32f4_fatfs.o ABSOLUTE
    ..\00-STM32F429_LIBRARIES\tm_stm32f4_gpio.c 0x00000000   Number         0  tm_stm32f4_gpio.o ABSOLUTE
    ..\00-STM32F429_LIBRARIES\tm_stm32f4_hd44780.c 0x00000000   Number         0  tm_stm32f4_hd44780.o ABSOLUTE
    ..\00-STM32F429_LIBRARIES\tm_stm32f4_rcc.c 0x00000000   Number         0  tm_stm32f4_rcc.o ABSOLUTE
    ..\00-STM32F429_LIBRARIES\tm_stm32f4_usart.c 0x00000000   Number         0  tm_stm32f4_usart_1.o ABSOLUTE
    ..\00-STM32F429_LIBRARIES\tm_stm32f4_watchdog.c 0x00000000   Number         0  tm_stm32f4_watchdog.o ABSOLUTE
    ..\00-STM32F4xx_STANDARD_PERIPHERAL_DRIVERS\CMSIS\Device\ST\STM32F4xx\Source\Templates\arm\startup_stm32f40_41xxx.s 0x00000000   Number         0  startup_stm32f40_41xxx.o ABSOLUTE
    ..\00-STM32F4xx_STANDARD_PERIPHERAL_DRIVERS\STM32F4xx_StdPeriph_Driver\src\misc.c 0x00000000   Number         0  misc.o ABSOLUTE
    ..\00-STM32F4xx_STANDARD_PERIPHERAL_DRIVERS\STM32F4xx_StdPeriph_Driver\src\stm32f4xx_adc.c 0x00000000   Number         0  stm32f4xx_adc.o ABSOLUTE
    ..\00-STM32F4xx_STANDARD_PERIPHERAL_DRIVERS\STM32F4xx_StdPeriph_Driver\src\stm32f4xx_dma.c 0x00000000   Number         0  stm32f4xx_dma.o ABSOLUTE
    ..\00-STM32F4xx_STANDARD_PERIPHERAL_DRIVERS\STM32F4xx_StdPeriph_Driver\src\stm32f4xx_gpio.c 0x00000000   Number         0  stm32f4xx_gpio.o ABSOLUTE
    ..\00-STM32F4xx_STANDARD_PERIPHERAL_DRIVERS\STM32F4xx_StdPeriph_Driver\src\stm32f4xx_rcc.c 0x00000000   Number         0  stm32f4xx_rcc.o ABSOLUTE
    ..\00-STM32F4xx_STANDARD_PERIPHERAL_DRIVERS\STM32F4xx_StdPeriph_Driver\src\stm32f4xx_sdio.c 0x00000000   Number         0  stm32f4xx_sdio.o ABSOLUTE
    ..\00-STM32F4xx_STANDARD_PERIPHERAL_DRIVERS\STM32F4xx_StdPeriph_Driver\src\stm32f4xx_usart.c 0x00000000   Number         0  stm32f4xx_usart.o ABSOLUTE
    ..\\00-STM32F429_LIBRARIES\\fatfs\\diskio.c 0x00000000   Number         0  diskio.o ABSOLUTE
    ..\\00-STM32F429_LIBRARIES\\fatfs\\drivers\\fatfs_sd_sdio.c 0x00000000   Number         0  fatfs_sd_sdio.o ABSOLUTE
    ..\\00-STM32F429_LIBRARIES\\tm_stm32f4_adc.c 0x00000000   Number         0  tm_stm32f4_adc.o ABSOLUTE
    ..\\00-STM32F429_LIBRARIES\\tm_stm32f4_delay.c 0x00000000   Number         0  tm_stm32f4_delay.o ABSOLUTE
    ..\\00-STM32F429_LIBRARIES\\tm_stm32f4_disco.c 0x00000000   Number         0  tm_stm32f4_disco.o ABSOLUTE
    ..\\00-STM32F429_LIBRARIES\\tm_stm32f4_exti.c 0x00000000   Number         0  tm_stm32f4_exti.o ABSOLUTE
    ..\\00-STM32F429_LIBRARIES\\tm_stm32f4_fatfs.c 0x00000000   Number         0  tm_stm32f4_fatfs.o ABSOLUTE
    ..\\00-STM32F429_LIBRARIES\\tm_stm32f4_gpio.c 0x00000000   Number         0  tm_stm32f4_gpio.o ABSOLUTE
    ..\\00-STM32F429_LIBRARIES\\tm_stm32f4_hd44780.c 0x00000000   Number         0  tm_stm32f4_hd44780.o ABSOLUTE
    ..\\00-STM32F429_LIBRARIES\\tm_stm32f4_rcc.c 0x00000000   Number         0  tm_stm32f4_rcc.o ABSOLUTE
    ..\\00-STM32F429_LIBRARIES\\tm_stm32f4_usart.c 0x00000000   Number         0  tm_stm32f4_usart_1.o ABSOLUTE
    ..\\00-STM32F429_LIBRARIES\\tm_stm32f4_watchdog.c 0x00000000   Number         0  tm_stm32f4_watchdog.o ABSOLUTE
    ..\\00-STM32F4xx_STANDARD_PERIPHERAL_DRIVERS\\STM32F4xx_StdPeriph_Driver\\src\\misc.c 0x00000000   Number         0  misc.o ABSOLUTE
    ..\\00-STM32F4xx_STANDARD_PERIPHERAL_DRIVERS\\STM32F4xx_StdPeriph_Driver\\src\\stm32f4xx_adc.c 0x00000000   Number         0  stm32f4xx_adc.o ABSOLUTE
    ..\\00-STM32F4xx_STANDARD_PERIPHERAL_DRIVERS\\STM32F4xx_StdPeriph_Driver\\src\\stm32f4xx_dma.c 0x00000000   Number         0  stm32f4xx_dma.o ABSOLUTE
    ..\\00-STM32F4xx_STANDARD_PERIPHERAL_DRIVERS\\STM32F4xx_StdPeriph_Driver\\src\\stm32f4xx_gpio.c 0x00000000   Number         0  stm32f4xx_gpio.o ABSOLUTE
    ..\\00-STM32F4xx_STANDARD_PERIPHERAL_DRIVERS\\STM32F4xx_StdPeriph_Driver\\src\\stm32f4xx_rcc.c 0x00000000   Number         0  stm32f4xx_rcc.o ABSOLUTE
    ..\\00-STM32F4xx_STANDARD_PERIPHERAL_DRIVERS\\STM32F4xx_StdPeriph_Driver\\src\\stm32f4xx_sdio.c 0x00000000   Number         0  stm32f4xx_sdio.o ABSOLUTE
    ..\\00-STM32F4xx_STANDARD_PERIPHERAL_DRIVERS\\STM32F4xx_StdPeriph_Driver\\src\\stm32f4xx_usart.c 0x00000000   Number         0  stm32f4xx_usart.o ABSOLUTE
    User\\main.c                             0x00000000   Number         0  main.o ABSOLUTE
    User\\stm32f4xx_it.c                     0x00000000   Number         0  stm32f4xx_it.o ABSOLUTE
    User\\system_stm32f4xx.c                 0x00000000   Number         0  system_stm32f4xx.o ABSOLUTE
    User\main.c                              0x00000000   Number         0  main.o ABSOLUTE
    User\stm32f4xx_it.c                      0x00000000   Number         0  stm32f4xx_it.o ABSOLUTE
    User\system_stm32f4xx.c                  0x00000000   Number         0  system_stm32f4xx.o ABSOLUTE
    dc.s                                     0x00000000   Number         0  dc.o ABSOLUTE
    RESET                                    0x08000000   Section      392  startup_stm32f40_41xxx.o(RESET)
    !!!main                                  0x08000188   Section        8  __main.o(!!!main)
    !!!scatter                               0x08000190   Section       52  __scatter.o(!!!scatter)
    !!handler_copy                           0x080001c4   Section       26  __scatter_copy.o(!!handler_copy)
    !!handler_zi                             0x080001e0   Section       28  __scatter_zi.o(!!handler_zi)
    .ARM.Collect$$_printf_percent$$00000000  0x080001fc   Section        0  _printf_percent.o(.ARM.Collect$$_printf_percent$$00000000)
    .ARM.Collect$$_printf_percent$$00000009  0x080001fc   Section        6  _printf_d.o(.ARM.Collect$$_printf_percent$$00000009)
    .ARM.Collect$$_printf_percent$$0000000C  0x08000202   Section        6  _printf_x.o(.ARM.Collect$$_printf_percent$$0000000C)
    .ARM.Collect$$_printf_percent$$00000017  0x08000208   Section        4  _printf_percent_end.o(.ARM.Collect$$_printf_percent$$00000017)
    .ARM.Collect$$libinit$$00000000          0x0800020c   Section        2  libinit.o(.ARM.Collect$$libinit$$00000000)
    .ARM.Collect$$libinit$$00000001          0x0800020e   Section        4  libinit2.o(.ARM.Collect$$libinit$$00000001)
    .ARM.Collect$$libinit$$00000004          0x08000212   Section        0  libinit2.o(.ARM.Collect$$libinit$$00000004)
    .ARM.Collect$$libinit$$00000005          0x08000212   Section        8  libinit2.o(.ARM.Collect$$libinit$$00000005)
    .ARM.Collect$$libinit$$0000000A          0x0800021a   Section        0  libinit2.o(.ARM.Collect$$libinit$$0000000A)
    .ARM.Collect$$libinit$$0000000C          0x0800021a   Section        0  libinit2.o(.ARM.Collect$$libinit$$0000000C)
    .ARM.Collect$$libinit$$0000000E          0x0800021a   Section        0  libinit2.o(.ARM.Collect$$libinit$$0000000E)
    .ARM.Collect$$libinit$$00000011          0x0800021a   Section        0  libinit2.o(.ARM.Collect$$libinit$$00000011)
    .ARM.Collect$$libinit$$00000013          0x0800021a   Section        0  libinit2.o(.ARM.Collect$$libinit$$00000013)
    .ARM.Collect$$libinit$$00000015          0x0800021a   Section        0  libinit2.o(.ARM.Collect$$libinit$$00000015)
    .ARM.Collect$$libinit$$00000017          0x0800021a   Section        0  libinit2.o(.ARM.Collect$$libinit$$00000017)
    .ARM.Collect$$libinit$$00000019          0x0800021a   Section        0  libinit2.o(.ARM.Collect$$libinit$$00000019)
    .ARM.Collect$$libinit$$0000001B          0x0800021a   Section        0  libinit2.o(.ARM.Collect$$libinit$$0000001B)
    .ARM.Collect$$libinit$$0000001D          0x0800021a   Section        0  libinit2.o(.ARM.Collect$$libinit$$0000001D)
    .ARM.Collect$$libinit$$0000001F          0x0800021a   Section        0  libinit2.o(.ARM.Collect$$libinit$$0000001F)
    .ARM.Collect$$libinit$$00000021          0x0800021a   Section        0  libinit2.o(.ARM.Collect$$libinit$$00000021)
    .ARM.Collect$$libinit$$00000023          0x0800021a   Section        0  libinit2.o(.ARM.Collect$$libinit$$00000023)
    .ARM.Collect$$libinit$$00000025          0x0800021a   Section        0  libinit2.o(.ARM.Collect$$libinit$$00000025)
    .ARM.Collect$$libinit$$0000002C          0x0800021a   Section        0  libinit2.o(.ARM.Collect$$libinit$$0000002C)
    .ARM.Collect$$libinit$$0000002E          0x0800021a   Section        0  libinit2.o(.ARM.Collect$$libinit$$0000002E)
    .ARM.Collect$$libinit$$00000030          0x0800021a   Section        0  libinit2.o(.ARM.Collect$$libinit$$00000030)
    .ARM.Collect$$libinit$$00000032          0x0800021a   Section        0  libinit2.o(.ARM.Collect$$libinit$$00000032)
    .ARM.Collect$$libinit$$00000033          0x0800021a   Section        2  libinit2.o(.ARM.Collect$$libinit$$00000033)
    .ARM.Collect$$libshutdown$$00000000      0x0800021c   Section        2  libshutdown.o(.ARM.Collect$$libshutdown$$00000000)
    .ARM.Collect$$libshutdown$$00000003      0x0800021e   Section        0  libshutdown2.o(.ARM.Collect$$libshutdown$$00000003)
    .ARM.Collect$$libshutdown$$00000006      0x0800021e   Section        0  libshutdown2.o(.ARM.Collect$$libshutdown$$00000006)
    .ARM.Collect$$libshutdown$$00000009      0x0800021e   Section        0  libshutdown2.o(.ARM.Collect$$libshutdown$$00000009)
    .ARM.Collect$$libshutdown$$0000000B      0x0800021e   Section        0  libshutdown2.o(.ARM.Collect$$libshutdown$$0000000B)
    .ARM.Collect$$libshutdown$$0000000E      0x0800021e   Section        0  libshutdown2.o(.ARM.Collect$$libshutdown$$0000000E)
    .ARM.Collect$$libshutdown$$0000000F      0x0800021e   Section        2  libshutdown2.o(.ARM.Collect$$libshutdown$$0000000F)
    .ARM.Collect$$rtentry$$00000000          0x08000220   Section        0  __rtentry.o(.ARM.Collect$$rtentry$$00000000)
    .ARM.Collect$$rtentry$$00000002          0x08000220   Section        0  __rtentry2.o(.ARM.Collect$$rtentry$$00000002)
    .ARM.Collect$$rtentry$$00000004          0x08000220   Section        6  __rtentry4.o(.ARM.Collect$$rtentry$$00000004)
    .ARM.Collect$$rtentry$$00000009          0x08000226   Section        0  __rtentry2.o(.ARM.Collect$$rtentry$$00000009)
    .ARM.Collect$$rtentry$$0000000A          0x08000226   Section        4  __rtentry2.o(.ARM.Collect$$rtentry$$0000000A)
    .ARM.Collect$$rtentry$$0000000C          0x0800022a   Section        0  __rtentry2.o(.ARM.Collect$$rtentry$$0000000C)
    .ARM.Collect$$rtentry$$0000000D          0x0800022a   Section        8  __rtentry2.o(.ARM.Collect$$rtentry$$0000000D)
    .ARM.Collect$$rtexit$$00000000           0x08000232   Section        2  rtexit.o(.ARM.Collect$$rtexit$$00000000)
    .ARM.Collect$$rtexit$$00000002           0x08000234   Section        0  rtexit2.o(.ARM.Collect$$rtexit$$00000002)
    .ARM.Collect$$rtexit$$00000003           0x08000234   Section        4  rtexit2.o(.ARM.Collect$$rtexit$$00000003)
    .ARM.Collect$$rtexit$$00000004           0x08000238   Section        6  rtexit2.o(.ARM.Collect$$rtexit$$00000004)
    .emb_text                                0x08000240   Section        0  maybetermalloc1.o(.emb_text)
    .text                                    0x08000240   Section       64  startup_stm32f40_41xxx.o(.text)
    $v0                                      0x08000240   Number         0  startup_stm32f40_41xxx.o(.text)
    .text                                    0x08000280   Section        0  h1_alloc.o(.text)
    .text                                    0x080002de   Section        0  h1_free.o(.text)
    .text                                    0x0800032c   Section        0  noretval__2sprintf.o(.text)
    .text                                    0x08000354   Section        0  _printf_pad.o(.text)
    .text                                    0x080003a4   Section        0  _printf_dec.o(.text)
    .text                                    0x0800041c   Section        0  _printf_hex_int.o(.text)
    .text                                    0x08000474   Section        0  __printf_flags_wp.o(.text)
    .text                                    0x080005ac   Section        0  strncmp.o(.text)
    .text                                    0x08000642   Section        0  heapauxi.o(.text)
    .text                                    0x08000648   Section        8  rt_heap_descriptor_intlibspace.o(.text)
    .text                                    0x08000650   Section        0  hguard.o(.text)
    .text                                    0x08000654   Section        0  init_alloc.o(.text)
    .text                                    0x080006de   Section        0  h1_init.o(.text)
    .text                                    0x080006ec   Section        0  _printf_intcommon.o(.text)
    .text                                    0x080007a0   Section        0  _printf_char_common.o(.text)
    _printf_input_char                       0x080007a1   Thumb Code    10  _printf_char_common.o(.text)
    .text                                    0x080007d0   Section        0  _sputc.o(.text)
    .text                                    0x080007dc   Section        8  libspace.o(.text)
    .text                                    0x080007e4   Section        0  h1_extend.o(.text)
    .text                                    0x08000818   Section        0  defsig_rtmem_outer.o(.text)
    .text                                    0x08000826   Section        2  use_no_semi.o(.text)
    .text                                    0x08000828   Section        0  indicate_semi.o(.text)
    .text                                    0x08000828   Section       74  sys_stackheap_outer.o(.text)
    .text                                    0x08000872   Section        0  exit.o(.text)
    .text                                    0x0800087e   Section        0  defsig_exit.o(.text)
    .text                                    0x08000888   Section        0  defsig_rtmem_inner.o(.text)
    .text                                    0x080008d8   Section        0  sys_exit.o(.text)
    .text                                    0x080008e4   Section        0  defsig_general.o(.text)
    .text                                    0x08000916   Section        0  sys_wrch.o(.text)
    i.BusFault_Handler                       0x08000924   Section        0  stm32f4xx_it.o(i.BusFault_Handler)
    i.CustomTIMER1_Task                      0x08000928   Section        0  main.o(i.CustomTIMER1_Task)
    i.CustomTIMER2_Task                      0x0800096c   Section        0  main.o(i.CustomTIMER2_Task)
    i.DMA2_Stream3_IRQHandler                0x0800098c   Section        0  fatfs_sd_sdio.o(i.DMA2_Stream3_IRQHandler)
    i.DMA_ClearFlag                          0x08000990   Section        0  stm32f4xx_dma.o(i.DMA_ClearFlag)
    i.DebugMon_Handler                       0x080009bc   Section        0  stm32f4xx_it.o(i.DebugMon_Handler)
    i.Delay                                  0x080009c0   Section        0  tm_stm32f4_hd44780.o(i.Delay)
    Delay                                    0x080009c1   Thumb Code    12  tm_stm32f4_hd44780.o(i.Delay)
    i.Delayms                                0x080009d0   Section        0  main.o(i.Delayms)
    Delayms                                  0x080009d1   Thumb Code    20  main.o(i.Delayms)
    i.EXTI0_IRQHandler                       0x080009e8   Section        0  tm_stm32f4_exti.o(i.EXTI0_IRQHandler)
    i.EXTI15_10_IRQHandler                   0x08000a04   Section        0  tm_stm32f4_exti.o(i.EXTI15_10_IRQHandler)
    i.EXTI1_IRQHandler                       0x08000a6c   Section        0  tm_stm32f4_exti.o(i.EXTI1_IRQHandler)
    i.EXTI2_IRQHandler                       0x08000a88   Section        0  tm_stm32f4_exti.o(i.EXTI2_IRQHandler)
    i.EXTI3_IRQHandler                       0x08000aa4   Section        0  tm_stm32f4_exti.o(i.EXTI3_IRQHandler)
    i.EXTI4_IRQHandler                       0x08000ac0   Section        0  tm_stm32f4_exti.o(i.EXTI4_IRQHandler)
    i.EXTI9_5_IRQHandler                     0x08000adc   Section        0  tm_stm32f4_exti.o(i.EXTI9_5_IRQHandler)
    i.GPIO_ReadInputDataBit                  0x08000b30   Section        0  stm32f4xx_gpio.o(i.GPIO_ReadInputDataBit)
    i.HardFault_Handler                      0x08000b3e   Section        0  stm32f4xx_it.o(i.HardFault_Handler)
    i.MemManage_Handler                      0x08000b40   Section        0  stm32f4xx_it.o(i.MemManage_Handler)
    i.NMI_Handler                            0x08000b42   Section        0  stm32f4xx_it.o(i.NMI_Handler)
    i.NVIC_Init                              0x08000b44   Section        0  misc.o(i.NVIC_Init)
    i.PendSV_Handler                         0x08000ba8   Section        0  stm32f4xx_it.o(i.PendSV_Handler)
    i.ProcessAction                          0x08000bac   Section        0  main.o(i.ProcessAction)
    i.RCC_APB1PeriphResetCmd                 0x08000c90   Section        0  stm32f4xx_rcc.o(i.RCC_APB1PeriphResetCmd)
    i.RCC_APB2PeriphResetCmd                 0x08000ca8   Section        0  stm32f4xx_rcc.o(i.RCC_APB2PeriphResetCmd)
    i.RCC_GetClocksFreq                      0x08000cc0   Section        0  stm32f4xx_rcc.o(i.RCC_GetClocksFreq)
    i.SDIO_ClearITPendingBit                 0x08000d50   Section        0  stm32f4xx_sdio.o(i.SDIO_ClearITPendingBit)
    i.SDIO_GetITStatus                       0x08000d5c   Section        0  stm32f4xx_sdio.o(i.SDIO_GetITStatus)
    i.SDIO_IRQHandler                        0x08000d70   Section        0  fatfs_sd_sdio.o(i.SDIO_IRQHandler)
    i.SD_ProcessDMAIRQ                       0x08000d74   Section        0  fatfs_sd_sdio.o(i.SD_ProcessDMAIRQ)
    i.SD_ProcessIRQSrc                       0x08000d9c   Section        0  fatfs_sd_sdio.o(i.SD_ProcessIRQSrc)
    i.SVC_Handler                            0x08000e34   Section        0  stm32f4xx_it.o(i.SVC_Handler)
    i.SetSysClock                            0x08000e38   Section        0  system_stm32f4xx.o(i.SetSysClock)
    SetSysClock                              0x08000e39   Thumb Code   162  system_stm32f4xx.o(i.SetSysClock)
    i.SysTick_Handler                        0x08000eec   Section        0  stm32f4xx_it.o(i.SysTick_Handler)
    i.SystemInit                             0x08000ef4   Section        0  system_stm32f4xx.o(i.SystemInit)
    i.TM_DELAY_Init                          0x08000f50   Section        0  tm_stm32f4_delay.o(i.TM_DELAY_Init)
    i.TM_DELAY_TimerCreate                   0x08000f9c   Section        0  tm_stm32f4_delay.o(i.TM_DELAY_TimerCreate)
    i.TM_EXTI_Attach                         0x08000fe4   Section        0  tm_stm32f4_exti.o(i.TM_EXTI_Attach)
    i.TM_GPIO_GetPinSource                   0x08001190   Section        0  tm_stm32f4_gpio.o(i.TM_GPIO_GetPinSource)
    i.TM_GPIO_GetPortSource                  0x080011a4   Section        0  tm_stm32f4_gpio.o(i.TM_GPIO_GetPortSource)
    i.TM_GPIO_INT_EnableClock                0x080011b4   Section        0  tm_stm32f4_gpio.o(i.TM_GPIO_INT_EnableClock)
    i.TM_GPIO_INT_Init                       0x080011cc   Section        0  tm_stm32f4_gpio.o(i.TM_GPIO_INT_Init)
    i.TM_GPIO_Init                           0x08001254   Section        0  tm_stm32f4_gpio.o(i.TM_GPIO_Init)
    i.TM_GPIO_InitAlternate                  0x0800127a   Section        0  tm_stm32f4_gpio.o(i.TM_GPIO_InitAlternate)
    i.TM_HD44780_Clear                       0x080012d6   Section        0  tm_stm32f4_hd44780.o(i.TM_HD44780_Clear)
    i.TM_HD44780_Cmd                         0x080012ec   Section        0  tm_stm32f4_hd44780.o(i.TM_HD44780_Cmd)
    TM_HD44780_Cmd                           0x080012ed   Thumb Code    30  tm_stm32f4_hd44780.o(i.TM_HD44780_Cmd)
    i.TM_HD44780_Cmd4bit                     0x08001310   Section        0  tm_stm32f4_hd44780.o(i.TM_HD44780_Cmd4bit)
    TM_HD44780_Cmd4bit                       0x08001311   Thumb Code    84  tm_stm32f4_hd44780.o(i.TM_HD44780_Cmd4bit)
    i.TM_HD44780_CreateChar                  0x08001368   Section        0  tm_stm32f4_hd44780.o(i.TM_HD44780_CreateChar)
    i.TM_HD44780_CursorSet                   0x0800138c   Section        0  tm_stm32f4_hd44780.o(i.TM_HD44780_CursorSet)
    TM_HD44780_CursorSet                     0x0800138d   Thumb Code    40  tm_stm32f4_hd44780.o(i.TM_HD44780_CursorSet)
    i.TM_HD44780_Data                        0x080013bc   Section        0  tm_stm32f4_hd44780.o(i.TM_HD44780_Data)
    TM_HD44780_Data                          0x080013bd   Thumb Code    30  tm_stm32f4_hd44780.o(i.TM_HD44780_Data)
    i.TM_HD44780_DisplayOn                   0x080013e0   Section        0  tm_stm32f4_hd44780.o(i.TM_HD44780_DisplayOn)
    i.TM_HD44780_Init                        0x080013f8   Section        0  tm_stm32f4_hd44780.o(i.TM_HD44780_Init)
    i.TM_HD44780_InitPins                    0x08001488   Section        0  tm_stm32f4_hd44780.o(i.TM_HD44780_InitPins)
    TM_HD44780_InitPins                      0x08001489   Thumb Code   132  tm_stm32f4_hd44780.o(i.TM_HD44780_InitPins)
    i.TM_HD44780_Puts                        0x08001510   Section        0  tm_stm32f4_hd44780.o(i.TM_HD44780_Puts)
    i.TM_UART4_InitPins                      0x0800156c   Section        0  tm_stm32f4_usart_1.o(i.TM_UART4_InitPins)
    i.TM_UART5_InitPins                      0x080015b4   Section        0  tm_stm32f4_usart_1.o(i.TM_UART5_InitPins)
    i.TM_USART1_InitPins                     0x080015f8   Section        0  tm_stm32f4_usart_1.o(i.TM_USART1_InitPins)
    i.TM_USART2_InitPins                     0x08001640   Section        0  tm_stm32f4_usart_1.o(i.TM_USART2_InitPins)
    i.TM_USART3_InitPins                     0x08001688   Section        0  tm_stm32f4_usart_1.o(i.TM_USART3_InitPins)
    i.TM_USART6_InitPins                     0x080016e4   Section        0  tm_stm32f4_usart_1.o(i.TM_USART6_InitPins)
    i.TM_USART_BufferEmpty                   0x0800172c   Section        0  tm_stm32f4_usart_1.o(i.TM_USART_BufferEmpty)
    i.TM_USART_INT_GetSubPriority            0x08001748   Section        0  tm_stm32f4_usart_1.o(i.TM_USART_INT_GetSubPriority)
    i.TM_USART_INT_GetUsart                  0x08001794   Section        0  tm_stm32f4_usart_1.o(i.TM_USART_INT_GetUsart)
    i.TM_USART_INT_Init                      0x080017f0   Section        0  tm_stm32f4_usart_1.o(i.TM_USART_INT_Init)
    TM_USART_INT_Init                        0x080017f1   Thumb Code   298  tm_stm32f4_usart_1.o(i.TM_USART_INT_Init)
    i.TM_USART_INT_InsertToBuffer            0x08001938   Section        0  tm_stm32f4_usart_1.o(i.TM_USART_INT_InsertToBuffer)
    i.TM_USART_Init                          0x08001960   Section        0  tm_stm32f4_usart_1.o(i.TM_USART_Init)
    i.TM_USART_InitCustomPinsCallback        0x08001a18   Section        0  tm_stm32f4_usart_1.o(i.TM_USART_InitCustomPinsCallback)
    i.TM_USART_Puts                          0x08001a1a   Section        0  tm_stm32f4_usart_1.o(i.TM_USART_Puts)
    i.TM_WATCHDOG_Init                       0x08001a44   Section        0  tm_stm32f4_watchdog.o(i.TM_WATCHDOG_Init)
    i.TimingDelay_Decrement                  0x08001afc   Section        0  tm_stm32f4_delay.o(i.TimingDelay_Decrement)
    i.UART4_IRQHandler                       0x08001b5c   Section        0  tm_stm32f4_usart_1.o(i.UART4_IRQHandler)
    i.UART5_IRQHandler                       0x08001b7c   Section        0  tm_stm32f4_usart_1.o(i.UART5_IRQHandler)
    i.USART1_IRQHandler                      0x08001b98   Section        0  tm_stm32f4_usart_1.o(i.USART1_IRQHandler)
    i.USART2_IRQHandler                      0x08001bb4   Section        0  tm_stm32f4_usart_1.o(i.USART2_IRQHandler)
    i.USART3_IRQHandler                      0x08001bd4   Section        0  tm_stm32f4_usart_1.o(i.USART3_IRQHandler)
    i.USART6_IRQHandler                      0x08001bf0   Section        0  tm_stm32f4_usart_1.o(i.USART6_IRQHandler)
    i.USART_DeInit                           0x08001c0c   Section        0  stm32f4xx_usart.o(i.USART_DeInit)
    i.USART_Init                             0x08001cb8   Section        0  stm32f4xx_usart.o(i.USART_Init)
    i.UsageFault_Handler                     0x08001d64   Section        0  stm32f4xx_it.o(i.UsageFault_Handler)
    i.WaitPC                                 0x08001d68   Section        0  main.o(i.WaitPC)
    i._is_digit                              0x08001d8c   Section        0  __printf_wp.o(i._is_digit)
    i.main                                   0x08001d9c   Section        0  main.o(i.main)
    i.read_sw_add                            0x08002310   Section        0  main.o(i.read_sw_add)
    i.turn_off_dk1                           0x08002370   Section        0  main.o(i.turn_off_dk1)
    i.turn_off_dk2                           0x08002388   Section        0  main.o(i.turn_off_dk2)
    i.turn_on_dk1                            0x080023a0   Section        0  main.o(i.turn_on_dk1)
    i.turn_on_dk2                            0x080023b4   Section        0  main.o(i.turn_on_dk2)
    x$fpl$fpinit                             0x080023cc   Section       10  fpinit.o(x$fpl$fpinit)
    $v0                                      0x080023cc   Number         0  fpinit.o(x$fpl$fpinit)
    .constdata                               0x080023d6   Section       40  _printf_hex_int.o(.constdata)
    uc_hextab                                0x080023d6   Data          20  _printf_hex_int.o(.constdata)
    lc_hextab                                0x080023ea   Data          20  _printf_hex_int.o(.constdata)
    .constdata                               0x080023fe   Section       17  __printf_flags_wp.o(.constdata)
    maptable                                 0x080023fe   Data          17  __printf_flags_wp.o(.constdata)
    .data                                    0x20000000   Section       16  stm32f4xx_rcc.o(.data)
    APBAHBPrescTable                         0x20000000   Data          16  stm32f4xx_rcc.o(.data)
    .data                                    0x20000010   Section       96  tm_stm32f4_usart_1.o(.data)
    .data                                    0x20000070   Section       16  tm_stm32f4_delay.o(.data)
    .data                                    0x20000080   Section        7  tm_stm32f4_hd44780.o(.data)
    HD44780_Opts                             0x20000080   Data           7  tm_stm32f4_hd44780.o(.data)
    .data                                    0x20000088   Section       83  main.o(.data)
    cnt                                      0x20000095   Data           1  main.o(.data)
    cnt                                      0x20000096   Data           1  main.o(.data)
    .data                                    0x200000dc   Section       20  system_stm32f4xx.o(.data)
    .data                                    0x200000f0   Section       24  fatfs_sd_sdio.o(.data)
    TM_FATFS_SD_SDIO_Stat                    0x200000f1   Data           1  fatfs_sd_sdio.o(.data)
    CardType                                 0x200000f4   Data           4  fatfs_sd_sdio.o(.data)
    RCA                                      0x200000f8   Data           4  fatfs_sd_sdio.o(.data)
    .bss                                     0x20000108   Section       22  tm_stm32f4_gpio.o(.bss)
    GPIO_UsedPins                            0x20000108   Data          22  tm_stm32f4_gpio.o(.bss)
    .bss                                     0x2000011e   Section       32  tm_stm32f4_usart_1.o(.bss)
    .bss                                     0x2000013e   Section       32  tm_stm32f4_usart_1.o(.bss)
    .bss                                     0x2000015e   Section       32  tm_stm32f4_usart_1.o(.bss)
    .bss                                     0x2000017e   Section       32  tm_stm32f4_usart_1.o(.bss)
    .bss                                     0x2000019e   Section       32  tm_stm32f4_usart_1.o(.bss)
    .bss                                     0x200001be   Section       32  tm_stm32f4_usart_1.o(.bss)
    .bss                                     0x200001e0   Section       24  tm_stm32f4_delay.o(.bss)
    CustomTimers                             0x200001e0   Data          24  tm_stm32f4_delay.o(.bss)
    .bss                                     0x200001f8   Section      120  main.o(.bss)
    .bss                                     0x20000270   Section       96  libspace.o(.bss)
    HEAP                                     0x200002d0   Section     1024  startup_stm32f40_41xxx.o(HEAP)
    Heap_Mem                                 0x200002d0   Data        1024  startup_stm32f40_41xxx.o(HEAP)
    STACK                                    0x200006d0   Section     1024  startup_stm32f40_41xxx.o(STACK)
    Stack_Mem                                0x200006d0   Data        1024  startup_stm32f40_41xxx.o(STACK)
    __initial_sp                             0x20000ad0   Data           0  startup_stm32f40_41xxx.o(STACK)

    Global Symbols

    Symbol Name                              Value     Ov Type        Size  Object(Section)

    BuildAttributes$$THM_ISAv4$E$P$D$K$B$S$7EM$VFPi3$EXTD16$VFPS$VFMA$PE$A:L22UL41UL21$X:L11$S22US41US21$IEEE1$IW$USESV6$~STKCKD$USESV7$~SHL$OTIME$ROPI$EBA8$UX$STANDARDLIB$REQ8$PRES8$EABIv2 0x00000000   Number         0  anon$$obj.o ABSOLUTE
    __ARM_use_no_argv                        0x00000000   Number         0  main.o ABSOLUTE
    _printf_flags                            0x00000000   Number         0  printf_stubs.o ABSOLUTE
    _printf_return_value                     0x00000000   Number         0  printf_stubs.o ABSOLUTE
    _printf_sizespec                         0x00000000   Number         0  printf_stubs.o ABSOLUTE
    _printf_widthprec                        0x00000000   Number         0  printf_stubs.o ABSOLUTE
    TM_DELAY_1msHandler                       - Undefined Weak Reference
    __ARM_exceptions_init                     - Undefined Weak Reference
    __alloca_initialize                       - Undefined Weak Reference
    __arm_preinit_                            - Undefined Weak Reference
    __cpp_initialize__aeabi_                  - Undefined Weak Reference
    __cxa_finalize                            - Undefined Weak Reference
    __rt_locale                               - Undefined Weak Reference
    __sigvec_lookup                           - Undefined Weak Reference
    __user_heap_extent                        - Undefined Weak Reference
    _atexit_init                              - Undefined Weak Reference
    _call_atexit_fns                          - Undefined Weak Reference
    _clock_init                               - Undefined Weak Reference
    _fp_trap_init                             - Undefined Weak Reference
    _fp_trap_shutdown                         - Undefined Weak Reference
    _get_lc_collate                           - Undefined Weak Reference
    _get_lc_ctype                             - Undefined Weak Reference
    _get_lc_monetary                          - Undefined Weak Reference
    _get_lc_numeric                           - Undefined Weak Reference
    _get_lc_time                              - Undefined Weak Reference
    _getenv_init                              - Undefined Weak Reference
    _handle_redirection                       - Undefined Weak Reference
    _initio                                   - Undefined Weak Reference
    _mutex_acquire                            - Undefined Weak Reference
    _mutex_free                               - Undefined Weak Reference
    _mutex_release                            - Undefined Weak Reference
    _printf_truncate_signed                   - Undefined Weak Reference
    _printf_truncate_unsigned                 - Undefined Weak Reference
    _rand_init                                - Undefined Weak Reference
    _signal_finish                            - Undefined Weak Reference
    _signal_init                              - Undefined Weak Reference
    _terminateio                              - Undefined Weak Reference
    __Vectors_Size                           0x00000188   Number         0  startup_stm32f40_41xxx.o ABSOLUTE
    __Vectors                                0x08000000   Data           4  startup_stm32f40_41xxx.o(RESET)
    __Vectors_End                            0x08000188   Data           0  startup_stm32f40_41xxx.o(RESET)
    __main                                   0x08000189   Thumb Code     8  __main.o(!!!main)
    __scatterload                            0x08000191   Thumb Code     0  __scatter.o(!!!scatter)
    __scatterload_rt2                        0x08000191   Thumb Code    44  __scatter.o(!!!scatter)
    __scatterload_rt2_thumb_only             0x08000191   Thumb Code     0  __scatter.o(!!!scatter)
    __scatterload_null                       0x0800019f   Thumb Code     0  __scatter.o(!!!scatter)
    __scatterload_copy                       0x080001c5   Thumb Code    26  __scatter_copy.o(!!handler_copy)
    __scatterload_zeroinit                   0x080001e1   Thumb Code    28  __scatter_zi.o(!!handler_zi)
    _printf_d                                0x080001fd   Thumb Code     0  _printf_d.o(.ARM.Collect$$_printf_percent$$00000009)
    _printf_percent                          0x080001fd   Thumb Code     0  _printf_percent.o(.ARM.Collect$$_printf_percent$$00000000)
    _printf_x                                0x08000203   Thumb Code     0  _printf_x.o(.ARM.Collect$$_printf_percent$$0000000C)
    _printf_percent_end                      0x08000209   Thumb Code     0  _printf_percent_end.o(.ARM.Collect$$_printf_percent$$00000017)
    __rt_lib_init                            0x0800020d   Thumb Code     0  libinit.o(.ARM.Collect$$libinit$$00000000)
    __rt_lib_init_fp_1                       0x0800020f   Thumb Code     0  libinit2.o(.ARM.Collect$$libinit$$00000001)
    __rt_lib_init_heap_2                     0x08000213   Thumb Code     0  libinit2.o(.ARM.Collect$$libinit$$00000005)
    __rt_lib_init_preinit_1                  0x08000213   Thumb Code     0  libinit2.o(.ARM.Collect$$libinit$$00000004)
    __rt_lib_init_alloca_1                   0x0800021b   Thumb Code     0  libinit2.o(.ARM.Collect$$libinit$$0000002E)
    __rt_lib_init_argv_1                     0x0800021b   Thumb Code     0  libinit2.o(.ARM.Collect$$libinit$$0000002C)
    __rt_lib_init_atexit_1                   0x0800021b   Thumb Code     0  libinit2.o(.ARM.Collect$$libinit$$0000001B)
    __rt_lib_init_clock_1                    0x0800021b   Thumb Code     0  libinit2.o(.ARM.Collect$$libinit$$00000021)
    __rt_lib_init_cpp_1                      0x0800021b   Thumb Code     0  libinit2.o(.ARM.Collect$$libinit$$00000032)
    __rt_lib_init_exceptions_1               0x0800021b   Thumb Code     0  libinit2.o(.ARM.Collect$$libinit$$00000030)
    __rt_lib_init_fp_trap_1                  0x0800021b   Thumb Code     0  libinit2.o(.ARM.Collect$$libinit$$0000001F)
    __rt_lib_init_getenv_1                   0x0800021b   Thumb Code     0  libinit2.o(.ARM.Collect$$libinit$$00000023)
    __rt_lib_init_heap_1                     0x0800021b   Thumb Code     0  libinit2.o(.ARM.Collect$$libinit$$0000000A)
    __rt_lib_init_lc_collate_1               0x0800021b   Thumb Code     0  libinit2.o(.ARM.Collect$$libinit$$00000011)
    __rt_lib_init_lc_ctype_1                 0x0800021b   Thumb Code     0  libinit2.o(.ARM.Collect$$libinit$$00000013)
    __rt_lib_init_lc_monetary_1              0x0800021b   Thumb Code     0  libinit2.o(.ARM.Collect$$libinit$$00000015)
    __rt_lib_init_lc_numeric_1               0x0800021b   Thumb Code     0  libinit2.o(.ARM.Collect$$libinit$$00000017)
    __rt_lib_init_lc_time_1                  0x0800021b   Thumb Code     0  libinit2.o(.ARM.Collect$$libinit$$00000019)
    __rt_lib_init_rand_1                     0x0800021b   Thumb Code     0  libinit2.o(.ARM.Collect$$libinit$$0000000E)
    __rt_lib_init_return                     0x0800021b   Thumb Code     0  libinit2.o(.ARM.Collect$$libinit$$00000033)
    __rt_lib_init_signal_1                   0x0800021b   Thumb Code     0  libinit2.o(.ARM.Collect$$libinit$$0000001D)
    __rt_lib_init_stdio_1                    0x0800021b   Thumb Code     0  libinit2.o(.ARM.Collect$$libinit$$00000025)
    __rt_lib_init_user_alloc_1               0x0800021b   Thumb Code     0  libinit2.o(.ARM.Collect$$libinit$$0000000C)
    __rt_lib_shutdown                        0x0800021d   Thumb Code     0  libshutdown.o(.ARM.Collect$$libshutdown$$00000000)
    __rt_lib_shutdown_fp_trap_1              0x0800021f   Thumb Code     0  libshutdown2.o(.ARM.Collect$$libshutdown$$00000006)
    __rt_lib_shutdown_heap_1                 0x0800021f   Thumb Code     0  libshutdown2.o(.ARM.Collect$$libshutdown$$0000000E)
    __rt_lib_shutdown_return                 0x0800021f   Thumb Code     0  libshutdown2.o(.ARM.Collect$$libshutdown$$0000000F)
    __rt_lib_shutdown_signal_1               0x0800021f   Thumb Code     0  libshutdown2.o(.ARM.Collect$$libshutdown$$00000009)
    __rt_lib_shutdown_stdio_1                0x0800021f   Thumb Code     0  libshutdown2.o(.ARM.Collect$$libshutdown$$00000003)
    __rt_lib_shutdown_user_alloc_1           0x0800021f   Thumb Code     0  libshutdown2.o(.ARM.Collect$$libshutdown$$0000000B)
    __rt_entry                               0x08000221   Thumb Code     0  __rtentry.o(.ARM.Collect$$rtentry$$00000000)
    __rt_entry_presh_1                       0x08000221   Thumb Code     0  __rtentry2.o(.ARM.Collect$$rtentry$$00000002)
    __rt_entry_sh                            0x08000221   Thumb Code     0  __rtentry4.o(.ARM.Collect$$rtentry$$00000004)
    __rt_entry_li                            0x08000227   Thumb Code     0  __rtentry2.o(.ARM.Collect$$rtentry$$0000000A)
    __rt_entry_postsh_1                      0x08000227   Thumb Code     0  __rtentry2.o(.ARM.Collect$$rtentry$$00000009)
    __rt_entry_main                          0x0800022b   Thumb Code     0  __rtentry2.o(.ARM.Collect$$rtentry$$0000000D)
    __rt_entry_postli_1                      0x0800022b   Thumb Code     0  __rtentry2.o(.ARM.Collect$$rtentry$$0000000C)
    __rt_exit                                0x08000233   Thumb Code     0  rtexit.o(.ARM.Collect$$rtexit$$00000000)
    __rt_exit_ls                             0x08000235   Thumb Code     0  rtexit2.o(.ARM.Collect$$rtexit$$00000003)
    __rt_exit_prels_1                        0x08000235   Thumb Code     0  rtexit2.o(.ARM.Collect$$rtexit$$00000002)
    __rt_exit_exit                           0x08000239   Thumb Code     0  rtexit2.o(.ARM.Collect$$rtexit$$00000004)
    Reset_Handler                            0x08000241   Thumb Code     8  startup_stm32f40_41xxx.o(.text)
    _maybe_terminate_alloc                   0x08000241   Thumb Code     0  maybetermalloc1.o(.emb_text)
    ADC_IRQHandler                           0x0800025b   Thumb Code     0  startup_stm32f40_41xxx.o(.text)
    CAN1_RX0_IRQHandler                      0x0800025b   Thumb Code     0  startup_stm32f40_41xxx.o(.text)
    CAN1_RX1_IRQHandler                      0x0800025b   Thumb Code     0  startup_stm32f40_41xxx.o(.text)
    CAN1_SCE_IRQHandler                      0x0800025b   Thumb Code     0  startup_stm32f40_41xxx.o(.text)
    CAN1_TX_IRQHandler                       0x0800025b   Thumb Code     0  startup_stm32f40_41xxx.o(.text)
    CAN2_RX0_IRQHandler                      0x0800025b   Thumb Code     0  startup_stm32f40_41xxx.o(.text)
    CAN2_RX1_IRQHandler                      0x0800025b   Thumb Code     0  startup_stm32f40_41xxx.o(.text)
    CAN2_SCE_IRQHandler                      0x0800025b   Thumb Code     0  startup_stm32f40_41xxx.o(.text)
    CAN2_TX_IRQHandler                       0x0800025b   Thumb Code     0  startup_stm32f40_41xxx.o(.text)
    CRYP_IRQHandler                          0x0800025b   Thumb Code     0  startup_stm32f40_41xxx.o(.text)
    DCMI_IRQHandler                          0x0800025b   Thumb Code     0  startup_stm32f40_41xxx.o(.text)
    DMA1_Stream0_IRQHandler                  0x0800025b   Thumb Code     0  startup_stm32f40_41xxx.o(.text)
    DMA1_Stream1_IRQHandler                  0x0800025b   Thumb Code     0  startup_stm32f40_41xxx.o(.text)
    DMA1_Stream2_IRQHandler                  0x0800025b   Thumb Code     0  startup_stm32f40_41xxx.o(.text)
    DMA1_Stream3_IRQHandler                  0x0800025b   Thumb Code     0  startup_stm32f40_41xxx.o(.text)
    DMA1_Stream4_IRQHandler                  0x0800025b   Thumb Code     0  startup_stm32f40_41xxx.o(.text)
    DMA1_Stream5_IRQHandler                  0x0800025b   Thumb Code     0  startup_stm32f40_41xxx.o(.text)
    DMA1_Stream6_IRQHandler                  0x0800025b   Thumb Code     0  startup_stm32f40_41xxx.o(.text)
    DMA1_Stream7_IRQHandler                  0x0800025b   Thumb Code     0  startup_stm32f40_41xxx.o(.text)
    DMA2_Stream0_IRQHandler                  0x0800025b   Thumb Code     0  startup_stm32f40_41xxx.o(.text)
    DMA2_Stream1_IRQHandler                  0x0800025b   Thumb Code     0  startup_stm32f40_41xxx.o(.text)
    DMA2_Stream2_IRQHandler                  0x0800025b   Thumb Code     0  startup_stm32f40_41xxx.o(.text)
    DMA2_Stream4_IRQHandler                  0x0800025b   Thumb Code     0  startup_stm32f40_41xxx.o(.text)
    DMA2_Stream5_IRQHandler                  0x0800025b   Thumb Code     0  startup_stm32f40_41xxx.o(.text)
    DMA2_Stream6_IRQHandler                  0x0800025b   Thumb Code     0  startup_stm32f40_41xxx.o(.text)
    DMA2_Stream7_IRQHandler                  0x0800025b   Thumb Code     0  startup_stm32f40_41xxx.o(.text)
    ETH_IRQHandler                           0x0800025b   Thumb Code     0  startup_stm32f40_41xxx.o(.text)
    ETH_WKUP_IRQHandler                      0x0800025b   Thumb Code     0  startup_stm32f40_41xxx.o(.text)
    FLASH_IRQHandler                         0x0800025b   Thumb Code     0  startup_stm32f40_41xxx.o(.text)
    FPU_IRQHandler                           0x0800025b   Thumb Code     0  startup_stm32f40_41xxx.o(.text)
    FSMC_IRQHandler                          0x0800025b   Thumb Code     0  startup_stm32f40_41xxx.o(.text)
    HASH_RNG_IRQHandler                      0x0800025b   Thumb Code     0  startup_stm32f40_41xxx.o(.text)
    I2C1_ER_IRQHandler                       0x0800025b   Thumb Code     0  startup_stm32f40_41xxx.o(.text)
    I2C1_EV_IRQHandler                       0x0800025b   Thumb Code     0  startup_stm32f40_41xxx.o(.text)
    I2C2_ER_IRQHandler                       0x0800025b   Thumb Code     0  startup_stm32f40_41xxx.o(.text)
    I2C2_EV_IRQHandler                       0x0800025b   Thumb Code     0  startup_stm32f40_41xxx.o(.text)
    I2C3_ER_IRQHandler                       0x0800025b   Thumb Code     0  startup_stm32f40_41xxx.o(.text)
    I2C3_EV_IRQHandler                       0x0800025b   Thumb Code     0  startup_stm32f40_41xxx.o(.text)
    OTG_FS_IRQHandler                        0x0800025b   Thumb Code     0  startup_stm32f40_41xxx.o(.text)
    OTG_FS_WKUP_IRQHandler                   0x0800025b   Thumb Code     0  startup_stm32f40_41xxx.o(.text)
    OTG_HS_EP1_IN_IRQHandler                 0x0800025b   Thumb Code     0  startup_stm32f40_41xxx.o(.text)
    OTG_HS_EP1_OUT_IRQHandler                0x0800025b   Thumb Code     0  startup_stm32f40_41xxx.o(.text)
    OTG_HS_IRQHandler                        0x0800025b   Thumb Code     0  startup_stm32f40_41xxx.o(.text)
    OTG_HS_WKUP_IRQHandler                   0x0800025b   Thumb Code     0  startup_stm32f40_41xxx.o(.text)
    PVD_IRQHandler                           0x0800025b   Thumb Code     0  startup_stm32f40_41xxx.o(.text)
    RCC_IRQHandler                           0x0800025b   Thumb Code     0  startup_stm32f40_41xxx.o(.text)
    RTC_Alarm_IRQHandler                     0x0800025b   Thumb Code     0  startup_stm32f40_41xxx.o(.text)
    RTC_WKUP_IRQHandler                      0x0800025b   Thumb Code     0  startup_stm32f40_41xxx.o(.text)
    SPI1_IRQHandler                          0x0800025b   Thumb Code     0  startup_stm32f40_41xxx.o(.text)
    SPI2_IRQHandler                          0x0800025b   Thumb Code     0  startup_stm32f40_41xxx.o(.text)
    SPI3_IRQHandler                          0x0800025b   Thumb Code     0  startup_stm32f40_41xxx.o(.text)
    TAMP_STAMP_IRQHandler                    0x0800025b   Thumb Code     0  startup_stm32f40_41xxx.o(.text)
    TIM1_BRK_TIM9_IRQHandler                 0x0800025b   Thumb Code     0  startup_stm32f40_41xxx.o(.text)
    TIM1_CC_IRQHandler                       0x0800025b   Thumb Code     0  startup_stm32f40_41xxx.o(.text)
    TIM1_TRG_COM_TIM11_IRQHandler            0x0800025b   Thumb Code     0  startup_stm32f40_41xxx.o(.text)
    TIM1_UP_TIM10_IRQHandler                 0x0800025b   Thumb Code     0  startup_stm32f40_41xxx.o(.text)
    TIM2_IRQHandler                          0x0800025b   Thumb Code     0  startup_stm32f40_41xxx.o(.text)
    TIM3_IRQHandler                          0x0800025b   Thumb Code     0  startup_stm32f40_41xxx.o(.text)
    TIM4_IRQHandler                          0x0800025b   Thumb Code     0  startup_stm32f40_41xxx.o(.text)
    TIM5_IRQHandler                          0x0800025b   Thumb Code     0  startup_stm32f40_41xxx.o(.text)
    TIM6_DAC_IRQHandler                      0x0800025b   Thumb Code     0  startup_stm32f40_41xxx.o(.text)
    TIM7_IRQHandler                          0x0800025b   Thumb Code     0  startup_stm32f40_41xxx.o(.text)
    TIM8_BRK_TIM12_IRQHandler                0x0800025b   Thumb Code     0  startup_stm32f40_41xxx.o(.text)
    TIM8_CC_IRQHandler                       0x0800025b   Thumb Code     0  startup_stm32f40_41xxx.o(.text)
    TIM8_TRG_COM_TIM14_IRQHandler            0x0800025b   Thumb Code     0  startup_stm32f40_41xxx.o(.text)
    TIM8_UP_TIM13_IRQHandler                 0x0800025b   Thumb Code     0  startup_stm32f40_41xxx.o(.text)
    WWDG_IRQHandler                          0x0800025b   Thumb Code     0  startup_stm32f40_41xxx.o(.text)
    __user_initial_stackheap                 0x0800025d   Thumb Code     0  startup_stm32f40_41xxx.o(.text)
    malloc                                   0x08000281   Thumb Code    94  h1_alloc.o(.text)
    free                                     0x080002df   Thumb Code    78  h1_free.o(.text)
    __2sprintf                               0x0800032d   Thumb Code    34  noretval__2sprintf.o(.text)
    _printf_pre_padding                      0x08000355   Thumb Code    44  _printf_pad.o(.text)
    _printf_post_padding                     0x08000381   Thumb Code    34  _printf_pad.o(.text)
    _printf_int_dec                          0x080003a5   Thumb Code   104  _printf_dec.o(.text)
    _printf_int_hex                          0x0800041d   Thumb Code    84  _printf_hex_int.o(.text)
    _printf_longlong_hex                     0x0800041d   Thumb Code     0  _printf_hex_int.o(.text)
    __printf                                 0x08000475   Thumb Code   308  __printf_flags_wp.o(.text)
    strncmp                                  0x080005ad   Thumb Code   150  strncmp.o(.text)
    __use_two_region_memory                  0x08000643   Thumb Code     2  heapauxi.o(.text)
    __rt_heap_escrow                         0x08000645   Thumb Code     2  heapauxi.o(.text)
    __rt_heap_expand                         0x08000647   Thumb Code     2  heapauxi.o(.text)
    __rt_heap_descriptor                     0x08000649   Thumb Code     8  rt_heap_descriptor_intlibspace.o(.text)
    __use_no_heap                            0x08000651   Thumb Code     2  hguard.o(.text)
    __heap$guard                             0x08000653   Thumb Code     2  hguard.o(.text)
    _terminate_user_alloc                    0x08000655   Thumb Code     2  init_alloc.o(.text)
    _init_user_alloc                         0x08000657   Thumb Code     2  init_alloc.o(.text)
    __Heap_Full                              0x08000659   Thumb Code    34  init_alloc.o(.text)
    __Heap_Broken                            0x0800067b   Thumb Code     6  init_alloc.o(.text)
    _init_alloc                              0x08000681   Thumb Code    94  init_alloc.o(.text)
    __Heap_Initialize                        0x080006df   Thumb Code    10  h1_init.o(.text)
    __Heap_DescSize                          0x080006e9   Thumb Code     4  h1_init.o(.text)
    _printf_int_common                       0x080006ed   Thumb Code   178  _printf_intcommon.o(.text)
    _printf_char_common                      0x080007ab   Thumb Code    32  _printf_char_common.o(.text)
    _sputc                                   0x080007d1   Thumb Code    10  _sputc.o(.text)
    __user_libspace                          0x080007dd   Thumb Code     8  libspace.o(.text)
    __user_perproc_libspace                  0x080007dd   Thumb Code     0  libspace.o(.text)
    __user_perthread_libspace                0x080007dd   Thumb Code     0  libspace.o(.text)
    __Heap_ProvideMemory                     0x080007e5   Thumb Code    52  h1_extend.o(.text)
    __rt_SIGRTMEM                            0x08000819   Thumb Code    14  defsig_rtmem_outer.o(.text)
    __I$use$semihosting                      0x08000827   Thumb Code     0  use_no_semi.o(.text)
    __use_no_semihosting_swi                 0x08000827   Thumb Code     2  use_no_semi.o(.text)
    __semihosting_library_function           0x08000829   Thumb Code     0  indicate_semi.o(.text)
    __user_setup_stackheap                   0x08000829   Thumb Code    74  sys_stackheap_outer.o(.text)
    exit                                     0x08000873   Thumb Code    12  exit.o(.text)
    __sig_exit                               0x0800087f   Thumb Code    10  defsig_exit.o(.text)
    __rt_SIGRTMEM_inner                      0x08000889   Thumb Code    22  defsig_rtmem_inner.o(.text)
    _sys_exit                                0x080008d9   Thumb Code     8  sys_exit.o(.text)
    __default_signal_display                 0x080008e5   Thumb Code    50  defsig_general.o(.text)
    _ttywrch                                 0x08000917   Thumb Code    14  sys_wrch.o(.text)
    BusFault_Handler                         0x08000925   Thumb Code     2  stm32f4xx_it.o(i.BusFault_Handler)
    CustomTIMER1_Task                        0x08000929   Thumb Code    62  main.o(i.CustomTIMER1_Task)
    CustomTIMER2_Task                        0x0800096d   Thumb Code    22  main.o(i.CustomTIMER2_Task)
    DMA2_Stream3_IRQHandler                  0x0800098d   Thumb Code     4  fatfs_sd_sdio.o(i.DMA2_Stream3_IRQHandler)
    DMA_ClearFlag                            0x08000991   Thumb Code    32  stm32f4xx_dma.o(i.DMA_ClearFlag)
    DebugMon_Handler                         0x080009bd   Thumb Code     2  stm32f4xx_it.o(i.DebugMon_Handler)
    EXTI0_IRQHandler                         0x080009e9   Thumb Code    22  tm_stm32f4_exti.o(i.EXTI0_IRQHandler)
    EXTI15_10_IRQHandler                     0x08000a05   Thumb Code   100  tm_stm32f4_exti.o(i.EXTI15_10_IRQHandler)
    EXTI1_IRQHandler                         0x08000a6d   Thumb Code    22  tm_stm32f4_exti.o(i.EXTI1_IRQHandler)
    EXTI2_IRQHandler                         0x08000a89   Thumb Code    22  tm_stm32f4_exti.o(i.EXTI2_IRQHandler)
    EXTI3_IRQHandler                         0x08000aa5   Thumb Code    22  tm_stm32f4_exti.o(i.EXTI3_IRQHandler)
    EXTI4_IRQHandler                         0x08000ac1   Thumb Code    22  tm_stm32f4_exti.o(i.EXTI4_IRQHandler)
    EXTI9_5_IRQHandler                       0x08000add   Thumb Code    80  tm_stm32f4_exti.o(i.EXTI9_5_IRQHandler)
    GPIO_ReadInputDataBit                    0x08000b31   Thumb Code    14  stm32f4xx_gpio.o(i.GPIO_ReadInputDataBit)
    HardFault_Handler                        0x08000b3f   Thumb Code     2  stm32f4xx_it.o(i.HardFault_Handler)
    MemManage_Handler                        0x08000b41   Thumb Code     2  stm32f4xx_it.o(i.MemManage_Handler)
    NMI_Handler                              0x08000b43   Thumb Code     2  stm32f4xx_it.o(i.NMI_Handler)
    NVIC_Init                                0x08000b45   Thumb Code    96  misc.o(i.NVIC_Init)
    PendSV_Handler                           0x08000ba9   Thumb Code     2  stm32f4xx_it.o(i.PendSV_Handler)
    ProcessAction                            0x08000bad   Thumb Code   200  main.o(i.ProcessAction)
    RCC_APB1PeriphResetCmd                   0x08000c91   Thumb Code    18  stm32f4xx_rcc.o(i.RCC_APB1PeriphResetCmd)
    RCC_APB2PeriphResetCmd                   0x08000ca9   Thumb Code    18  stm32f4xx_rcc.o(i.RCC_APB2PeriphResetCmd)
    RCC_GetClocksFreq                        0x08000cc1   Thumb Code   132  stm32f4xx_rcc.o(i.RCC_GetClocksFreq)
    SDIO_ClearITPendingBit                   0x08000d51   Thumb Code     6  stm32f4xx_sdio.o(i.SDIO_ClearITPendingBit)
    SDIO_GetITStatus                         0x08000d5d   Thumb Code    16  stm32f4xx_sdio.o(i.SDIO_GetITStatus)
    SDIO_IRQHandler                          0x08000d71   Thumb Code     4  fatfs_sd_sdio.o(i.SDIO_IRQHandler)
    SD_ProcessDMAIRQ                         0x08000d75   Thumb Code    30  fatfs_sd_sdio.o(i.SD_ProcessDMAIRQ)
    SD_ProcessIRQSrc                         0x08000d9d   Thumb Code   142  fatfs_sd_sdio.o(i.SD_ProcessIRQSrc)
    SVC_Handler                              0x08000e35   Thumb Code     2  stm32f4xx_it.o(i.SVC_Handler)
    SysTick_Handler                          0x08000eed   Thumb Code     8  stm32f4xx_it.o(i.SysTick_Handler)
    SystemInit                               0x08000ef5   Thumb Code    74  system_stm32f4xx.o(i.SystemInit)
    TM_DELAY_Init                            0x08000f51   Thumb Code    60  tm_stm32f4_delay.o(i.TM_DELAY_Init)
    TM_DELAY_TimerCreate                     0x08000f9d   Thumb Code    68  tm_stm32f4_delay.o(i.TM_DELAY_TimerCreate)
    TM_EXTI_Attach                           0x08000fe5   Thumb Code   416  tm_stm32f4_exti.o(i.TM_EXTI_Attach)
    TM_GPIO_GetPinSource                     0x08001191   Thumb Code    18  tm_stm32f4_gpio.o(i.TM_GPIO_GetPinSource)
    TM_GPIO_GetPortSource                    0x080011a5   Thumb Code    10  tm_stm32f4_gpio.o(i.TM_GPIO_GetPortSource)
    TM_GPIO_INT_EnableClock                  0x080011b5   Thumb Code    20  tm_stm32f4_gpio.o(i.TM_GPIO_INT_EnableClock)
    TM_GPIO_INT_Init                         0x080011cd   Thumb Code   130  tm_stm32f4_gpio.o(i.TM_GPIO_INT_Init)
    TM_GPIO_Init                             0x08001255   Thumb Code    38  tm_stm32f4_gpio.o(i.TM_GPIO_Init)
    TM_GPIO_InitAlternate                    0x0800127b   Thumb Code    92  tm_stm32f4_gpio.o(i.TM_GPIO_InitAlternate)
    TM_HD44780_Clear                         0x080012d7   Thumb Code    20  tm_stm32f4_hd44780.o(i.TM_HD44780_Clear)
    TM_HD44780_CreateChar                    0x08001369   Thumb Code    36  tm_stm32f4_hd44780.o(i.TM_HD44780_CreateChar)
    TM_HD44780_DisplayOn                     0x080013e1   Thumb Code    18  tm_stm32f4_hd44780.o(i.TM_HD44780_DisplayOn)
    TM_HD44780_Init                          0x080013f9   Thumb Code   138  tm_stm32f4_hd44780.o(i.TM_HD44780_Init)
    TM_HD44780_Puts                          0x08001511   Thumb Code    88  tm_stm32f4_hd44780.o(i.TM_HD44780_Puts)
    TM_UART4_InitPins                        0x0800156d   Thumb Code    60  tm_stm32f4_usart_1.o(i.TM_UART4_InitPins)
    TM_UART5_InitPins                        0x080015b5   Thumb Code    56  tm_stm32f4_usart_1.o(i.TM_UART5_InitPins)
    TM_USART1_InitPins                       0x080015f9   Thumb Code    60  tm_stm32f4_usart_1.o(i.TM_USART1_InitPins)
    TM_USART2_InitPins                       0x08001641   Thumb Code    58  tm_stm32f4_usart_1.o(i.TM_USART2_InitPins)
    TM_USART3_InitPins                       0x08001689   Thumb Code    76  tm_stm32f4_usart_1.o(i.TM_USART3_InitPins)
    TM_USART6_InitPins                       0x080016e5   Thumb Code    60  tm_stm32f4_usart_1.o(i.TM_USART6_InitPins)
    TM_USART_BufferEmpty                     0x0800172d   Thumb Code    26  tm_stm32f4_usart_1.o(i.TM_USART_BufferEmpty)
    TM_USART_INT_GetSubPriority              0x08001749   Thumb Code    52  tm_stm32f4_usart_1.o(i.TM_USART_INT_GetSubPriority)
    TM_USART_INT_GetUsart                    0x08001795   Thumb Code    62  tm_stm32f4_usart_1.o(i.TM_USART_INT_GetUsart)
    TM_USART_INT_InsertToBuffer              0x08001939   Thumb Code    38  tm_stm32f4_usart_1.o(i.TM_USART_INT_InsertToBuffer)
    TM_USART_Init                            0x08001961   Thumb Code   158  tm_stm32f4_usart_1.o(i.TM_USART_Init)
    TM_USART_InitCustomPinsCallback          0x08001a19   Thumb Code     2  tm_stm32f4_usart_1.o(i.TM_USART_InitCustomPinsCallback)
    TM_USART_Puts                            0x08001a1b   Thumb Code    42  tm_stm32f4_usart_1.o(i.TM_USART_Puts)
    TM_WATCHDOG_Init                         0x08001a45   Thumb Code   174  tm_stm32f4_watchdog.o(i.TM_WATCHDOG_Init)
    TimingDelay_Decrement                    0x08001afd   Thumb Code    88  tm_stm32f4_delay.o(i.TimingDelay_Decrement)
    UART4_IRQHandler                         0x08001b5d   Thumb Code    24  tm_stm32f4_usart_1.o(i.UART4_IRQHandler)
    UART5_IRQHandler                         0x08001b7d   Thumb Code    20  tm_stm32f4_usart_1.o(i.UART5_IRQHandler)
    USART1_IRQHandler                        0x08001b99   Thumb Code    20  tm_stm32f4_usart_1.o(i.USART1_IRQHandler)
    USART2_IRQHandler                        0x08001bb5   Thumb Code    24  tm_stm32f4_usart_1.o(i.USART2_IRQHandler)
    USART3_IRQHandler                        0x08001bd5   Thumb Code    24  tm_stm32f4_usart_1.o(i.USART3_IRQHandler)
    USART6_IRQHandler                        0x08001bf1   Thumb Code    24  tm_stm32f4_usart_1.o(i.USART6_IRQHandler)
    USART_DeInit                             0x08001c0d   Thumb Code   138  stm32f4xx_usart.o(i.USART_DeInit)
    USART_Init                               0x08001cb9   Thumb Code   164  stm32f4xx_usart.o(i.USART_Init)
    UsageFault_Handler                       0x08001d65   Thumb Code     2  stm32f4xx_it.o(i.UsageFault_Handler)
    WaitPC                                   0x08001d69   Thumb Code    30  main.o(i.WaitPC)
    _is_digit                                0x08001d8d   Thumb Code    14  __printf_wp.o(i._is_digit)
    main                                     0x08001d9d   Thumb Code  1000  main.o(i.main)
    read_sw_add                              0x08002311   Thumb Code    78  main.o(i.read_sw_add)
    turn_off_dk1                             0x08002371   Thumb Code    14  main.o(i.turn_off_dk1)
    turn_off_dk2                             0x08002389   Thumb Code    14  main.o(i.turn_off_dk2)
    turn_on_dk1                              0x080023a1   Thumb Code    12  main.o(i.turn_on_dk1)
    turn_on_dk2                              0x080023b5   Thumb Code    14  main.o(i.turn_on_dk2)
    _fp_init                                 0x080023cd   Thumb Code    10  fpinit.o(x$fpl$fpinit)
    __fplib_config_fpu_vfp                   0x080023d5   Thumb Code     0  fpinit.o(x$fpl$fpinit)
    __fplib_config_pureend_doubles           0x080023d5   Thumb Code     0  fpinit.o(x$fpl$fpinit)
    Region$$Table$$Base                      0x08002410   Number         0  anon$$obj.o(Region$$Table)
    Region$$Table$$Limit                     0x08002430   Number         0  anon$$obj.o(Region$$Table)
    TM_USART1                                0x20000010   Data          16  tm_stm32f4_usart_1.o(.data)
    TM_USART2                                0x20000020   Data          16  tm_stm32f4_usart_1.o(.data)
    TM_USART3                                0x20000030   Data          16  tm_stm32f4_usart_1.o(.data)
    TM_UART4                                 0x20000040   Data          16  tm_stm32f4_usart_1.o(.data)
    TM_UART5                                 0x20000050   Data          16  tm_stm32f4_usart_1.o(.data)
    TM_USART6                                0x20000060   Data          16  tm_stm32f4_usart_1.o(.data)
    TM_DELAY_Initialized                     0x20000070   Data           1  tm_stm32f4_delay.o(.data)
    TM_Time                                  0x20000074   Data           4  tm_stm32f4_delay.o(.data)
    TM_Time2                                 0x20000078   Data           4  tm_stm32f4_delay.o(.data)
    mult                                     0x2000007c   Data           4  tm_stm32f4_delay.o(.data)
    Process                                  0x20000088   Data           1  main.o(.data)
    flag_RFID1                               0x20000089   Data           1  main.o(.data)
    flag_PC                                  0x2000008a   Data           1  main.o(.data)
    counter                                  0x2000008b   Data           1  main.o(.data)
    flag_485                                 0x2000008c   Data           1  main.o(.data)
    flag_W1D1                                0x2000008d   Data           1  main.o(.data)
    flag_W1D0                                0x2000008e   Data           1  main.o(.data)
    flag_R11                                 0x2000008f   Data           1  main.o(.data)
    flag_R21                                 0x20000090   Data           1  main.o(.data)
    flag_R12                                 0x20000091   Data           1  main.o(.data)
    flag_R22                                 0x20000092   Data           1  main.o(.data)
    flag_R31                                 0x20000093   Data           1  main.o(.data)
    value_dip                                0x20000094   Data           1  main.o(.data)
    express                                  0x20000097   Data           1  main.o(.data)
    SelectCard                               0x20000098   Data           4  main.o(.data)
    LEDStatus                                0x2000009c   Data           4  main.o(.data)
    timeout                                  0x200000a0   Data           4  main.o(.data)
    timerdk1                                 0x200000a4   Data           4  main.o(.data)
    timerdk2                                 0x200000a8   Data           4  main.o(.data)
    timerdk3                                 0x200000ac   Data           4  main.o(.data)
    timerdk4                                 0x200000b0   Data           4  main.o(.data)
    timer_dk1                                0x200000b4   Data           4  main.o(.data)
    timer_dk2                                0x200000b8   Data           4  main.o(.data)
    timer_dk3                                0x200000bc   Data           4  main.o(.data)
    timer_dk4                                0x200000c0   Data           4  main.o(.data)
    CustomTimer1                             0x200000c4   Data           4  main.o(.data)
    CustomTimer2                             0x200000c8   Data           4  main.o(.data)
    IDCAR1                                   0x200000cc   Data           7  main.o(.data)
    customChar                               0x200000d3   Data           8  main.o(.data)
    SystemCoreClock                          0x200000dc   Data           4  system_stm32f4xx.o(.data)
    AHBPrescTable                            0x200000e0   Data          16  system_stm32f4xx.o(.data)
    TransferError                            0x200000f0   Data           1  fatfs_sd_sdio.o(.data)
    StopCondition                            0x200000fc   Data           4  fatfs_sd_sdio.o(.data)
    TransferEnd                              0x20000100   Data           4  fatfs_sd_sdio.o(.data)
    DMAEndOfTransfer                         0x20000104   Data           4  fatfs_sd_sdio.o(.data)
    TM_USART1_Buffer                         0x2000011e   Data          32  tm_stm32f4_usart_1.o(.bss)
    TM_USART2_Buffer                         0x2000013e   Data          32  tm_stm32f4_usart_1.o(.bss)
    TM_USART3_Buffer                         0x2000015e   Data          32  tm_stm32f4_usart_1.o(.bss)
    TM_UART4_Buffer                          0x2000017e   Data          32  tm_stm32f4_usart_1.o(.bss)
    TM_UART5_Buffer                          0x2000019e   Data          32  tm_stm32f4_usart_1.o(.bss)
    TM_USART6_Buffer                         0x200001be   Data          32  tm_stm32f4_usart_1.o(.bss)
    BufferCom1                               0x200001f8   Data          50  main.o(.bss)
    BufferCom2                               0x2000022a   Data          50  main.o(.bss)
    UID1                                     0x2000025c   Data          20  main.o(.bss)
    __libspace_start                         0x20000270   Data          96  libspace.o(.bss)
    __temporary_stack_top$libspace           0x200002d0   Data           0  libspace.o(.bss)



==============================================================================

Memory Map of the image

  Image Entry point : 0x08000189

  Load Region LR_IROM1 (Base: 0x08000000, Size: 0x00002538, Max: 0x00080000, ABSOLUTE)

    Execution Region ER_IROM1 (Base: 0x08000000, Size: 0x00002430, Max: 0x00080000, ABSOLUTE)

    Base Addr    Size         Type   Attr      Idx    E Section Name        Object

    0x08000000   0x00000188   Data   RO            3    RESET               startup_stm32f40_41xxx.o
    0x08000188   0x00000008   Code   RO          666  * !!!main             c_w.l(__main.o)
    0x08000190   0x00000034   Code   RO          829    !!!scatter          c_w.l(__scatter.o)
    0x080001c4   0x0000001a   Code   RO          830    !!handler_copy      c_w.l(__scatter_copy.o)
    0x080001de   0x00000002   PAD
    0x080001e0   0x0000001c   Code   RO          831    !!handler_zi        c_w.l(__scatter_zi.o)
    0x080001fc   0x00000000   Code   RO          660    .ARM.Collect$$_printf_percent$$00000000  c_w.l(_printf_percent.o)
    0x080001fc   0x00000006   Code   RO          659    .ARM.Collect$$_printf_percent$$00000009  c_w.l(_printf_d.o)
    0x08000202   0x00000006   Code   RO          658    .ARM.Collect$$_printf_percent$$0000000C  c_w.l(_printf_x.o)
    0x08000208   0x00000004   Code   RO          691    .ARM.Collect$$_printf_percent$$00000017  c_w.l(_printf_percent_end.o)
    0x0800020c   0x00000002   Code   RO          785    .ARM.Collect$$libinit$$00000000  c_w.l(libinit.o)
    0x0800020e   0x00000004   Code   RO          694    .ARM.Collect$$libinit$$00000001  c_w.l(libinit2.o)
    0x08000212   0x00000000   Code   RO          697    .ARM.Collect$$libinit$$00000004  c_w.l(libinit2.o)
    0x08000212   0x00000008   Code   RO          698    .ARM.Collect$$libinit$$00000005  c_w.l(libinit2.o)
    0x0800021a   0x00000000   Code   RO          700    .ARM.Collect$$libinit$$0000000A  c_w.l(libinit2.o)
    0x0800021a   0x00000000   Code   RO          702    .ARM.Collect$$libinit$$0000000C  c_w.l(libinit2.o)
    0x0800021a   0x00000000   Code   RO          704    .ARM.Collect$$libinit$$0000000E  c_w.l(libinit2.o)
    0x0800021a   0x00000000   Code   RO          707    .ARM.Collect$$libinit$$00000011  c_w.l(libinit2.o)
    0x0800021a   0x00000000   Code   RO          709    .ARM.Collect$$libinit$$00000013  c_w.l(libinit2.o)
    0x0800021a   0x00000000   Code   RO          711    .ARM.Collect$$libinit$$00000015  c_w.l(libinit2.o)
    0x0800021a   0x00000000   Code   RO          713    .ARM.Collect$$libinit$$00000017  c_w.l(libinit2.o)
    0x0800021a   0x00000000   Code   RO          715    .ARM.Collect$$libinit$$00000019  c_w.l(libinit2.o)
    0x0800021a   0x00000000   Code   RO          717    .ARM.Collect$$libinit$$0000001B  c_w.l(libinit2.o)
    0x0800021a   0x00000000   Code   RO          719    .ARM.Collect$$libinit$$0000001D  c_w.l(libinit2.o)
    0x0800021a   0x00000000   Code   RO          721    .ARM.Collect$$libinit$$0000001F  c_w.l(libinit2.o)
    0x0800021a   0x00000000   Code   RO          723    .ARM.Collect$$libinit$$00000021  c_w.l(libinit2.o)
    0x0800021a   0x00000000   Code   RO          725    .ARM.Collect$$libinit$$00000023  c_w.l(libinit2.o)
    0x0800021a   0x00000000   Code   RO          727    .ARM.Collect$$libinit$$00000025  c_w.l(libinit2.o)
    0x0800021a   0x00000000   Code   RO          731    .ARM.Collect$$libinit$$0000002C  c_w.l(libinit2.o)
    0x0800021a   0x00000000   Code   RO          733    .ARM.Collect$$libinit$$0000002E  c_w.l(libinit2.o)
    0x0800021a   0x00000000   Code   RO          735    .ARM.Collect$$libinit$$00000030  c_w.l(libinit2.o)
    0x0800021a   0x00000000   Code   RO          737    .ARM.Collect$$libinit$$00000032  c_w.l(libinit2.o)
    0x0800021a   0x00000002   Code   RO          738    .ARM.Collect$$libinit$$00000033  c_w.l(libinit2.o)
    0x0800021c   0x00000002   Code   RO          826    .ARM.Collect$$libshutdown$$00000000  c_w.l(libshutdown.o)
    0x0800021e   0x00000000   Code   RO          795    .ARM.Collect$$libshutdown$$00000003  c_w.l(libshutdown2.o)
    0x0800021e   0x00000000   Code   RO          798    .ARM.Collect$$libshutdown$$00000006  c_w.l(libshutdown2.o)
    0x0800021e   0x00000000   Code   RO          801    .ARM.Collect$$libshutdown$$00000009  c_w.l(libshutdown2.o)
    0x0800021e   0x00000000   Code   RO          803    .ARM.Collect$$libshutdown$$0000000B  c_w.l(libshutdown2.o)
    0x0800021e   0x00000000   Code   RO          806    .ARM.Collect$$libshutdown$$0000000E  c_w.l(libshutdown2.o)
    0x0800021e   0x00000002   Code   RO          807    .ARM.Collect$$libshutdown$$0000000F  c_w.l(libshutdown2.o)
    0x08000220   0x00000000   Code   RO          674    .ARM.Collect$$rtentry$$00000000  c_w.l(__rtentry.o)
    0x08000220   0x00000000   Code   RO          746    .ARM.Collect$$rtentry$$00000002  c_w.l(__rtentry2.o)
    0x08000220   0x00000006   Code   RO          758    .ARM.Collect$$rtentry$$00000004  c_w.l(__rtentry4.o)
    0x08000226   0x00000000   Code   RO          748    .ARM.Collect$$rtentry$$00000009  c_w.l(__rtentry2.o)
    0x08000226   0x00000004   Code   RO          749    .ARM.Collect$$rtentry$$0000000A  c_w.l(__rtentry2.o)
    0x0800022a   0x00000000   Code   RO          751    .ARM.Collect$$rtentry$$0000000C  c_w.l(__rtentry2.o)
    0x0800022a   0x00000008   Code   RO          752    .ARM.Collect$$rtentry$$0000000D  c_w.l(__rtentry2.o)
    0x08000232   0x00000002   Code   RO          787    .ARM.Collect$$rtexit$$00000000  c_w.l(rtexit.o)
    0x08000234   0x00000000   Code   RO          810    .ARM.Collect$$rtexit$$00000002  c_w.l(rtexit2.o)
    0x08000234   0x00000004   Code   RO          811    .ARM.Collect$$rtexit$$00000003  c_w.l(rtexit2.o)
    0x08000238   0x00000006   Code   RO          812    .ARM.Collect$$rtexit$$00000004  c_w.l(rtexit2.o)
    0x0800023e   0x00000002   PAD
    0x08000240   0x00000000   Code   RO          761    .emb_text           c_w.l(maybetermalloc1.o)
    0x08000240   0x00000040   Code   RO            4    .text               startup_stm32f40_41xxx.o
    0x08000280   0x0000005e   Code   RO          596    .text               c_w.l(h1_alloc.o)
    0x080002de   0x0000004e   Code   RO          597    .text               c_w.l(h1_free.o)
    0x0800032c   0x00000028   Code   RO          627    .text               c_w.l(noretval__2sprintf.o)
    0x08000354   0x0000004e   Code   RO          629    .text               c_w.l(_printf_pad.o)
    0x080003a2   0x00000002   PAD
    0x080003a4   0x00000078   Code   RO          630    .text               c_w.l(_printf_dec.o)
    0x0800041c   0x00000058   Code   RO          633    .text               c_w.l(_printf_hex_int.o)
    0x08000474   0x00000138   Code   RO          653    .text               c_w.l(__printf_flags_wp.o)
    0x080005ac   0x00000096   Code   RO          662    .text               c_w.l(strncmp.o)
    0x08000642   0x00000006   Code   RO          665    .text               c_w.l(heapauxi.o)
    0x08000648   0x00000008   Code   RO          677    .text               c_w.l(rt_heap_descriptor_intlibspace.o)
    0x08000650   0x00000004   Code   RO          678    .text               c_w.l(hguard.o)
    0x08000654   0x0000008a   Code   RO          679    .text               c_w.l(init_alloc.o)
    0x080006de   0x0000000e   Code   RO          681    .text               c_w.l(h1_init.o)
    0x080006ec   0x000000b2   Code   RO          688    .text               c_w.l(_printf_intcommon.o)
    0x0800079e   0x00000002   PAD
    0x080007a0   0x00000030   Code   RO          689    .text               c_w.l(_printf_char_common.o)
    0x080007d0   0x0000000a   Code   RO          690    .text               c_w.l(_sputc.o)
    0x080007da   0x00000002   PAD
    0x080007dc   0x00000008   Code   RO          743    .text               c_w.l(libspace.o)
    0x080007e4   0x00000034   Code   RO          763    .text               c_w.l(h1_extend.o)
    0x08000818   0x0000000e   Code   RO          766    .text               c_w.l(defsig_rtmem_outer.o)
    0x08000826   0x00000002   Code   RO          772    .text               c_w.l(use_no_semi.o)
    0x08000828   0x00000000   Code   RO          773    .text               c_w.l(indicate_semi.o)
    0x08000828   0x0000004a   Code   RO          774    .text               c_w.l(sys_stackheap_outer.o)
    0x08000872   0x0000000c   Code   RO          777    .text               c_w.l(exit.o)
    0x0800087e   0x0000000a   Code   RO          778    .text               c_w.l(defsig_exit.o)
    0x08000888   0x00000050   Code   RO          779    .text               c_w.l(defsig_rtmem_inner.o)
    0x080008d8   0x0000000c   Code   RO          786    .text               c_w.l(sys_exit.o)
    0x080008e4   0x00000032   Code   RO          792    .text               c_w.l(defsig_general.o)
    0x08000916   0x0000000e   Code   RO          808    .text               c_w.l(sys_wrch.o)
    0x08000924   0x00000002   Code   RO          416    i.BusFault_Handler  stm32f4xx_it.o
    0x08000926   0x00000002   PAD
    0x08000928   0x00000044   Code   RO          381    i.CustomTIMER1_Task  main.o
    0x0800096c   0x00000020   Code   RO          382    i.CustomTIMER2_Task  main.o
    0x0800098c   0x00000004   Code   RO          546    i.DMA2_Stream3_IRQHandler  fatfs_sd_sdio.o
    0x08000990   0x0000002c   Code   RO          123    i.DMA_ClearFlag     stm32f4xx_dma.o
    0x080009bc   0x00000002   Code   RO          417    i.DebugMon_Handler  stm32f4xx_it.o
    0x080009be   0x00000002   PAD
    0x080009c0   0x00000010   Code   RO          348    i.Delay             tm_stm32f4_hd44780.o
    0x080009d0   0x00000018   Code   RO          383    i.Delayms           main.o
    0x080009e8   0x0000001c   Code   RO          335    i.EXTI0_IRQHandler  tm_stm32f4_exti.o
    0x08000a04   0x00000068   Code   RO          336    i.EXTI15_10_IRQHandler  tm_stm32f4_exti.o
    0x08000a6c   0x0000001c   Code   RO          337    i.EXTI1_IRQHandler  tm_stm32f4_exti.o
    0x08000a88   0x0000001c   Code   RO          338    i.EXTI2_IRQHandler  tm_stm32f4_exti.o
    0x08000aa4   0x0000001c   Code   RO          339    i.EXTI3_IRQHandler  tm_stm32f4_exti.o
    0x08000ac0   0x0000001c   Code   RO          340    i.EXTI4_IRQHandler  tm_stm32f4_exti.o
    0x08000adc   0x00000054   Code   RO          341    i.EXTI9_5_IRQHandler  tm_stm32f4_exti.o
    0x08000b30   0x0000000e   Code   RO           78    i.GPIO_ReadInputDataBit  stm32f4xx_gpio.o
    0x08000b3e   0x00000002   Code   RO          418    i.HardFault_Handler  stm32f4xx_it.o
    0x08000b40   0x00000002   Code   RO          419    i.MemManage_Handler  stm32f4xx_it.o
    0x08000b42   0x00000002   Code   RO          420    i.NMI_Handler       stm32f4xx_it.o
    0x08000b44   0x00000064   Code   RO            8    i.NVIC_Init         misc.o
    0x08000ba8   0x00000002   Code   RO          421    i.PendSV_Handler    stm32f4xx_it.o
    0x08000baa   0x00000002   PAD
    0x08000bac   0x000000e4   Code   RO          384    i.ProcessAction     main.o
    0x08000c90   0x00000018   Code   RO           27    i.RCC_APB1PeriphResetCmd  stm32f4xx_rcc.o
    0x08000ca8   0x00000018   Code   RO           30    i.RCC_APB2PeriphResetCmd  stm32f4xx_rcc.o
    0x08000cc0   0x00000090   Code   RO           37    i.RCC_GetClocksFreq  stm32f4xx_rcc.o
    0x08000d50   0x0000000c   Code   RO           92    i.SDIO_ClearITPendingBit  stm32f4xx_sdio.o
    0x08000d5c   0x00000014   Code   RO          104    i.SDIO_GetITStatus  stm32f4xx_sdio.o
    0x08000d70   0x00000004   Code   RO          550    i.SDIO_IRQHandler   fatfs_sd_sdio.o
    0x08000d74   0x00000028   Code   RO          569    i.SD_ProcessDMAIRQ  fatfs_sd_sdio.o
    0x08000d9c   0x00000098   Code   RO          570    i.SD_ProcessIRQSrc  fatfs_sd_sdio.o
    0x08000e34   0x00000002   Code   RO          422    i.SVC_Handler       stm32f4xx_it.o
    0x08000e36   0x00000002   PAD
    0x08000e38   0x000000b4   Code   RO          429    i.SetSysClock       system_stm32f4xx.o
    0x08000eec   0x00000008   Code   RO          423    i.SysTick_Handler   stm32f4xx_it.o
    0x08000ef4   0x0000005c   Code   RO          431    i.SystemInit        system_stm32f4xx.o
    0x08000f50   0x0000004c   Code   RO          320    i.TM_DELAY_Init     tm_stm32f4_delay.o
    0x08000f9c   0x00000048   Code   RO          323    i.TM_DELAY_TimerCreate  tm_stm32f4_delay.o
    0x08000fe4   0x000001ac   Code   RO          342    i.TM_EXTI_Attach    tm_stm32f4_exti.o
    0x08001190   0x00000012   Code   RO          236    i.TM_GPIO_GetPinSource  tm_stm32f4_gpio.o
    0x080011a2   0x00000002   PAD
    0x080011a4   0x00000010   Code   RO          237    i.TM_GPIO_GetPortSource  tm_stm32f4_gpio.o
    0x080011b4   0x00000018   Code   RO          240    i.TM_GPIO_INT_EnableClock  tm_stm32f4_gpio.o
    0x080011cc   0x00000088   Code   RO          241    i.TM_GPIO_INT_Init  tm_stm32f4_gpio.o
    0x08001254   0x00000026   Code   RO          242    i.TM_GPIO_Init      tm_stm32f4_gpio.o
    0x0800127a   0x0000005c   Code   RO          243    i.TM_GPIO_InitAlternate  tm_stm32f4_gpio.o
    0x080012d6   0x00000014   Code   RO          351    i.TM_HD44780_Clear  tm_stm32f4_hd44780.o
    0x080012ea   0x00000002   PAD
    0x080012ec   0x00000024   Code   RO          352    i.TM_HD44780_Cmd    tm_stm32f4_hd44780.o
    0x08001310   0x00000058   Code   RO          353    i.TM_HD44780_Cmd4bit  tm_stm32f4_hd44780.o
    0x08001368   0x00000024   Code   RO          354    i.TM_HD44780_CreateChar  tm_stm32f4_hd44780.o
    0x0800138c   0x00000030   Code   RO          357    i.TM_HD44780_CursorSet  tm_stm32f4_hd44780.o
    0x080013bc   0x00000024   Code   RO          358    i.TM_HD44780_Data   tm_stm32f4_hd44780.o
    0x080013e0   0x00000018   Code   RO          360    i.TM_HD44780_DisplayOn  tm_stm32f4_hd44780.o
    0x080013f8   0x00000090   Code   RO          361    i.TM_HD44780_Init   tm_stm32f4_hd44780.o
    0x08001488   0x00000088   Code   RO          362    i.TM_HD44780_InitPins  tm_stm32f4_hd44780.o
    0x08001510   0x0000005c   Code   RO          364    i.TM_HD44780_Puts   tm_stm32f4_hd44780.o
    0x0800156c   0x00000048   Code   RO          254    i.TM_UART4_InitPins  tm_stm32f4_usart_1.o
    0x080015b4   0x00000044   Code   RO          255    i.TM_UART5_InitPins  tm_stm32f4_usart_1.o
    0x080015f8   0x00000048   Code   RO          256    i.TM_USART1_InitPins  tm_stm32f4_usart_1.o
    0x08001640   0x00000048   Code   RO          257    i.TM_USART2_InitPins  tm_stm32f4_usart_1.o
    0x08001688   0x0000005c   Code   RO          258    i.TM_USART3_InitPins  tm_stm32f4_usart_1.o
    0x080016e4   0x00000048   Code   RO          259    i.TM_USART6_InitPins  tm_stm32f4_usart_1.o
    0x0800172c   0x0000001a   Code   RO          260    i.TM_USART_BufferEmpty  tm_stm32f4_usart_1.o
    0x08001746   0x00000002   PAD
    0x08001748   0x0000004c   Code   RO          266    i.TM_USART_INT_GetSubPriority  tm_stm32f4_usart_1.o
    0x08001794   0x0000005c   Code   RO          267    i.TM_USART_INT_GetUsart  tm_stm32f4_usart_1.o
    0x080017f0   0x00000148   Code   RO          268    i.TM_USART_INT_Init  tm_stm32f4_usart_1.o
    0x08001938   0x00000026   Code   RO          269    i.TM_USART_INT_InsertToBuffer  tm_stm32f4_usart_1.o
    0x0800195e   0x00000002   PAD
    0x08001960   0x000000b8   Code   RO          270    i.TM_USART_Init     tm_stm32f4_usart_1.o
    0x08001a18   0x00000002   Code   RO          271    i.TM_USART_InitCustomPinsCallback  tm_stm32f4_usart_1.o
    0x08001a1a   0x0000002a   Code   RO          273    i.TM_USART_Puts     tm_stm32f4_usart_1.o
    0x08001a44   0x000000b8   Code   RO          371    i.TM_WATCHDOG_Init  tm_stm32f4_watchdog.o
    0x08001afc   0x00000060   Code   RO          328    i.TimingDelay_Decrement  tm_stm32f4_delay.o
    0x08001b5c   0x00000020   Code   RO          276    i.UART4_IRQHandler  tm_stm32f4_usart_1.o
    0x08001b7c   0x0000001c   Code   RO          277    i.UART5_IRQHandler  tm_stm32f4_usart_1.o
    0x08001b98   0x0000001c   Code   RO          278    i.USART1_IRQHandler  tm_stm32f4_usart_1.o
    0x08001bb4   0x00000020   Code   RO          279    i.USART2_IRQHandler  tm_stm32f4_usart_1.o
    0x08001bd4   0x0000001c   Code   RO          280    i.USART3_IRQHandler  tm_stm32f4_usart_1.o
    0x08001bf0   0x0000001c   Code   RO          281    i.USART6_IRQHandler  tm_stm32f4_usart_1.o
    0x08001c0c   0x000000ac   Code   RO          151    i.USART_DeInit      stm32f4xx_usart.o
    0x08001cb8   0x000000ac   Code   RO          156    i.USART_Init        stm32f4xx_usart.o
    0x08001d64   0x00000002   Code   RO          425    i.UsageFault_Handler  stm32f4xx_it.o
    0x08001d66   0x00000002   PAD
    0x08001d68   0x00000024   Code   RO          388    i.WaitPC            main.o
    0x08001d8c   0x0000000e   Code   RO          652    i._is_digit         c_w.l(__printf_wp.o)
    0x08001d9a   0x00000002   PAD
    0x08001d9c   0x00000574   Code   RO          389    i.main              main.o
    0x08002310   0x00000060   Code   RO          390    i.read_sw_add       main.o
    0x08002370   0x00000018   Code   RO          393    i.turn_off_dk1      main.o
    0x08002388   0x00000018   Code   RO          394    i.turn_off_dk2      main.o
    0x080023a0   0x00000014   Code   RO          397    i.turn_on_dk1       main.o
    0x080023b4   0x00000018   Code   RO          398    i.turn_on_dk2       main.o
    0x080023cc   0x0000000a   Code   RO          771    x$fpl$fpinit        fz_wm.l(fpinit.o)
    0x080023d6   0x00000028   Data   RO          634    .constdata          c_w.l(_printf_hex_int.o)
    0x080023fe   0x00000011   Data   RO          654    .constdata          c_w.l(__printf_flags_wp.o)
    0x0800240f   0x00000001   PAD
    0x08002410   0x00000020   Data   RO          827    Region$$Table       anon$$obj.o


    Execution Region RW_IRAM1 (Base: 0x20000000, Size: 0x00000ad0, Max: 0x00020000, ABSOLUTE)

    Base Addr    Size         Type   Attr      Idx    E Section Name        Object

    0x20000000   0x00000010   Data   RW           69    .data               stm32f4xx_rcc.o
    0x20000010   0x00000060   Data   RW          288    .data               tm_stm32f4_usart_1.o
    0x20000070   0x00000010   Data   RW          331    .data               tm_stm32f4_delay.o
    0x20000080   0x00000007   Data   RW          367    .data               tm_stm32f4_hd44780.o
    0x20000087   0x00000001   PAD
    0x20000088   0x00000053   Data   RW          404    .data               main.o
    0x200000db   0x00000001   PAD
    0x200000dc   0x00000014   Data   RW          432    .data               system_stm32f4xx.o
    0x200000f0   0x00000018   Data   RW          591    .data               fatfs_sd_sdio.o
    0x20000108   0x00000016   Zero   RW          250    .bss                tm_stm32f4_gpio.o
    0x2000011e   0x00000020   Zero   RW          282    .bss                tm_stm32f4_usart_1.o
    0x2000013e   0x00000020   Zero   RW          283    .bss                tm_stm32f4_usart_1.o
    0x2000015e   0x00000020   Zero   RW          284    .bss                tm_stm32f4_usart_1.o
    0x2000017e   0x00000020   Zero   RW          285    .bss                tm_stm32f4_usart_1.o
    0x2000019e   0x00000020   Zero   RW          286    .bss                tm_stm32f4_usart_1.o
    0x200001be   0x00000020   Zero   RW          287    .bss                tm_stm32f4_usart_1.o
    0x200001de   0x00000002   PAD
    0x200001e0   0x00000018   Zero   RW          329    .bss                tm_stm32f4_delay.o
    0x200001f8   0x00000078   Zero   RW          401    .bss                main.o
    0x20000270   0x00000060   Zero   RW          744    .bss                c_w.l(libspace.o)
    0x200002d0   0x00000400   Zero   RW            2    HEAP                startup_stm32f40_41xxx.o
    0x200006d0   0x00000400   Zero   RW            1    STACK               startup_stm32f40_41xxx.o


==============================================================================

Image component sizes


      Code (inc. data)   RO Data    RW Data    ZI Data      Debug   Object Name

       200         20          0         24          0          0   fatfs_sd_sdio.o
      1972        506          0         83        120          0   main.o
       100          4          0          0          0          0   misc.o
        64         26        392          0       2048          0   startup_stm32f40_41xxx.o
        44         12          0          0          0          0   stm32f4xx_dma.o
        14          0          0          0          0          0   stm32f4xx_gpio.o
        24          0          0          0          0          0   stm32f4xx_it.o
       192         24          0         16          0          0   stm32f4xx_rcc.o
        32         10          0          0          0          0   stm32f4xx_sdio.o
       344         42          0          0          0          0   stm32f4xx_usart.o
       272         36          0         20          0          0   system_stm32f4xx.o
       244         28          0         16         24          0   tm_stm32f4_delay.o
       756         50          0          0          0          0   tm_stm32f4_exti.o
       324         16          0          0         22          0   tm_stm32f4_gpio.o
       676         48          0          7          0          0   tm_stm32f4_hd44780.o
      1412        228          0         96        192          0   tm_stm32f4_usart_1.o
       184         10          0          0          0          0   tm_stm32f4_watchdog.o

    ----------------------------------------------------------------------
      6872       1060        424        264       2408          0   Object Totals
         0          0         32          0          0          0   (incl. Generated)
        18          0          0          2          2          0   (incl. Padding)

    ----------------------------------------------------------------------

      Code (inc. data)   RO Data    RW Data    ZI Data      Debug   Library Member Name

         8          0          0          0          0          0   __main.o
       312          4         17          0          0          0   __printf_flags_wp.o
        14          0          0          0          0          0   __printf_wp.o
         0          0          0          0          0          0   __rtentry.o
        12          0          0          0          0          0   __rtentry2.o
         6          0          0          0          0          0   __rtentry4.o
        52          8          0          0          0          0   __scatter.o
        26          0          0          0          0          0   __scatter_copy.o
        28          0          0          0          0          0   __scatter_zi.o
        48          6          0          0          0          0   _printf_char_common.o
         6          0          0          0          0          0   _printf_d.o
       120         16          0          0          0          0   _printf_dec.o
        88          4         40          0          0          0   _printf_hex_int.o
       178          0          0          0          0          0   _printf_intcommon.o
        78          0          0          0          0          0   _printf_pad.o
         0          0          0          0          0          0   _printf_percent.o
         4          0          0          0          0          0   _printf_percent_end.o
         6          0          0          0          0          0   _printf_x.o
        10          0          0          0          0          0   _sputc.o
        10          0          0          0          0          0   defsig_exit.o
        50          0          0          0          0          0   defsig_general.o
        80         58          0          0          0          0   defsig_rtmem_inner.o
        14          0          0          0          0          0   defsig_rtmem_outer.o
        12          0          0          0          0          0   exit.o
        94          0          0          0          0          0   h1_alloc.o
        52          0          0          0          0          0   h1_extend.o
        78          0          0          0          0          0   h1_free.o
        14          0          0          0          0          0   h1_init.o
         6          0          0          0          0          0   heapauxi.o
         4          0          0          0          0          0   hguard.o
         0          0          0          0          0          0   indicate_semi.o
       138          0          0          0          0          0   init_alloc.o
         2          0          0          0          0          0   libinit.o
        14          0          0          0          0          0   libinit2.o
         2          0          0          0          0          0   libshutdown.o
         2          0          0          0          0          0   libshutdown2.o
         8          4          0          0         96          0   libspace.o
         0          0          0          0          0          0   maybetermalloc1.o
        40          6          0          0          0          0   noretval__2sprintf.o
         8          4          0          0          0          0   rt_heap_descriptor_intlibspace.o
         2          0          0          0          0          0   rtexit.o
        10          0          0          0          0          0   rtexit2.o
       150          0          0          0          0          0   strncmp.o
        12          4          0          0          0          0   sys_exit.o
        74          0          0          0          0          0   sys_stackheap_outer.o
        14          0          0          0          0          0   sys_wrch.o
         2          0          0          0          0          0   use_no_semi.o
        10          0          0          0          0          0   fpinit.o

    ----------------------------------------------------------------------
      1910        114         58          0         96          0   Library Totals
        12          0          1          0          0          0   (incl. Padding)

    ----------------------------------------------------------------------

      Code (inc. data)   RO Data    RW Data    ZI Data      Debug   Library Name

      1888        114         57          0         96          0   c_w.l
        10          0          0          0          0          0   fz_wm.l

    ----------------------------------------------------------------------
      1910        114         58          0         96          0   Library Totals

    ----------------------------------------------------------------------

==============================================================================


      Code (inc. data)   RO Data    RW Data    ZI Data      Debug   

      8782       1174        482        264       2504          0   Grand Totals
      8782       1174        482        264       2504          0   ELF Image Totals
      8782       1174        482        264          0          0   ROM Totals

==============================================================================

    Total RO  Size (Code + RO Data)                 9264 (   9.05kB)
    Total RW  Size (RW Data + ZI Data)              2768 (   2.70kB)
    Total ROM Size (Code + RO Data + RW Data)       9528 (   9.30kB)

==============================================================================

